Archive member included to satisfy reference by file (symbol)

d:/siliconlabs/simplicitystudio/v5/developer/toolchains/gnu_arm/12.2.rel1_2023.7/bin/../lib/gcc/arm-none-eabi/12.2.1/thumb/v7e-m+fp/softfp\libgcc.a(_arm_muldf3.o)
                              ./wiseconnect3_sdk_3.5.2/components/device/silabs/si91x/mcu/drivers/unified_api/src/sl_si91x_bjt_temperature_sensor.o (__aeabi_dmul)
d:/siliconlabs/simplicitystudio/v5/developer/toolchains/gnu_arm/12.2.rel1_2023.7/bin/../lib/gcc/arm-none-eabi/12.2.1/thumb/v7e-m+fp/softfp\libgcc.a(_arm_addsubdf3.o)
                              ./wiseconnect3_sdk_3.5.2/components/device/silabs/si91x/mcu/drivers/unified_peripheral_drivers/src/sl_si91x_peripheral_i2c.o (__aeabi_dsub)
d:/siliconlabs/simplicitystudio/v5/developer/toolchains/gnu_arm/12.2.rel1_2023.7/bin/../lib/gcc/arm-none-eabi/12.2.1/thumb/v7e-m+fp/softfp\libgcc.a(_arm_muldivdf3.o)
                              ./wiseconnect3_sdk_3.5.2/components/device/silabs/si91x/mcu/drivers/peripheral_drivers/src/clock_update.o (__aeabi_ddiv)
d:/siliconlabs/simplicitystudio/v5/developer/toolchains/gnu_arm/12.2.rel1_2023.7/bin/../lib/gcc/arm-none-eabi/12.2.1/thumb/v7e-m+fp/softfp\libgcc.a(_arm_cmpdf2.o)
                              ./wiseconnect3_sdk_3.5.2/components/device/silabs/si91x/mcu/drivers/systemlevel/src/rsi_ipmu.o (__aeabi_dcmple)
d:/siliconlabs/simplicitystudio/v5/developer/toolchains/gnu_arm/12.2.rel1_2023.7/bin/../lib/gcc/arm-none-eabi/12.2.1/thumb/v7e-m+fp/softfp\libgcc.a(_arm_fixunsdfsi.o)
                              ./wiseconnect3_sdk_3.5.2/components/device/silabs/si91x/mcu/drivers/peripheral_drivers/src/clock_update.o (__aeabi_d2uiz)
d:/siliconlabs/simplicitystudio/v5/developer/toolchains/gnu_arm/12.2.rel1_2023.7/bin/../lib/gcc/arm-none-eabi/12.2.1/thumb/v7e-m+fp/softfp\libc_nano.a(libc_a-exit.o)
                              d:/siliconlabs/simplicitystudio/v5/developer/toolchains/gnu_arm/12.2.rel1_2023.7/bin/../lib/gcc/arm-none-eabi/12.2.1/thumb/v7e-m+fp/softfp/crt0.o (exit)
d:/siliconlabs/simplicitystudio/v5/developer/toolchains/gnu_arm/12.2.rel1_2023.7/bin/../lib/gcc/arm-none-eabi/12.2.1/thumb/v7e-m+fp/softfp\libc_nano.a(libc_a-nano-vfprintf_float.o)
                              (_printf_float)
d:/siliconlabs/simplicitystudio/v5/developer/toolchains/gnu_arm/12.2.rel1_2023.7/bin/../lib/gcc/arm-none-eabi/12.2.1/thumb/v7e-m+fp/softfp\libc_nano.a(libc_a-nano-vfprintf_i.o)
                              d:/siliconlabs/simplicitystudio/v5/developer/toolchains/gnu_arm/12.2.rel1_2023.7/bin/../lib/gcc/arm-none-eabi/12.2.1/thumb/v7e-m+fp/softfp\libc_nano.a(libc_a-nano-vfprintf_float.o) (_printf_common)
d:/siliconlabs/simplicitystudio/v5/developer/toolchains/gnu_arm/12.2.rel1_2023.7/bin/../lib/gcc/arm-none-eabi/12.2.1/thumb/v7e-m+fp/softfp\libc_nano.a(libc_a-findfp.o)
                              d:/siliconlabs/simplicitystudio/v5/developer/toolchains/gnu_arm/12.2.rel1_2023.7/bin/../lib/gcc/arm-none-eabi/12.2.1/thumb/v7e-m+fp/softfp\libc_nano.a(libc_a-exit.o) (__stdio_exit_handler)
d:/siliconlabs/simplicitystudio/v5/developer/toolchains/gnu_arm/12.2.rel1_2023.7/bin/../lib/gcc/arm-none-eabi/12.2.1/thumb/v7e-m+fp/softfp\libc_nano.a(libc_a-fwalk.o)
                              d:/siliconlabs/simplicitystudio/v5/developer/toolchains/gnu_arm/12.2.rel1_2023.7/bin/../lib/gcc/arm-none-eabi/12.2.1/thumb/v7e-m+fp/softfp\libc_nano.a(libc_a-findfp.o) (_fwalk_sglue)
d:/siliconlabs/simplicitystudio/v5/developer/toolchains/gnu_arm/12.2.rel1_2023.7/bin/../lib/gcc/arm-none-eabi/12.2.1/thumb/v7e-m+fp/softfp\libc_nano.a(libc_a-printf.o)
                              ./app.o (printf)
d:/siliconlabs/simplicitystudio/v5/developer/toolchains/gnu_arm/12.2.rel1_2023.7/bin/../lib/gcc/arm-none-eabi/12.2.1/thumb/v7e-m+fp/softfp\libc_nano.a(libc_a-puts.o)
                              ./app.o (puts)
d:/siliconlabs/simplicitystudio/v5/developer/toolchains/gnu_arm/12.2.rel1_2023.7/bin/../lib/gcc/arm-none-eabi/12.2.1/thumb/v7e-m+fp/softfp\libc_nano.a(libc_a-stdio.o)
                              d:/siliconlabs/simplicitystudio/v5/developer/toolchains/gnu_arm/12.2.rel1_2023.7/bin/../lib/gcc/arm-none-eabi/12.2.1/thumb/v7e-m+fp/softfp\libc_nano.a(libc_a-findfp.o) (__sread)
d:/siliconlabs/simplicitystudio/v5/developer/toolchains/gnu_arm/12.2.rel1_2023.7/bin/../lib/gcc/arm-none-eabi/12.2.1/thumb/v7e-m+fp/softfp\libc_nano.a(libc_a-wbuf.o)
                              d:/siliconlabs/simplicitystudio/v5/developer/toolchains/gnu_arm/12.2.rel1_2023.7/bin/../lib/gcc/arm-none-eabi/12.2.1/thumb/v7e-m+fp/softfp\libc_nano.a(libc_a-puts.o) (__swbuf_r)
d:/siliconlabs/simplicitystudio/v5/developer/toolchains/gnu_arm/12.2.rel1_2023.7/bin/../lib/gcc/arm-none-eabi/12.2.1/thumb/v7e-m+fp/softfp\libc_nano.a(libc_a-wsetup.o)
                              d:/siliconlabs/simplicitystudio/v5/developer/toolchains/gnu_arm/12.2.rel1_2023.7/bin/../lib/gcc/arm-none-eabi/12.2.1/thumb/v7e-m+fp/softfp\libc_nano.a(libc_a-puts.o) (__swsetup_r)
[...]
Memory Configuration

Name             Origin             Length             Attributes
rom              0x08202000         0x00800000         xr
ram              0x0000000c         0x0002fbf4         xrw
udma0            0x0002fc00         0x00000400         xrw
udma1            0x24061c00         0x00000400         xrw
*default*        0x00000000         0xffffffff

Linker script and memory map

LOAD d:/siliconlabs/simplicitystudio/v5/developer/toolchains/gnu_arm/12.2.rel1_2023.7/bin/../lib/gcc/arm-none-eabi/12.2.1/thumb/v7e-m+fp/softfp/crti.o
LOAD d:/siliconlabs/simplicitystudio/v5/developer/toolchains/gnu_arm/12.2.rel1_2023.7/bin/../lib/gcc/arm-none-eabi/12.2.1/thumb/v7e-m+fp/softfp/crtbegin.o
LOAD d:/siliconlabs/simplicitystudio/v5/developer/toolchains/gnu_arm/12.2.rel1_2023.7/bin/../lib/gcc/arm-none-eabi/12.2.1/thumb/v7e-m+fp/softfp/crt0.o
START GROUP
LOAD ./app.o
LOAD ./main.o
LOAD ./uink_thread.o
LOAD ./applications/src/uink_button.o
LOAD ./applications/src/uink_eink.o
LOAD ./applications/src/uink_led.o
LOAD ./autogen/sl_event_handler.o
LOAD ./autogen/sl_i2c_init.o
LOAD ./drivers/src/uink_aw9523b.o
LOAD ./drivers/src/uink_gd25wq64e.o
LOAD ./drivers/src/uink_pwr.o
LOAD ./drivers/src/uink_ssd.o
LOAD ./drivers/src/uink_ssd2683.o
LOAD ./peripherals/src/uink_gpio.o
LOAD ./peripherals/src/uink_i2c.o
LOAD ./peripherals/src/uink_spi.o
LOAD ./peripherals/src/uink_timer.o
LOAD ./simplicity_sdk_2025.6.3/platform/CMSIS/RTOS2/Source/os_systick.o
LOAD ./simplicity_sdk_2025.6.3/platform/common/src/sl_assert.o
LOAD ./simplicity_sdk_2025.6.3/platform/common/src/sl_cmsis_os2_common.o
LOAD ./simplicity_sdk_2025.6.3/platform/common/src/sl_syscalls.o
LOAD ./simplicity_sdk_2025.6.3/platform/service/sl_main/src/rtos/main_retarget.o
LOAD ./simplicity_sdk_2025.6.3/platform/service/sl_main/src/sl_main_init.o
LOAD ./simplicity_sdk_2025.6.3/platform/service/sl_main/src/sl_main_init_memory.o
LOAD ./simplicity_sdk_2025.6.3/platform/service/sl_main/src/sl_main_kernel.o
LOAD ./simplicity_sdk_2025.6.3/util/third_party/freertos/cmsis/Source/cmsis_os2.o
LOAD ./simplicity_sdk_2025.6.3/util/third_party/freertos/kernel/croutine.o
LOAD ./simplicity_sdk_2025.6.3/util/third_party/freertos/kernel/event_groups.o
LOAD ./simplicity_sdk_2025.6.3/util/third_party/freertos/kernel/list.o
LOAD ./simplicity_sdk_2025.6.3/util/third_party/freertos/kernel/queue.o
LOAD ./simplicity_sdk_2025.6.3/util/third_party/freertos/kernel/stream_buffer.o
LOAD ./simplicity_sdk_2025.6.3/util/third_party/freertos/kernel/tasks.o
LOAD ./simplicity_sdk_2025.6.3/util/third_party/freertos/kernel/timers.o
LOAD ./simplicity_sdk_2025.6.3/util/third_party/freertos/kernel/portable/GCC/ARM_CM4F/port.o
LOAD ./simplicity_sdk_2025.6.3/util/third_party/freertos/kernel/portable/MemMang/heap_4.o
LOAD ./temp/huffman.o
LOAD ./temp/pic_4color_2bit.o
LOAD ./wiseconnect3_sdk_3.5.2/components/device/silabs/si91x/mcu/core/chip/src/iPMU_prog/iPMU_dotc/ipmu_apis.o
LOAD ./wiseconnect3_sdk_3.5.2/components/device/silabs/si91x/mcu/core/chip/src/iPMU_prog/iPMU_dotc/rsi_system_config_917.o
LOAD ./wiseconnect3_sdk_3.5.2/components/device/silabs/si91x/mcu/core/chip/src/rsi_deepsleep_soc.o
LOAD ./wiseconnect3_sdk_3.5.2/components/device/silabs/si91x/mcu/core/chip/src/rsi_ps_ram_func.o
LOAD ./wiseconnect3_sdk_3.5.2/components/device/silabs/si91x/mcu/core/chip/src/startup_si91x.o
LOAD ./wiseconnect3_sdk_3.5.2/components/device/silabs/si91x/mcu/core/chip/src/system_si91x.o
LOAD ./wiseconnect3_sdk_3.5.2/components/device/silabs/si91x/mcu/core/common/src/rsi_debug.o
LOAD ./wiseconnect3_sdk_3.5.2/components/device/silabs/si91x/mcu/core/common/src/sl_si91x_stack_object_declare.o
LOAD ./wiseconnect3_sdk_3.5.2/components/device/silabs/si91x/mcu/core/common/src/syscalls.o
LOAD ./wiseconnect3_sdk_3.5.2/components/device/silabs/si91x/mcu/core/config/src/rsi_nvic_priorities_config.o
LOAD ./wiseconnect3_sdk_3.5.2/components/device/silabs/si91x/mcu/drivers/cmsis_driver/GSPI.o
LOAD ./wiseconnect3_sdk_3.5.2/components/device/silabs/si91x/mcu/drivers/cmsis_driver/UDMA.o
LOAD ./wiseconnect3_sdk_3.5.2/components/device/silabs/si91x/mcu/drivers/cmsis_driver/USART.o
LOAD ./wiseconnect3_sdk_3.5.2/components/device/silabs/si91x/mcu/drivers/peripheral_drivers/src/aux_reference_volt_config.o
LOAD ./wiseconnect3_sdk_3.5.2/components/device/silabs/si91x/mcu/drivers/peripheral_drivers/src/clock_update.o
LOAD ./wiseconnect3_sdk_3.5.2/components/device/silabs/si91x/mcu/drivers/peripheral_drivers/src/rsi_adc.o
LOAD ./wiseconnect3_sdk_3.5.2/components/device/silabs/si91x/mcu/drivers/peripheral_drivers/src/rsi_crc.o
LOAD ./wiseconnect3_sdk_3.5.2/components/device/silabs/si91x/mcu/drivers/peripheral_drivers/src/rsi_ct.o
LOAD ./wiseconnect3_sdk_3.5.2/components/device/silabs/si91x/mcu/drivers/peripheral_drivers/src/rsi_dac.o
LOAD ./wiseconnect3_sdk_3.5.2/components/device/silabs/si91x/mcu/drivers/peripheral_drivers/src/rsi_egpio.o
LOAD ./wiseconnect3_sdk_3.5.2/components/device/silabs/si91x/mcu/drivers/peripheral_drivers/src/rsi_gspi.o
LOAD ./wiseconnect3_sdk_3.5.2/components/device/silabs/si91x/mcu/drivers/peripheral_drivers/src/rsi_opamp.o
LOAD ./wiseconnect3_sdk_3.5.2/components/device/silabs/si91x/mcu/drivers/peripheral_drivers/src/rsi_qspi.o
LOAD ./wiseconnect3_sdk_3.5.2/components/device/silabs/si91x/mcu/drivers/peripheral_drivers/src/rsi_timers.o
LOAD ./wiseconnect3_sdk_3.5.2/components/device/silabs/si91x/mcu/drivers/peripheral_drivers/src/rsi_udma.o
LOAD ./wiseconnect3_sdk_3.5.2/components/device/silabs/si91x/mcu/drivers/peripheral_drivers/src/rsi_udma_wrapper.o
LOAD ./wiseconnect3_sdk_3.5.2/components/device/silabs/si91x/mcu/drivers/peripheral_drivers/src/rsi_usart.o
LOAD ./wiseconnect3_sdk_3.5.2/components/device/silabs/si91x/mcu/drivers/service/clock_manager/src/sl_si91x_clock_manager.o
LOAD ./wiseconnect3_sdk_3.5.2/components/device/silabs/si91x/mcu/drivers/systemlevel/src/rsi_bod.o
LOAD ./wiseconnect3_sdk_3.5.2/components/device/silabs/si91x/mcu/drivers/systemlevel/src/rsi_ipmu.o
LOAD ./wiseconnect3_sdk_3.5.2/components/device/silabs/si91x/mcu/drivers/systemlevel/src/rsi_pll.o
LOAD ./wiseconnect3_sdk_3.5.2/components/device/silabs/si91x/mcu/drivers/systemlevel/src/rsi_rtc.o
LOAD ./wiseconnect3_sdk_3.5.2/components/device/silabs/si91x/mcu/drivers/systemlevel/src/rsi_temp_sensor.o
LOAD ./wiseconnect3_sdk_3.5.2/components/device/silabs/si91x/mcu/drivers/systemlevel/src/rsi_time_period.o
LOAD ./wiseconnect3_sdk_3.5.2/components/device/silabs/si91x/mcu/drivers/systemlevel/src/rsi_ulpss_clk.o
LOAD ./wiseconnect3_sdk_3.5.2/components/device/silabs/si91x/mcu/drivers/unified_api/src/rsi_d_cache.o
LOAD ./wiseconnect3_sdk_3.5.2/components/device/silabs/si91x/mcu/drivers/unified_api/src/sl_si91x_adc.o
LOAD ./wiseconnect3_sdk_3.5.2/components/device/silabs/si91x/mcu/drivers/unified_api/src/sl_si91x_bjt_temperature_sensor.o
LOAD ./wiseconnect3_sdk_3.5.2/components/device/silabs/si91x/mcu/drivers/unified_api/src/sl_si91x_config_timer.o
LOAD ./wiseconnect3_sdk_3.5.2/components/device/silabs/si91x/mcu/drivers/unified_api/src/sl_si91x_dma.o
LOAD ./wiseconnect3_sdk_3.5.2/components/device/silabs/si91x/mcu/drivers/unified_api/src/sl_si91x_driver_gpio.o
LOAD ./wiseconnect3_sdk_3.5.2/components/device/silabs/si91x/mcu/drivers/unified_api/src/sl_si91x_gspi.o
LOAD ./wiseconnect3_sdk_3.5.2/components/device/silabs/si91x/mcu/drivers/unified_api/src/sl_si91x_i2c.o
LOAD ./wiseconnect3_sdk_3.5.2/components/device/silabs/si91x/mcu/drivers/unified_api/src/sl_si91x_psram.o
LOAD ./wiseconnect3_sdk_3.5.2/components/device/silabs/si91x/mcu/drivers/unified_api/src/sl_si91x_psram_handle.o
LOAD ./wiseconnect3_sdk_3.5.2/components/device/silabs/si91x/mcu/drivers/unified_api/src/sl_si91x_usart.o
LOAD ./wiseconnect3_sdk_3.5.2/components/device/silabs/si91x/mcu/drivers/unified_peripheral_drivers/src/sl_si91x_peripheral_gpio.o
LOAD ./wiseconnect3_sdk_3.5.2/components/device/silabs/si91x/mcu/drivers/unified_peripheral_drivers/src/sl_si91x_peripheral_i2c.o
LOAD d:/siliconlabs/simplicitystudio/v5/developer/toolchains/gnu_arm/12.2.rel1_2023.7/bin/../lib/gcc/arm-none-eabi/12.2.1/thumb/v7e-m+fp/softfp\libgcc.a
LOAD d:/siliconlabs/simplicitystudio/v5/developer/toolchains/gnu_arm/12.2.rel1_2023.7/bin/../lib/gcc/arm-none-eabi/12.2.1/thumb/v7e-m+fp/softfp\libnosys.a
END GROUP
START GROUP
LOAD d:/siliconlabs/simplicitystudio/v5/developer/toolchains/gnu_arm/12.2.rel1_2023.7/bin/../lib/gcc/arm-none-eabi/12.2.1/thumb/v7e-m+fp/softfp\libgcc.a
LOAD d:/siliconlabs/simplicitystudio/v5/developer/toolchains/gnu_arm/12.2.rel1_2023.7/bin/../lib/gcc/arm-none-eabi/12.2.1/thumb/v7e-m+fp/softfp\libc_nano.a
LOAD d:/siliconlabs/simplicitystudio/v5/developer/toolchains/gnu_arm/12.2.rel1_2023.7/bin/../lib/gcc/arm-none-eabi/12.2.1/thumb/v7e-m+fp/softfp\libnosys.a
END GROUP
LOAD d:/siliconlabs/simplicitystudio/v5/developer/toolchains/gnu_arm/12.2.rel1_2023.7/bin/../lib/gcc/arm-none-eabi/12.2.1/thumb/v7e-m+fp/softfp\libstdc++_nano.a
LOAD d:/siliconlabs/simplicitystudio/v5/developer/toolchains/gnu_arm/12.2.rel1_2023.7/bin/../lib/gcc/arm-none-eabi/12.2.1/thumb/v7e-m+fp/softfp\libm.a
LOAD d:/siliconlabs/simplicitystudio/v5/developer/toolchains/gnu_arm/12.2.rel1_2023.7/bin/../lib/gcc/arm-none-eabi/12.2.1/thumb/v7e-m+fp/softfp\libc_nano.a
START GROUP
LOAD d:/siliconlabs/simplicitystudio/v5/developer/toolchains/gnu_arm/12.2.rel1_2023.7/bin/../lib/gcc/arm-none-eabi/12.2.1/thumb/v7e-m+fp/softfp\libgcc.a
LOAD d:/siliconlabs/simplicitystudio/v5/developer/toolchains/gnu_arm/12.2.rel1_2023.7/bin/../lib/gcc/arm-none-eabi/12.2.1/thumb/v7e-m+fp/softfp\libg_nano.a
LOAD d:/siliconlabs/simplicitystudio/v5/developer/toolchains/gnu_arm/12.2.rel1_2023.7/bin/../lib/gcc/arm-none-eabi/12.2.1/thumb/v7e-m+fp/softfp\libc_nano.a
END GROUP
START GROUP
LOAD d:/siliconlabs/simplicitystudio/v5/developer/toolchains/gnu_arm/12.2.rel1_2023.7/bin/../lib/gcc/arm-none-eabi/12.2.1/thumb/v7e-m+fp/softfp\libgcc.a
LOAD d:/siliconlabs/simplicitystudio/v5/developer/toolchains/gnu_arm/12.2.rel1_2023.7/bin/../lib/gcc/arm-none-eabi/12.2.1/thumb/v7e-m+fp/softfp\libc_nano.a
LOAD d:/siliconlabs/simplicitystudio/v5/developer/toolchains/gnu_arm/12.2.rel1_2023.7/bin/../lib/gcc/arm-none-eabi/12.2.1/thumb/v7e-m+fp/softfp\libnosys.a
END GROUP
START GROUP
LOAD d:/siliconlabs/simplicitystudio/v5/developer/toolchains/gnu_arm/12.2.rel1_2023.7/bin/../lib/gcc/arm-none-eabi/12.2.1/thumb/v7e-m+fp/softfp\libgcc.a
LOAD d:/siliconlabs/simplicitystudio/v5/developer/toolchains/gnu_arm/12.2.rel1_2023.7/bin/../lib/gcc/arm-none-eabi/12.2.1/thumb/v7e-m+fp/softfp\libc_nano.a
LOAD d:/siliconlabs/simplicitystudio/v5/developer/toolchains/gnu_arm/12.2.rel1_2023.7/bin/../lib/gcc/arm-none-eabi/12.2.1/thumb/v7e-m+fp/softfp\libnosys.a
END GROUP
LOAD d:/siliconlabs/simplicitystudio/v5/developer/toolchains/gnu_arm/12.2.rel1_2023.7/bin/../lib/gcc/arm-none-eabi/12.2.1/thumb/v7e-m+fp/softfp/crtend.o
LOAD d:/siliconlabs/simplicitystudio/v5/developer/toolchains/gnu_arm/12.2.rel1_2023.7/bin/../lib/gcc/arm-none-eabi/12.2.1/thumb/v7e-m+fp/softfp/crtn.o

.text           0x08202000    0x15b20
 *(.isr_vector)
 .isr_vector    0x08202000      0x16c ./wiseconnect3_sdk_3.5.2/components/device/silabs/si91x/mcu/core/chip/src/startup_si91x.o
                0x08202000                __Vectors
                0x08202180                . = ALIGN (0x20)
 *fill*         0x0820216c       0x14 
 *(EXCLUDE_FILE(*tasks.o *UDMA.o) .text*)
 .text.deregister_tm_clones
                0x08202180       0x1c d:/siliconlabs/simplicitystudio/v5/developer/toolchains/gnu_arm/12.2.rel1_2023.7/bin/../lib/gcc/arm-none-eabi/12.2.1/thumb/v7e-m+fp/softfp/crtbegin.o
 .text.register_tm_clones
                0x0820219c       0x24 d:/siliconlabs/simplicitystudio/v5/developer/toolchains/gnu_arm/12.2.rel1_2023.7/bin/../lib/gcc/arm-none-eabi/12.2.1/thumb/v7e-m+fp/softfp/crtbegin.o
 .text.__do_global_dtors_aux
                0x082021c0       0x28 d:/siliconlabs/simplicitystudio/v5/developer/toolchains/gnu_arm/12.2.rel1_2023.7/bin/../lib/gcc/arm-none-eabi/12.2.1/thumb/v7e-m+fp/softfp/crtbegin.o
 .text.frame_dummy
                0x082021e8       0x24 d:/siliconlabs/simplicitystudio/v5/developer/toolchains/gnu_arm/12.2.rel1_2023.7/bin/../lib/gcc/arm-none-eabi/12.2.1/thumb/v7e-m+fp/softfp/crtbegin.o
 .text.app_init
                0x0820220c       0x58 ./app.o
                0x0820220c                app_init
 .text.app_process_action
                0x08202264        0x2 ./app.o
                0x08202264                app_process_action
 .text.startup.main
                0x08202266       0x14 ./main.o
                0x08202266                main
 *fill*         0x0820227a        0x2 
 .text.thread_init
                0x0820227c       0x44 ./uink_thread.o
                0x0820227c                thread_init
 .text.button_init
                0x082022c0       0x24 ./applications/src/uink_button.o
                0x082022c0                button_init
 .text.button_scan
                0x082022e4      0x10c ./applications/src/uink_button.o
                0x082022e4                button_scan
 .text.button_thread
                0x082023f0       0x34 ./applications/src/uink_button.o
                0x082023f0                button_thread
 .text.eink_init
                0x08202424       0x18 ./applications/src/uink_eink.o
                0x08202424                eink_init
 .text.eink_thread
                0x0820243c       0xa8 ./applications/src/uink_eink.o
                0x0820243c                eink_thread
 .text.led_init
                0x082024e4       0x40 ./applications/src/uink_led.o
                0x082024e4                led_init
 .text.led_red_on
                0x08202524        0xa ./applications/src/uink_led.o
                0x08202524                led_red_on
 .text.led_red_off
                0x0820252e        0xa ./applications/src/uink_led.o
                0x0820252e                led_red_off
 .text.led_green_on
                0x08202538        0xa ./applications/src/uink_led.o
                0x08202538                led_green_on
 .text.led_green_off
                0x08202542        0xa ./applications/src/uink_led.o
                0x08202542                led_green_off
 .text.led_thread
                0x0820254c       0x40 ./applications/src/uink_led.o
                0x0820254c                led_thread
 .text.sli_driver_permanent_allocation
                0x0820258c        0x2 ./autogen/sl_event_handler.o
                0x0820258c                sli_driver_permanent_allocation
 .text.sli_service_permanent_allocation
                0x0820258e        0x2 ./autogen/sl_event_handler.o
                0x0820258e                sli_service_permanent_allocation
 .text.sli_stack_permanent_allocation
                0x08202590        0x2 ./autogen/sl_event_handler.o
                0x08202590                sli_stack_permanent_allocation
 .text.sli_internal_permanent_allocation
                0x08202592        0x2 ./autogen/sl_event_handler.o
                0x08202592                sli_internal_permanent_allocation
 .text.sl_platform_init
                0x08202594       0x12 ./autogen/sl_event_handler.o
                0x08202594                sl_platform_init
 .text.sli_internal_init_early
                0x082025a6        0x2 ./autogen/sl_event_handler.o
                0x082025a6                sli_internal_init_early
 .text.sl_kernel_start
                0x082025a8        0x4 ./autogen/sl_event_handler.o
                0x082025a8                sl_kernel_start
 .text.sl_driver_init
                0x082025ac        0x4 ./autogen/sl_event_handler.o
                0x082025ac                sl_driver_init
 .text.sl_service_init
                0x082025b0        0x2 ./autogen/sl_event_handler.o
                0x082025b0                sl_service_init
 .text.sl_stack_init
                0x082025b2        0x2 ./autogen/sl_event_handler.o
                0x082025b2                sl_stack_init
 .text.sl_internal_app_init
                0x082025b4        0x2 ./autogen/sl_event_handler.o
                0x082025b4                sl_internal_app_init
 *fill*         0x082025b6        0x2 
 .text.sl_i2c_init_instances
                0x082025b8        0xc ./autogen/sl_i2c_init.o
                0x082025b8                sl_i2c_init_instances
 .text.aw9523b_init
                0x082025c4       0x20 ./drivers/src/uink_aw9523b.o
                0x082025c4                aw9523b_init
 .text.aw9523b_gpio_config
                0x082025e4      0x154 ./drivers/src/uink_aw9523b.o
                0x082025e4                aw9523b_gpio_config
 .text.aw9523b_gpio_pin_setOutput
                0x08202738       0x44 ./drivers/src/uink_aw9523b.o
                0x08202738                aw9523b_gpio_pin_setOutput
 .text.aw9523b_gpio_pin_setStrength
                0x0820277c       0x28 ./drivers/src/uink_aw9523b.o
                0x0820277c                aw9523b_gpio_pin_setStrength
 .text.gd25wq64e_read_sr1
                0x082027a4       0x30 ./drivers/src/uink_gd25wq64e.o
                0x082027a4                gd25wq64e_read_sr1
 .text.gd25wq64e_wait_busy
                0x082027d4       0x18 ./drivers/src/uink_gd25wq64e.o
                0x082027d4                gd25wq64e_wait_busy
 .text.gd25wq64e_write_enable
                0x082027ec       0x2a ./drivers/src/uink_gd25wq64e.o
                0x082027ec                gd25wq64e_write_enable
 .text.gd25wq64e_erase_block_32k
                0x08202816       0x3a ./drivers/src/uink_gd25wq64e.o
                0x08202816                gd25wq64e_erase_block_32k
 .text.gd25wq64e_write_page
                0x08202850       0x46 ./drivers/src/uink_gd25wq64e.o
                0x08202850                gd25wq64e_write_page
 .text.gd25wq64e_write
                0x08202896       0x3e ./drivers/src/uink_gd25wq64e.o
                0x08202896                gd25wq64e_write
 .text.gd25wq64e_read_page
                0x082028d4       0x3e ./drivers/src/uink_gd25wq64e.o
                0x082028d4                gd25wq64e_read_page
 .text.gd25wq64e_read
                0x08202912       0x3e ./drivers/src/uink_gd25wq64e.o
                0x08202912                gd25wq64e_read
 .text.pwr_ctrl_eink_on
                0x08202950        0x8 ./drivers/src/uink_pwr.o
                0x08202950                pwr_ctrl_eink_on
 .text.pwr_ctrl_gt_on
                0x08202958        0xc ./drivers/src/uink_pwr.o
                0x08202958                pwr_ctrl_gt_on
 .text.pwr_init
                0x08202964       0x38 ./drivers/src/uink_pwr.o
                0x08202964                pwr_init
 .text.ssd_init
                0x0820299c       0x40 ./drivers/src/uink_ssd.o
                0x0820299c                ssd_init
 .text.ssd_wait_busy
                0x082029dc       0x20 ./drivers/src/uink_ssd.o
                0x082029dc                ssd_wait_busy
 .text.ssd_reset
                0x082029fc       0x28 ./drivers/src/uink_ssd.o
                0x082029fc                ssd_reset
 .text.ssd_send_command
                0x08202a24       0x34 ./drivers/src/uink_ssd.o
                0x08202a24                ssd_send_command
 .text.ssd_send_data
                0x08202a58       0x34 ./drivers/src/uink_ssd.o
                0x08202a58                ssd_send_data
 .text.ssd_send_datas
                0x08202a8c       0x30 ./drivers/src/uink_ssd.o
                0x08202a8c                ssd_send_datas
 .text.ssd2683_init
                0x08202abc       0x72 ./drivers/src/uink_ssd2683.o
                0x08202abc                ssd2683_init
 .text.ssd2683_power_on
                0x08202b2e       0x14 ./drivers/src/uink_ssd2683.o
                0x08202b2e                ssd2683_power_on
 .text.ssd2683_power_off
                0x08202b42       0x20 ./drivers/src/uink_ssd2683.o
                0x08202b42                ssd2683_power_off
 .text.ssd2683_refresh
                0x08202b62       0x1e ./drivers/src/uink_ssd2683.o
                0x08202b62                ssd2683_refresh
 .text.ssd2683_display_image
                0x08202b80       0x20 ./drivers/src/uink_ssd2683.o
                0x08202b80                ssd2683_display_image
 .text.ssd2683_display_clear
                0x08202ba0       0x40 ./drivers/src/uink_ssd2683.o
                0x08202ba0                ssd2683_display_clear
 .text.sl_gpio_validation
                0x08202be0       0x3e ./peripherals/src/uink_gpio.o
 .text.gpio_pin_config
                0x08202c1e       0x32 ./peripherals/src/uink_gpio.o
                0x08202c1e                gpio_pin_config
 .text.gpio_reset_pin
                0x08202c50       0xa8 ./peripherals/src/uink_gpio.o
                0x08202c50                gpio_reset_pin
 .text.gpio_set_pin
                0x08202cf8       0xa8 ./peripherals/src/uink_gpio.o
                0x08202cf8                gpio_set_pin
 .text.gpio_read_pin
                0x08202da0       0xac ./peripherals/src/uink_gpio.o
                0x08202da0                gpio_read_pin
 .text.gpio_init
                0x08202e4c        0x4 ./peripherals/src/uink_gpio.o
                0x08202e4c                gpio_init
 .text.i2c_init
                0x08202e50       0x2c ./peripherals/src/uink_i2c.o
                0x08202e50                i2c_init
 .text.i2c_send
                0x08202e7c        0xc ./peripherals/src/uink_i2c.o
                0x08202e7c                i2c_send
 .text.callback_event
                0x08202e88       0x10 ./peripherals/src/uink_spi.o
 .text.gspi_cs_low
                0x08202e98       0x10 ./peripherals/src/uink_spi.o
                0x08202e98                gspi_cs_low
 .text.gspi_cs_high
                0x08202ea8       0x10 ./peripherals/src/uink_spi.o
                0x08202ea8                gspi_cs_high
 .text.gspi_init
                0x08202eb8       0x6c ./peripherals/src/uink_spi.o
                0x08202eb8                gspi_init
 .text.gspi_write
                0x08202f24        0xc ./peripherals/src/uink_spi.o
                0x08202f24                gspi_write
 .text.gspi_read
                0x08202f30        0xc ./peripherals/src/uink_spi.o
                0x08202f30                gspi_read
 .text.__wrap_main
                0x08202f3c        0xc ./simplicity_sdk_2025.6.3/platform/service/sl_main/src/rtos/main_retarget.o
                0x08202f3c                __wrap_main
 .text.app_init_pre_clock
                0x08202f48        0x2 ./simplicity_sdk_2025.6.3/platform/service/sl_main/src/sl_main_init.o
                0x08202f48                app_init_pre_clock
 .text.app_init_early
                0x08202f4a        0x2 ./simplicity_sdk_2025.6.3/platform/service/sl_main/src/sl_main_init.o
                0x08202f4a                app_init_early
 .text.sl_main_second_stage_init
                0x08202f4c       0x1a ./simplicity_sdk_2025.6.3/platform/service/sl_main/src/sl_main_init.o
                0x08202f4c                sl_main_second_stage_init
 .text.sl_main_init
                0x08202f66       0x26 ./simplicity_sdk_2025.6.3/platform/service/sl_main/src/sl_main_init.o
                0x08202f66                sl_main_init
 .text.app_permanent_memory_alloc
                0x08202f8c        0x2 ./simplicity_sdk_2025.6.3/platform/service/sl_main/src/sl_main_init_memory.o
                0x08202f8c                app_permanent_memory_alloc
 .text.sli_allocate_permanent_memory
                0x08202f8e       0x18 ./simplicity_sdk_2025.6.3/platform/service/sl_main/src/sl_main_init_memory.o
                0x08202f8e                sli_allocate_permanent_memory
 *fill*         0x08202fa6        0x2 
 .text.start_task_handler
                0x08202fa8       0x18 ./simplicity_sdk_2025.6.3/platform/service/sl_main/src/sl_main_kernel.o
 .text.sli_main_kernel_start_task_initialize
                0x08202fc0       0x34 ./simplicity_sdk_2025.6.3/platform/service/sl_main/src/sl_main_kernel.o
                0x08202fc0                sli_main_kernel_start_task_initialize
 .text.sl_main_kernel_start
                0x08202ff4        0x4 ./simplicity_sdk_2025.6.3/platform/service/sl_main/src/sl_main_kernel.o
                0x08202ff4                sl_main_kernel_start
 .text.sl_main_start_task_should_continue
                0x08202ff8        0x4 ./simplicity_sdk_2025.6.3/platform/service/sl_main/src/sl_main_kernel.o
                0x08202ff8                sl_main_start_task_should_continue
 .text.IRQ_Context
                0x08202ffc       0x2a ./simplicity_sdk_2025.6.3/util/third_party/freertos/cmsis/Source/cmsis_os2.o
 .text.SysTick_Handler
                0x08203026       0x1a ./simplicity_sdk_2025.6.3/util/third_party/freertos/cmsis/Source/cmsis_os2.o
                0x08203026                SysTick_Handler
 .text.osKernelInitialize
                0x08203040       0x2c ./simplicity_sdk_2025.6.3/util/third_party/freertos/cmsis/Source/cmsis_os2.o
                0x08203040                osKernelInitialize
 .text.osKernelGetState
                0x0820306c       0x20 ./simplicity_sdk_2025.6.3/util/third_party/freertos/cmsis/Source/cmsis_os2.o
                0x0820306c                osKernelGetState
 .text.osKernelStart
                0x0820308c       0x38 ./simplicity_sdk_2025.6.3/util/third_party/freertos/cmsis/Source/cmsis_os2.o
                0x0820308c                osKernelStart
 .text.osKernelGetTickCount
                0x082030c4       0x18 ./simplicity_sdk_2025.6.3/util/third_party/freertos/cmsis/Source/cmsis_os2.o
                0x082030c4                osKernelGetTickCount
 .text.osThreadNew
                0x082030dc       0xaa ./simplicity_sdk_2025.6.3/util/third_party/freertos/cmsis/Source/cmsis_os2.o
                0x082030dc                osThreadNew
 .text.osThreadTerminate
                0x08203186       0x34 ./simplicity_sdk_2025.6.3/util/third_party/freertos/cmsis/Source/cmsis_os2.o
                0x08203186                osThreadTerminate
 .text.osDelay  0x082031ba       0x1c ./simplicity_sdk_2025.6.3/util/third_party/freertos/cmsis/Source/cmsis_os2.o
                0x082031ba                osDelay
 .text.osMutexNew
                0x082031d6       0x7a ./simplicity_sdk_2025.6.3/util/third_party/freertos/cmsis/Source/cmsis_os2.o
                0x082031d6                osMutexNew
 .text.osMutexAcquire
                0x08203250       0x4a ./simplicity_sdk_2025.6.3/util/third_party/freertos/cmsis/Source/cmsis_os2.o
                0x08203250                osMutexAcquire
 .text.osMutexRelease
                0x0820329a       0x44 ./simplicity_sdk_2025.6.3/util/third_party/freertos/cmsis/Source/cmsis_os2.o
                0x0820329a                osMutexRelease
 .text.osSemaphoreNew
                0x082032de       0xa2 ./simplicity_sdk_2025.6.3/util/third_party/freertos/cmsis/Source/cmsis_os2.o
                0x082032de                osSemaphoreNew
 .text.osSemaphoreAcquire
                0x08203380       0x64 ./simplicity_sdk_2025.6.3/util/third_party/freertos/cmsis/Source/cmsis_os2.o
                0x08203380                osSemaphoreAcquire
 .text.osSemaphoreRelease
                0x082033e4       0x58 ./simplicity_sdk_2025.6.3/util/third_party/freertos/cmsis/Source/cmsis_os2.o
                0x082033e4                osSemaphoreRelease
 .text.osMessageQueueNew
                0x0820343c       0x80 ./simplicity_sdk_2025.6.3/util/third_party/freertos/cmsis/Source/cmsis_os2.o
                0x0820343c                osMessageQueueNew
 .text.osMessageQueuePut
                0x082034bc       0x70 ./simplicity_sdk_2025.6.3/util/third_party/freertos/cmsis/Source/cmsis_os2.o
                0x082034bc                osMessageQueuePut
 .text.osMessageQueueGet
                0x0820352c       0x6c ./simplicity_sdk_2025.6.3/util/third_party/freertos/cmsis/Source/cmsis_os2.o
                0x0820352c                osMessageQueueGet
 .text.vApplicationGetIdleTaskMemory
                0x08203598       0x18 ./simplicity_sdk_2025.6.3/util/third_party/freertos/cmsis/Source/cmsis_os2.o
                0x08203598                vApplicationGetIdleTaskMemory
 .text.vApplicationGetTimerTaskMemory
                0x082035b0       0x18 ./simplicity_sdk_2025.6.3/util/third_party/freertos/cmsis/Source/cmsis_os2.o
                0x082035b0                vApplicationGetTimerTaskMemory
 .text.vListInitialise
                0x082035c8       0x16 ./simplicity_sdk_2025.6.3/util/third_party/freertos/kernel/list.o
                0x082035c8                vListInitialise
 .text.vListInitialiseItem
                0x082035de        0x6 ./simplicity_sdk_2025.6.3/util/third_party/freertos/kernel/list.o
                0x082035de                vListInitialiseItem
 .text.vListInsertEnd
                0x082035e4       0x16 ./simplicity_sdk_2025.6.3/util/third_party/freertos/kernel/list.o
                0x082035e4                vListInsertEnd
 .text.vListInsert
                0x082035fa       0x2e ./simplicity_sdk_2025.6.3/util/third_party/freertos/kernel/list.o
                0x082035fa                vListInsert
 .text.uxListRemove
                0x08203628       0x1e ./simplicity_sdk_2025.6.3/util/third_party/freertos/kernel/list.o
                0x08203628                uxListRemove
 .text.prvIsQueueEmpty
                0x08203646       0x16 ./simplicity_sdk_2025.6.3/util/third_party/freertos/kernel/queue.o
 .text.prvCopyDataToQueue
                0x0820365c       0x66 ./simplicity_sdk_2025.6.3/util/third_party/freertos/kernel/queue.o
 .text.prvCopyDataFromQueue
                0x082036c2       0x2c ./simplicity_sdk_2025.6.3/util/third_party/freertos/kernel/queue.o
 .text.prvUnlockQueue
                0x082036ee       0x70 ./simplicity_sdk_2025.6.3/util/third_party/freertos/kernel/queue.o
 .text.xQueueGenericReset
                0x0820375e       0x9a ./simplicity_sdk_2025.6.3/util/third_party/freertos/kernel/queue.o
                0x0820375e                xQueueGenericReset
 .text.xQueueGenericCreateStatic
                0x082037f8       0x82 ./simplicity_sdk_2025.6.3/util/third_party/freertos/kernel/queue.o
                0x082037f8                xQueueGenericCreateStatic
 .text.xQueueGenericCreate
                0x0820387a       0x60 ./simplicity_sdk_2025.6.3/util/third_party/freertos/kernel/queue.o
                0x0820387a                xQueueGenericCreate
 .text.xQueueCreateCountingSemaphoreStatic
                0x082038da       0x32 ./simplicity_sdk_2025.6.3/util/third_party/freertos/kernel/queue.o
                0x082038da                xQueueCreateCountingSemaphoreStatic
 .text.xQueueCreateCountingSemaphore
                0x0820390c       0x2a ./simplicity_sdk_2025.6.3/util/third_party/freertos/kernel/queue.o
                0x0820390c                xQueueCreateCountingSemaphore
 .text.xQueueGenericSend
                0x08203936      0x178 ./simplicity_sdk_2025.6.3/util/third_party/freertos/kernel/queue.o
                0x08203936                xQueueGenericSend
 .text.xQueueCreateMutexStatic
                0x08203aae       0x2a ./simplicity_sdk_2025.6.3/util/third_party/freertos/kernel/queue.o
                0x08203aae                xQueueCreateMutexStatic
 .text.xQueueGiveMutexRecursive
                0x08203ad8       0x3e ./simplicity_sdk_2025.6.3/util/third_party/freertos/kernel/queue.o
                0x08203ad8                xQueueGiveMutexRecursive
 .text.xQueueCreateMutex
                0x08203b16       0x24 ./simplicity_sdk_2025.6.3/util/third_party/freertos/kernel/queue.o
                0x08203b16                xQueueCreateMutex
 .text.xQueueGenericSendFromISR
                0x08203b3a       0xd8 ./simplicity_sdk_2025.6.3/util/third_party/freertos/kernel/queue.o
                0x08203b3a                xQueueGenericSendFromISR
 .text.xQueueGiveFromISR
                0x08203c12       0xc0 ./simplicity_sdk_2025.6.3/util/third_party/freertos/kernel/queue.o
                0x08203c12                xQueueGiveFromISR
 .text.xQueueReceive
                0x08203cd2      0x13e ./simplicity_sdk_2025.6.3/util/third_party/freertos/kernel/queue.o
                0x08203cd2                xQueueReceive
 .text.xQueueSemaphoreTake
                0x08203e10      0x168 ./simplicity_sdk_2025.6.3/util/third_party/freertos/kernel/queue.o
                0x08203e10                xQueueSemaphoreTake
 .text.xQueueTakeMutexRecursive
                0x08203f78       0x42 ./simplicity_sdk_2025.6.3/util/third_party/freertos/kernel/queue.o
                0x08203f78                xQueueTakeMutexRecursive
 .text.xQueueReceiveFromISR
                0x08203fba       0xb8 ./simplicity_sdk_2025.6.3/util/third_party/freertos/kernel/queue.o
                0x08203fba                xQueueReceiveFromISR
 *fill*         0x08204072        0x2 
 .text.vQueueAddToRegistry
                0x08204074       0x50 ./simplicity_sdk_2025.6.3/util/third_party/freertos/kernel/queue.o
                0x08204074                vQueueAddToRegistry
 .text.vQueueUnregisterQueue
                0x082040c4       0x44 ./simplicity_sdk_2025.6.3/util/third_party/freertos/kernel/queue.o
                0x082040c4                vQueueUnregisterQueue
 .text.vQueueDelete
                0x08204108       0x2a ./simplicity_sdk_2025.6.3/util/third_party/freertos/kernel/queue.o
                0x08204108                vQueueDelete
 .text.vQueueWaitForMessageRestricted
                0x08204132       0x46 ./simplicity_sdk_2025.6.3/util/third_party/freertos/kernel/queue.o
                0x08204132                vQueueWaitForMessageRestricted
 .text.prvInsertTimerInActiveList
                0x08204178       0x3c ./simplicity_sdk_2025.6.3/util/third_party/freertos/kernel/timers.o
 .text.prvReloadTimer
                0x082041b4       0x26 ./simplicity_sdk_2025.6.3/util/third_party/freertos/kernel/timers.o
 *fill*         0x082041da        0x2 
 .text.prvProcessExpiredTimer
                0x082041dc       0x40 ./simplicity_sdk_2025.6.3/util/third_party/freertos/kernel/timers.o
 .text.prvSampleTimeNow
                0x0820421c       0x4c ./simplicity_sdk_2025.6.3/util/third_party/freertos/kernel/timers.o
 .text.prvTimerTask
                0x08204268      0x180 ./simplicity_sdk_2025.6.3/util/third_party/freertos/kernel/timers.o
 .text.prvCheckForValidListAndQueue
                0x082043e8       0x68 ./simplicity_sdk_2025.6.3/util/third_party/freertos/kernel/timers.o
 .text.xTimerCreateTimerTask
                0x08204450       0x64 ./simplicity_sdk_2025.6.3/util/third_party/freertos/kernel/timers.o
                0x08204450                xTimerCreateTimerTask
 *fill*         0x082044b4        0xc 
 .text.SVC_Handler
                0x082044c0       0x24 ./simplicity_sdk_2025.6.3/util/third_party/freertos/kernel/portable/GCC/ARM_CM4F/port.o
                0x082044c0                SVC_Handler
 .text.prvPortStartFirstTask
                0x082044e4       0x28 ./simplicity_sdk_2025.6.3/util/third_party/freertos/kernel/portable/GCC/ARM_CM4F/port.o
 *fill*         0x0820450c        0x4 
 .text.PendSV_Handler
                0x08204510       0x64 ./simplicity_sdk_2025.6.3/util/third_party/freertos/kernel/portable/GCC/ARM_CM4F/port.o
                0x08204510                PendSV_Handler
 .text.vPortEnableVFP
                0x08204574       0x14 ./simplicity_sdk_2025.6.3/util/third_party/freertos/kernel/portable/GCC/ARM_CM4F/port.o
 .text.prvTaskExitError
                0x08204588       0x40 ./simplicity_sdk_2025.6.3/util/third_party/freertos/kernel/portable/GCC/ARM_CM4F/port.o
 .text.pxPortInitialiseStack
                0x082045c8       0x2c ./simplicity_sdk_2025.6.3/util/third_party/freertos/kernel/portable/GCC/ARM_CM4F/port.o
                0x082045c8                pxPortInitialiseStack
 .text.vPortEnterCritical
                0x082045f4       0x40 ./simplicity_sdk_2025.6.3/util/third_party/freertos/kernel/portable/GCC/ARM_CM4F/port.o
                0x082045f4                vPortEnterCritical
 .text.vPortExitCritical
                0x08204634       0x28 ./simplicity_sdk_2025.6.3/util/third_party/freertos/kernel/portable/GCC/ARM_CM4F/port.o
                0x08204634                vPortExitCritical
 .text.xPortSysTickHandler
                0x0820465c       0x2c ./simplicity_sdk_2025.6.3/util/third_party/freertos/kernel/portable/GCC/ARM_CM4F/port.o
                0x0820465c                xPortSysTickHandler
 .text.vPortSetupTimerInterrupt
                0x08204688       0x24 ./simplicity_sdk_2025.6.3/util/third_party/freertos/kernel/portable/GCC/ARM_CM4F/port.o
                0x08204688                vPortSetupTimerInterrupt
 .text.xPortStartScheduler
                0x082046ac      0x178 ./simplicity_sdk_2025.6.3/util/third_party/freertos/kernel/portable/GCC/ARM_CM4F/port.o
                0x082046ac                xPortStartScheduler
 .text.vPortValidateInterruptPriority
                0x08204824       0x5c ./simplicity_sdk_2025.6.3/util/third_party/freertos/kernel/portable/GCC/ARM_CM4F/port.o
                0x08204824                vPortValidateInterruptPriority
 .text.pvPortMalloc
                0x08204880      0x1ac ./simplicity_sdk_2025.6.3/util/third_party/freertos/kernel/portable/MemMang/heap_4.o
                0x08204880                pvPortMalloc
 .text.vPortFree
                0x08204a2c      0x104 ./simplicity_sdk_2025.6.3/util/third_party/freertos/kernel/portable/MemMang/heap_4.o
                0x08204a2c                vPortFree
 .text.huffman_set_bit
                0x08204b30       0xa0 ./temp/huffman.o
                0x08204b30                huffman_set_bit
 .text.huffman_code
                0x08204bd0      0x108 ./temp/huffman.o
                0x08204bd0                huffman_code
 .text.init_ipmu_calib_data
                0x08204cd8       0x54 ./wiseconnect3_sdk_3.5.2/components/device/silabs/si91x/mcu/core/chip/src/iPMU_prog/iPMU_dotc/ipmu_apis.o
                0x08204cd8                init_ipmu_calib_data
 .text.program_ipmu_data
                0x08204d2c       0x54 ./wiseconnect3_sdk_3.5.2/components/device/silabs/si91x/mcu/core/chip/src/iPMU_prog/iPMU_dotc/ipmu_apis.o
                0x08204d2c                program_ipmu_data
 .text.ipmu_init_mcu
                0x08204d80       0x94 ./wiseconnect3_sdk_3.5.2/components/device/silabs/si91x/mcu/core/chip/src/iPMU_prog/iPMU_dotc/ipmu_apis.o
                0x08204d80                ipmu_init_mcu
 .text.ipmu_init
                0x08204e14       0xa8 ./wiseconnect3_sdk_3.5.2/components/device/silabs/si91x/mcu/core/chip/src/iPMU_prog/iPMU_dotc/ipmu_apis.o
                0x08204e14                ipmu_init
 .text.configure_ipmu_mode
                0x08204ebc       0x38 ./wiseconnect3_sdk_3.5.2/components/device/silabs/si91x/mcu/core/chip/src/iPMU_prog/iPMU_dotc/ipmu_apis.o
                0x08204ebc                configure_ipmu_mode
 .text.RSI_PS_RestoreCpuContext
                0x08204ef4       0x34 ./wiseconnect3_sdk_3.5.2/components/device/silabs/si91x/mcu/core/chip/src/rsi_deepsleep_soc.o
                0x08204ef4                RSI_PS_RestoreCpuContext
 .text.RSI_Set_Cntrls_To_M4
                0x08204f28       0x50 ./wiseconnect3_sdk_3.5.2/components/device/silabs/si91x/mcu/core/chip/src/rsi_deepsleep_soc.o
                0x08204f28                RSI_Set_Cntrls_To_M4
 .text.Default_Handler
                0x08204f78        0x2 ./wiseconnect3_sdk_3.5.2/components/device/silabs/si91x/mcu/core/chip/src/startup_si91x.o
                0x08204f78                DebugMon_Handler
                0x08204f78                IRQ031_Handler
                0x08204f78                HardFault_Handler
                0x08204f78                IRQ095_Handler
                0x08204f78                IRQ065_Handler
                0x08204f78                IRQ093_Handler
                0x08204f78                NMI_Handler
                0x08204f78                IRQ014_Handler
                0x08204f78                IRQ027_Handler
                0x08204f78                IRQ062_Handler
                0x08204f78                IRQ097_Handler
                0x08204f78                IRQ088_Handler
                0x08204f78                IRQ071_Handler
                0x08204f78                IRQ067_Handler
                0x08204f78                IRQ070_Handler
                0x08204f78                IRQ077_Handler
                0x08204f78                IRQ028_Handler
                0x08204f78                IRQ063_Handler
                0x08204f78                IRQ076_Handler
                0x08204f78                UsageFault_Handler
                0x08204f78                IRQ023_Handler
                0x08204f78                IRQ009_Handler
                0x08204f78                IRQ048_Handler
                0x08204f78                IRQ083_Handler
                0x08204f78                IRQ089_Handler
                0x08204f78                HIF1_IRQHandler
                0x08204f78                IRQ037_Handler
                0x08204f78                IRQ074_Handler
                0x08204f78                IRQ072_Handler
                0x08204f78                IRQ008_Handler
                0x08204f78                IRQ047_Handler
                0x08204f78                IRQ082_Handler
                0x08204f78                IRQ022_Handler
                0x08204f78                IRQ007_Handler
                0x08204f78                IRQ081_Handler
                0x08204f78                IRQ004_Handler
                0x08204f78                IRQ043_Handler
                0x08204f78                IRQ002_Handler
                0x08204f78                IRQ041_Handler
                0x08204f78                IRQ098_Handler
                0x08204f78                IRQ000_Handler
                0x08204f78                IRQ005_Handler
                0x08204f78                IRQ044_Handler
                0x08204f78                IRQ049_Handler
                0x08204f78                IRQ084_Handler
                0x08204f78                IRQ006_Handler
                0x08204f78                IRQ045_Handler
                0x08204f78                IRQ080_Handler
                0x08204f78                IRQ015_Handler
                0x08204f78                MemManage_Handler
                0x08204f78                HIF2_IRQHandler
                0x08204f78                IRQ001_Handler
                0x08204f78                IRQ040_Handler
                0x08204f78                IRQ068_Handler
                0x08204f78                IRQ096_Handler
                0x08204f78                IRQ003_Handler
                0x08204f78                IRQ024_Handler
                0x08204f78                IRQ016_Handler
                0x08204f78                IRQ090_Handler
                0x08204f78                IRQ078_Handler
                0x08204f78                IRQ032_Handler
                0x08204f78                IRQ020_Handler
                0x08204f78                IRQ073_Handler
                0x08204f78                IRQ092_Handler
                0x08204f78                IRQ087_Handler
                0x08204f78                IRQ026_Handler
                0x08204f78                IRQ025_Handler
                0x08204f78                IRQ060_Handler
                0x08204f78                IRQ085_Handler
                0x08204f78                IRQ030_Handler
                0x08204f78                IRQ029_Handler
                0x08204f78                IRQ064_Handler
                0x08204f78                IRQ066_Handler
                0x08204f78                IRQ017_Handler
                0x08204f78                IRQ091_Handler
                0x08204f78                BusFault_Handler
                0x08204f78                IRQ069_Handler
                0x08204f78                IRQ075_Handler
                0x08204f78                IRQ086_Handler
                0x08204f78                IRQ094_Handler
                0x08204f78                IRQ079_Handler
 .text.Default_Reset_Handler
                0x08204f7a        0x2 ./wiseconnect3_sdk_3.5.2/components/device/silabs/si91x/mcu/core/chip/src/startup_si91x.o
                0x08204f7a                Default_Reset_Handler
                0x08204f7a                Reset_Handler
 .text.Copy_Table
                0x08204f7c       0x24 ./wiseconnect3_sdk_3.5.2/components/device/silabs/si91x/mcu/core/chip/src/startup_si91x.o
                0x08204f7c                Copy_Table
 .text.Zero_Table
                0x08204fa0       0x24 ./wiseconnect3_sdk_3.5.2/components/device/silabs/si91x/mcu/core/chip/src/startup_si91x.o
                0x08204fa0                Zero_Table
 .text.RSI_Default_Reset_Handler
                0x08204fc4       0x16 ./wiseconnect3_sdk_3.5.2/components/device/silabs/si91x/mcu/core/chip/src/startup_si91x.o
                0x08204fc4                RSI_Default_Reset_Handler
 *fill*         0x08204fda        0x2 
 .text.SystemCoreClockUpdate
                0x08204fdc      0x128 ./wiseconnect3_sdk_3.5.2/components/device/silabs/si91x/mcu/core/chip/src/system_si91x.o
                0x08204fdc                SystemCoreClockUpdate
 .text.fpuInit  0x08205104       0x44 ./wiseconnect3_sdk_3.5.2/components/device/silabs/si91x/mcu/core/chip/src/system_si91x.o
                0x08205104                fpuInit
 .text.SystemInit
                0x08205148       0xe4 ./wiseconnect3_sdk_3.5.2/components/device/silabs/si91x/mcu/core/chip/src/system_si91x.o
                0x08205148                SystemInit
 .text.ARM_UART_SignalEvent
                0x0820522c       0x54 ./wiseconnect3_sdk_3.5.2/components/device/silabs/si91x/mcu/core/common/src/rsi_debug.o
                0x0820522c                ARM_UART_SignalEvent
 .text.Board_Debug_Init
                0x08205280       0x58 ./wiseconnect3_sdk_3.5.2/components/device/silabs/si91x/mcu/core/common/src/rsi_debug.o
                0x08205280                Board_Debug_Init
 .text.Board_UARTGetChar
                0x082052d8       0x30 ./wiseconnect3_sdk_3.5.2/components/device/silabs/si91x/mcu/core/common/src/rsi_debug.o
                0x082052d8                Board_UARTGetChar
 .text.Board_UARTPutChar
                0x08205308       0x30 ./wiseconnect3_sdk_3.5.2/components/device/silabs/si91x/mcu/core/common/src/rsi_debug.o
                0x08205308                Board_UARTPutChar
 .text.read_exclude_space
                0x08205338       0x20 ./wiseconnect3_sdk_3.5.2/components/device/silabs/si91x/mcu/core/common/src/syscalls.o
 .text._getpid  0x08205358        0x4 ./wiseconnect3_sdk_3.5.2/components/device/silabs/si91x/mcu/core/common/src/syscalls.o
                0x08205358                _getpid
 .text._kill    0x0820535c       0x10 ./wiseconnect3_sdk_3.5.2/components/device/silabs/si91x/mcu/core/common/src/syscalls.o
                0x0820535c                _kill
 .text._exit    0x0820536c        0xc ./wiseconnect3_sdk_3.5.2/components/device/silabs/si91x/mcu/core/common/src/syscalls.o
                0x0820536c                _exit
 .text._write   0x08205378       0x44 ./wiseconnect3_sdk_3.5.2/components/device/silabs/si91x/mcu/core/common/src/syscalls.o
                0x08205378                _write
 .text._close   0x082053bc        0x6 ./wiseconnect3_sdk_3.5.2/components/device/silabs/si91x/mcu/core/common/src/syscalls.o
                0x082053bc                _close
 .text._fstat   0x082053c2        0xa ./wiseconnect3_sdk_3.5.2/components/device/silabs/si91x/mcu/core/common/src/syscalls.o
                0x082053c2                _fstat
 .text._isatty  0x082053cc        0x4 ./wiseconnect3_sdk_3.5.2/components/device/silabs/si91x/mcu/core/common/src/syscalls.o
                0x082053cc                _isatty
 .text._lseek   0x082053d0        0x4 ./wiseconnect3_sdk_3.5.2/components/device/silabs/si91x/mcu/core/common/src/syscalls.o
                0x082053d0                _lseek
 .text._read    0x082053d4      0x300 ./wiseconnect3_sdk_3.5.2/components/device/silabs/si91x/mcu/core/common/src/syscalls.o
                0x082053d4                _read
 .text.sl_si91x_device_init_nvic
                0x082056d4       0x18 ./wiseconnect3_sdk_3.5.2/components/device/silabs/si91x/mcu/core/config/src/rsi_nvic_priorities_config.o
                0x082056d4                sl_si91x_device_init_nvic
 .text.GSPI_MASTER_GetVersion
                0x082056ec       0x20 ./wiseconnect3_sdk_3.5.2/components/device/silabs/si91x/mcu/drivers/cmsis_driver/GSPI.o
                0x082056ec                GSPI_MASTER_GetVersion
 .text.GSPI_MASTER_GetCapabilities
                0x0820570c        0x4 ./wiseconnect3_sdk_3.5.2/components/device/silabs/si91x/mcu/drivers/cmsis_driver/GSPI.o
                0x0820570c                GSPI_MASTER_GetCapabilities
 .text.GSPI_MASTER_GetStatus
                0x08205710        0xc ./wiseconnect3_sdk_3.5.2/components/device/silabs/si91x/mcu/drivers/cmsis_driver/GSPI.o
 .text.GSPI_MASTER_Control
                0x0820571c       0x3c ./wiseconnect3_sdk_3.5.2/components/device/silabs/si91x/mcu/drivers/cmsis_driver/GSPI.o
 .text.GSPI_MASTER_GetDataCount
                0x08205758        0xc ./wiseconnect3_sdk_3.5.2/components/device/silabs/si91x/mcu/drivers/cmsis_driver/GSPI.o
 .text.GSPI_MASTER_Transfer
                0x08205764       0x2c ./wiseconnect3_sdk_3.5.2/components/device/silabs/si91x/mcu/drivers/cmsis_driver/GSPI.o
 .text.GSPI_MASTER_Receive
                0x08205790       0x2c ./wiseconnect3_sdk_3.5.2/components/device/silabs/si91x/mcu/drivers/cmsis_driver/GSPI.o
 .text.GSPI_MASTER_Send
                0x082057bc       0x2c ./wiseconnect3_sdk_3.5.2/components/device/silabs/si91x/mcu/drivers/cmsis_driver/GSPI.o
 .text.GSPI_MASTER_PowerControl
                0x082057e8        0xc ./wiseconnect3_sdk_3.5.2/components/device/silabs/si91x/mcu/drivers/cmsis_driver/GSPI.o
 .text.GSPI_MASTER_Uninitialize
                0x082057f4       0x10 ./wiseconnect3_sdk_3.5.2/components/device/silabs/si91x/mcu/drivers/cmsis_driver/GSPI.o
 .text.GSPI_MASTER_Initialize
                0x08205804       0x30 ./wiseconnect3_sdk_3.5.2/components/device/silabs/si91x/mcu/drivers/cmsis_driver/GSPI.o
 .text.RSI_GSPI_SetSlaveSelectNumber
                0x08205834        0xc ./wiseconnect3_sdk_3.5.2/components/device/silabs/si91x/mcu/drivers/cmsis_driver/GSPI.o
                0x08205834                RSI_GSPI_SetSlaveSelectNumber
 .text.IRQ046_Handler
                0x08205840        0xc ./wiseconnect3_sdk_3.5.2/components/device/silabs/si91x/mcu/drivers/cmsis_driver/GSPI.o
                0x08205840                IRQ046_Handler
 .text.GSPI_SwapReadWriteByte
                0x0820584c       0x48 ./wiseconnect3_sdk_3.5.2/components/device/silabs/si91x/mcu/drivers/cmsis_driver/GSPI.o
                0x0820584c                GSPI_SwapReadWriteByte
 .text.GSPI_GetInitState
                0x08205894       0x10 ./wiseconnect3_sdk_3.5.2/components/device/silabs/si91x/mcu/drivers/cmsis_driver/GSPI.o
                0x08205894                GSPI_GetInitState
 .text.gspi_transfer_complete_callback
                0x082058a4       0x20 ./wiseconnect3_sdk_3.5.2/components/device/silabs/si91x/mcu/drivers/cmsis_driver/GSPI.o
                0x082058a4                gspi_transfer_complete_callback
 .text.gspi_error_callback
                0x082058c4       0x20 ./wiseconnect3_sdk_3.5.2/components/device/silabs/si91x/mcu/drivers/cmsis_driver/GSPI.o
                0x082058c4                gspi_error_callback
 .text.GSPI_WriteDummyByte
                0x082058e4        0xc ./wiseconnect3_sdk_3.5.2/components/device/silabs/si91x/mcu/drivers/cmsis_driver/GSPI.o
                0x082058e4                GSPI_WriteDummyByte
 .text.ARM_USARTx_GetVersion
                0x082058f0       0x20 ./wiseconnect3_sdk_3.5.2/components/device/silabs/si91x/mcu/drivers/cmsis_driver/USART.o
                0x082058f0                ARM_USARTx_GetVersion
 .text.ARM_ULP_UART_GetCapabilities
                0x08205910        0xc ./wiseconnect3_sdk_3.5.2/components/device/silabs/si91x/mcu/drivers/cmsis_driver/USART.o
 .text.ARM_ULP_UART_GetModemStatus
                0x0820591c        0xc ./wiseconnect3_sdk_3.5.2/components/device/silabs/si91x/mcu/drivers/cmsis_driver/USART.o
 .text.ARM_ULP_UART_SetModemControl
                0x08205928        0xc ./wiseconnect3_sdk_3.5.2/components/device/silabs/si91x/mcu/drivers/cmsis_driver/USART.o
 .text.ARM_ULP_UART_GetStatus
                0x08205934        0xc ./wiseconnect3_sdk_3.5.2/components/device/silabs/si91x/mcu/drivers/cmsis_driver/USART.o
 .text.ARM_ULP_UART_Control
                0x08205940       0x34 ./wiseconnect3_sdk_3.5.2/components/device/silabs/si91x/mcu/drivers/cmsis_driver/USART.o
 .text.ARM_ULP_UART_GetRxCount
                0x08205974        0xc ./wiseconnect3_sdk_3.5.2/components/device/silabs/si91x/mcu/drivers/cmsis_driver/USART.o
 .text.ARM_ULP_UART_GetTxCount
                0x08205980        0xc ./wiseconnect3_sdk_3.5.2/components/device/silabs/si91x/mcu/drivers/cmsis_driver/USART.o
 .text.ARM_ULP_UART_Transfer
                0x0820598c       0x54 ./wiseconnect3_sdk_3.5.2/components/device/silabs/si91x/mcu/drivers/cmsis_driver/USART.o
 .text.ARM_ULP_UART_Receive
                0x082059e0       0x48 ./wiseconnect3_sdk_3.5.2/components/device/silabs/si91x/mcu/drivers/cmsis_driver/USART.o
 .text.ARM_ULP_UART_Send
                0x08205a28       0x48 ./wiseconnect3_sdk_3.5.2/components/device/silabs/si91x/mcu/drivers/cmsis_driver/USART.o
 .text.ARM_ULP_UART_PowerControl
                0x08205a70       0x18 ./wiseconnect3_sdk_3.5.2/components/device/silabs/si91x/mcu/drivers/cmsis_driver/USART.o
 .text.ARM_ULP_UART_Uninitialize
                0x08205a88       0x1c ./wiseconnect3_sdk_3.5.2/components/device/silabs/si91x/mcu/drivers/cmsis_driver/USART.o
 .text.ARM_ULP_UART_Initialize
                0x08205aa4       0x30 ./wiseconnect3_sdk_3.5.2/components/device/silabs/si91x/mcu/drivers/cmsis_driver/USART.o
 .text.ULPUART_UDMA_Tx_Event
                0x08205ad4        0xc ./wiseconnect3_sdk_3.5.2/components/device/silabs/si91x/mcu/drivers/cmsis_driver/USART.o
                0x08205ad4                ULPUART_UDMA_Tx_Event
 .text.ULPUART_UDMA_Rx_Event
                0x08205ae0        0xc ./wiseconnect3_sdk_3.5.2/components/device/silabs/si91x/mcu/drivers/cmsis_driver/USART.o
                0x08205ae0                ULPUART_UDMA_Rx_Event
 .text.IRQ038_Handler
                0x08205aec        0xc ./wiseconnect3_sdk_3.5.2/components/device/silabs/si91x/mcu/drivers/cmsis_driver/USART.o
                0x08205aec                IRQ038_Handler
 .text.IRQ039_Handler
                0x08205af8        0xc ./wiseconnect3_sdk_3.5.2/components/device/silabs/si91x/mcu/drivers/cmsis_driver/USART.o
                0x08205af8                IRQ039_Handler
 .text.IRQ012_Handler
                0x08205b04        0xc ./wiseconnect3_sdk_3.5.2/components/device/silabs/si91x/mcu/drivers/cmsis_driver/USART.o
                0x08205b04                IRQ012_Handler
 .text.RSI_ULPUartHandler
                0x08205b10        0x4 ./wiseconnect3_sdk_3.5.2/components/device/silabs/si91x/mcu/drivers/cmsis_driver/USART.o
                0x08205b10                RSI_ULPUartHandler
 .text.usart_transfer_complete_callback
                0x08205b14       0x1c ./wiseconnect3_sdk_3.5.2/components/device/silabs/si91x/mcu/drivers/cmsis_driver/USART.o
                0x08205b14                usart_transfer_complete_callback
 .text.usart_error_callback
                0x08205b30       0x20 ./wiseconnect3_sdk_3.5.2/components/device/silabs/si91x/mcu/drivers/cmsis_driver/USART.o
                0x08205b30                usart_error_callback
 .text.RSI_AUX_RefVoltageConfig
                0x08205b50       0xe8 ./wiseconnect3_sdk_3.5.2/components/device/silabs/si91x/mcu/drivers/peripheral_drivers/src/aux_reference_volt_config.o
                0x08205b50                RSI_AUX_RefVoltageConfig
 .text.RSI_CLK_GetM4RefClock
                0x08205c38       0x30 ./wiseconnect3_sdk_3.5.2/components/device/silabs/si91x/mcu/drivers/peripheral_drivers/src/clock_update.o
 .text.RSI_CLK_GetUlpssTouchClock
                0x08205c68       0x48 ./wiseconnect3_sdk_3.5.2/components/device/silabs/si91x/mcu/drivers/peripheral_drivers/src/clock_update.o
 .text.RSI_CLK_GetQspi2Clock
                0x08205cb0       0x50 ./wiseconnect3_sdk_3.5.2/components/device/silabs/si91x/mcu/drivers/peripheral_drivers/src/clock_update.o
 .text.RSI_CLK_GetUart1Clock
                0x08205d00       0x74 ./wiseconnect3_sdk_3.5.2/components/device/silabs/si91x/mcu/drivers/peripheral_drivers/src/clock_update.o
 .text.RSI_CLK_GetBaseClock
                0x08205d74      0x334 ./wiseconnect3_sdk_3.5.2/components/device/silabs/si91x/mcu/drivers/peripheral_drivers/src/clock_update.o
                0x08205d74                RSI_CLK_GetBaseClock
 .text.RSI_EGPIO_HostPadsGpioModeDisable
                0x082060a8       0x10 ./wiseconnect3_sdk_3.5.2/components/device/silabs/si91x/mcu/drivers/peripheral_drivers/src/rsi_adc.o
 .text.RSI_EGPIO_PadReceiverDisable
                0x082060b8       0x10 ./wiseconnect3_sdk_3.5.2/components/device/silabs/si91x/mcu/drivers/peripheral_drivers/src/rsi_adc.o
 .text.RSI_EGPIO_UlpPadReceiverDisable
                0x082060c8       0x10 ./wiseconnect3_sdk_3.5.2/components/device/silabs/si91x/mcu/drivers/peripheral_drivers/src/rsi_adc.o
 .text.adc_dac_ceil
                0x082060d8       0x2a ./wiseconnect3_sdk_3.5.2/components/device/silabs/si91x/mcu/drivers/peripheral_drivers/src/rsi_adc.o
 *fill*         0x08206102        0x2 
 .text.ADC_DMA_Transfer_Complete
                0x08206104       0x10 ./wiseconnect3_sdk_3.5.2/components/device/silabs/si91x/mcu/drivers/peripheral_drivers/src/rsi_adc.o
                0x08206104                ADC_DMA_Transfer_Complete
 .text.ADC_DMA_Error_Callback
                0x08206114        0x4 ./wiseconnect3_sdk_3.5.2/components/device/silabs/si91x/mcu/drivers/peripheral_drivers/src/rsi_adc.o
                0x08206114                ADC_DMA_Error_Callback
 .text.RSI_EGPIO_SetPinMux.constprop.0
                0x08206118       0x1c ./wiseconnect3_sdk_3.5.2/components/device/silabs/si91x/mcu/drivers/peripheral_drivers/src/rsi_adc.o
 .text.RSI_ADC_PowerControl.part.0
                0x08206134       0x40 ./wiseconnect3_sdk_3.5.2/components/device/silabs/si91x/mcu/drivers/peripheral_drivers/src/rsi_adc.o
 .text.ADC_Start
                0x08206174       0x38 ./wiseconnect3_sdk_3.5.2/components/device/silabs/si91x/mcu/drivers/peripheral_drivers/src/rsi_adc.o
                0x08206174                ADC_Start
 .text.cal_adc_channel_offset
                0x082061ac       0xa4 ./wiseconnect3_sdk_3.5.2/components/device/silabs/si91x/mcu/drivers/peripheral_drivers/src/rsi_adc.o
                0x082061ac                cal_adc_channel_offset
 .text.check_power_two
                0x08206250       0x12 ./wiseconnect3_sdk_3.5.2/components/device/silabs/si91x/mcu/drivers/peripheral_drivers/src/rsi_adc.o
                0x08206250                check_power_two
 .text.roundupto_pwr2
                0x08206262       0x1e ./wiseconnect3_sdk_3.5.2/components/device/silabs/si91x/mcu/drivers/peripheral_drivers/src/rsi_adc.o
                0x08206262                roundupto_pwr2
 .text.config_ch_freq
                0x08206280      0x1a8 ./wiseconnect3_sdk_3.5.2/components/device/silabs/si91x/mcu/drivers/peripheral_drivers/src/rsi_adc.o
 .text.max_sample_rate_achive
                0x08206428       0x30 ./wiseconnect3_sdk_3.5.2/components/device/silabs/si91x/mcu/drivers/peripheral_drivers/src/rsi_adc.o
                0x08206428                max_sample_rate_achive
 .text.get_min_sampling_time
                0x08206458      0x2a0 ./wiseconnect3_sdk_3.5.2/components/device/silabs/si91x/mcu/drivers/peripheral_drivers/src/rsi_adc.o
                0x08206458                get_min_sampling_time
 .text.ADC_PinMux
                0x082066f8      0x39c ./wiseconnect3_sdk_3.5.2/components/device/silabs/si91x/mcu/drivers/peripheral_drivers/src/rsi_adc.o
                0x082066f8                ADC_PinMux
 .text.RSI_ADC_PingPongMemoryAdrConfig
                0x08206a94       0xe0 ./wiseconnect3_sdk_3.5.2/components/device/silabs/si91x/mcu/drivers/peripheral_drivers/src/rsi_adc.o
                0x08206a94                RSI_ADC_PingPongMemoryAdrConfig
 .text.RSI_ADC_PingPongReInit
                0x08206b74       0x60 ./wiseconnect3_sdk_3.5.2/components/device/silabs/si91x/mcu/drivers/peripheral_drivers/src/rsi_adc.o
                0x08206b74                RSI_ADC_PingPongReInit
 .text.RSI_ADC_Calibration
                0x08206bd4       0xb8 ./wiseconnect3_sdk_3.5.2/components/device/silabs/si91x/mcu/drivers/peripheral_drivers/src/rsi_adc.o
                0x08206bd4                RSI_ADC_Calibration
 .text.ADC_Init
                0x08206c8c      0x140 ./wiseconnect3_sdk_3.5.2/components/device/silabs/si91x/mcu/drivers/peripheral_drivers/src/rsi_adc.o
                0x08206c8c                ADC_Init
 .text.ADC_Per_Channel_Init
                0x08206dcc      0x144 ./wiseconnect3_sdk_3.5.2/components/device/silabs/si91x/mcu/drivers/peripheral_drivers/src/rsi_adc.o
                0x08206dcc                ADC_Per_Channel_Init
 .text.RSI_ADC_PingpongEnable
                0x08206f10       0x28 ./wiseconnect3_sdk_3.5.2/components/device/silabs/si91x/mcu/drivers/peripheral_drivers/src/rsi_adc.o
                0x08206f10                RSI_ADC_PingpongEnable
 .text.RSI_ADC_InternalPerChnlDmaEnable
                0x08206f38       0x2a ./wiseconnect3_sdk_3.5.2/components/device/silabs/si91x/mcu/drivers/peripheral_drivers/src/rsi_adc.o
                0x08206f38                RSI_ADC_InternalPerChnlDmaEnable
 .text.RSI_ADC_ChannelConfig
                0x08206f62       0x68 ./wiseconnect3_sdk_3.5.2/components/device/silabs/si91x/mcu/drivers/peripheral_drivers/src/rsi_adc.o
                0x08206f62                RSI_ADC_ChannelConfig
 *fill*         0x08206fca        0x2 
 .text.RSI_ADC_Stop
                0x08206fcc       0x2c ./wiseconnect3_sdk_3.5.2/components/device/silabs/si91x/mcu/drivers/peripheral_drivers/src/rsi_adc.o
                0x08206fcc                RSI_ADC_Stop
 .text.ADC_Stop
                0x08206ff8       0x10 ./wiseconnect3_sdk_3.5.2/components/device/silabs/si91x/mcu/drivers/peripheral_drivers/src/rsi_adc.o
                0x08206ff8                ADC_Stop
 .text.RSI_ADC_ChnlEnable
                0x08207008       0x40 ./wiseconnect3_sdk_3.5.2/components/device/silabs/si91x/mcu/drivers/peripheral_drivers/src/rsi_adc.o
                0x08207008                RSI_ADC_ChnlEnable
 .text.RSI_ADC_ClkDivfactor
                0x08207048       0x34 ./wiseconnect3_sdk_3.5.2/components/device/silabs/si91x/mcu/drivers/peripheral_drivers/src/rsi_adc.o
                0x08207048                RSI_ADC_ClkDivfactor
 .text.RSI_ADC_ChnlIntrUnMask
                0x0820707c       0x58 ./wiseconnect3_sdk_3.5.2/components/device/silabs/si91x/mcu/drivers/peripheral_drivers/src/rsi_adc.o
                0x0820707c                RSI_ADC_ChnlIntrUnMask
 .text.RSI_ADC_ChnlIntrClr
                0x082070d4       0x36 ./wiseconnect3_sdk_3.5.2/components/device/silabs/si91x/mcu/drivers/peripheral_drivers/src/rsi_adc.o
                0x082070d4                RSI_ADC_ChnlIntrClr
 *fill*         0x0820710a        0x2 
 .text.RSI_ADC_PowerControl
                0x0820710c       0x54 ./wiseconnect3_sdk_3.5.2/components/device/silabs/si91x/mcu/drivers/peripheral_drivers/src/rsi_adc.o
                0x0820710c                RSI_ADC_PowerControl
 .text.ADC_Deinit
                0x08207160       0x3c ./wiseconnect3_sdk_3.5.2/components/device/silabs/si91x/mcu/drivers/peripheral_drivers/src/rsi_adc.o
                0x08207160                ADC_Deinit
 .text.RSI_ADC_NoiseAvgMode
                0x0820719c       0x20 ./wiseconnect3_sdk_3.5.2/components/device/silabs/si91x/mcu/drivers/peripheral_drivers/src/rsi_adc.o
                0x0820719c                RSI_ADC_NoiseAvgMode
 .text.ADC_ChannelConfig
                0x082071bc      0x338 ./wiseconnect3_sdk_3.5.2/components/device/silabs/si91x/mcu/drivers/peripheral_drivers/src/rsi_adc.o
                0x082071bc                ADC_ChannelConfig
 .text.ADC_Per_ChannelConfig
                0x082074f4      0x394 ./wiseconnect3_sdk_3.5.2/components/device/silabs/si91x/mcu/drivers/peripheral_drivers/src/rsi_adc.o
                0x082074f4                ADC_Per_ChannelConfig
 .text.RSI_ADC_TempSensorEnable
                0x08207888       0x10 ./wiseconnect3_sdk_3.5.2/components/device/silabs/si91x/mcu/drivers/peripheral_drivers/src/rsi_adc.o
                0x08207888                RSI_ADC_TempSensorEnable
 .text.RSI_ADC_InterruptHandler
                0x08207898       0xf4 ./wiseconnect3_sdk_3.5.2/components/device/silabs/si91x/mcu/drivers/peripheral_drivers/src/rsi_adc.o
                0x08207898                RSI_ADC_InterruptHandler
 .text.IRQ011_Handler
                0x0820798c        0xc ./wiseconnect3_sdk_3.5.2/components/device/silabs/si91x/mcu/drivers/peripheral_drivers/src/rsi_adc.o
                0x0820798c                IRQ011_Handler
 .text.RSI_ADC_GainOffsetCal
                0x08207998       0x6c ./wiseconnect3_sdk_3.5.2/components/device/silabs/si91x/mcu/drivers/peripheral_drivers/src/rsi_adc.o
                0x08207998                RSI_ADC_GainOffsetCal
 .text.RSI_ADC_ReadDataStatic
                0x08207a04       0x14 ./wiseconnect3_sdk_3.5.2/components/device/silabs/si91x/mcu/drivers/peripheral_drivers/src/rsi_adc.o
                0x08207a04                RSI_ADC_ReadDataStatic
 .text.RSI_DAC_InterruptMask
                0x08207a18       0x1e ./wiseconnect3_sdk_3.5.2/components/device/silabs/si91x/mcu/drivers/peripheral_drivers/src/rsi_dac.o
                0x08207a18                RSI_DAC_InterruptMask
 *fill*         0x08207a36        0x2 
 .text.RSI_EGPIO_SetPin
                0x08207a38       0x14 ./wiseconnect3_sdk_3.5.2/components/device/silabs/si91x/mcu/drivers/peripheral_drivers/src/rsi_gspi.o
 .text.RSI_EGPIO_SetPinMux
                0x08207a4c       0x14 ./wiseconnect3_sdk_3.5.2/components/device/silabs/si91x/mcu/drivers/peripheral_drivers/src/rsi_gspi.o
 .text.RSI_EGPIO_HostPadsGpioModeEnable
                0x08207a60       0x10 ./wiseconnect3_sdk_3.5.2/components/device/silabs/si91x/mcu/drivers/peripheral_drivers/src/rsi_gspi.o
 .text.RSI_EGPIO_PadSelectionEnable
                0x08207a70       0x10 ./wiseconnect3_sdk_3.5.2/components/device/silabs/si91x/mcu/drivers/peripheral_drivers/src/rsi_gspi.o
 .text.RSI_EGPIO_PadReceiverEnable
                0x08207a80       0x10 ./wiseconnect3_sdk_3.5.2/components/device/silabs/si91x/mcu/drivers/peripheral_drivers/src/rsi_gspi.o
 .text.RSI_EGPIO_UlpPadReceiverEnable
                0x08207a90       0x10 ./wiseconnect3_sdk_3.5.2/components/device/silabs/si91x/mcu/drivers/peripheral_drivers/src/rsi_gspi.o
 .text.GSPI_Convert_Data_Width_To_Bytes
                0x08207aa0       0x14 ./wiseconnect3_sdk_3.5.2/components/device/silabs/si91x/mcu/drivers/peripheral_drivers/src/rsi_gspi.o
 .text.GSPI_Initialize
                0x08207ab4      0x294 ./wiseconnect3_sdk_3.5.2/components/device/silabs/si91x/mcu/drivers/peripheral_drivers/src/rsi_gspi.o
                0x08207ab4                GSPI_Initialize
 .text.GSPI_Uninitialize
                0x08207d48       0x50 ./wiseconnect3_sdk_3.5.2/components/device/silabs/si91x/mcu/drivers/peripheral_drivers/src/rsi_gspi.o
                0x08207d48                GSPI_Uninitialize
 .text.GSPI_PowerControl
                0x08207d98       0xcc ./wiseconnect3_sdk_3.5.2/components/device/silabs/si91x/mcu/drivers/peripheral_drivers/src/rsi_gspi.o
                0x08207d98                GSPI_PowerControl
 .text.GSPI_Write_Dummy_Byte
                0x08207e64      0x168 ./wiseconnect3_sdk_3.5.2/components/device/silabs/si91x/mcu/drivers/peripheral_drivers/src/rsi_gspi.o
                0x08207e64                GSPI_Write_Dummy_Byte
 .text.GSPI_Control
                0x08207fcc      0x2f4 ./wiseconnect3_sdk_3.5.2/components/device/silabs/si91x/mcu/drivers/peripheral_drivers/src/rsi_gspi.o
                0x08207fcc                GSPI_Control
 .text.GSPI_Send
                0x082082c0      0x170 ./wiseconnect3_sdk_3.5.2/components/device/silabs/si91x/mcu/drivers/peripheral_drivers/src/rsi_gspi.o
                0x082082c0                GSPI_Send
 .text.GSPI_Receive
                0x08208430      0x200 ./wiseconnect3_sdk_3.5.2/components/device/silabs/si91x/mcu/drivers/peripheral_drivers/src/rsi_gspi.o
                0x08208430                GSPI_Receive
 .text.GSPI_Transfer
                0x08208630      0x224 ./wiseconnect3_sdk_3.5.2/components/device/silabs/si91x/mcu/drivers/peripheral_drivers/src/rsi_gspi.o
                0x08208630                GSPI_Transfer
 .text.GSPI_GetDataCount
                0x08208854       0x12 ./wiseconnect3_sdk_3.5.2/components/device/silabs/si91x/mcu/drivers/peripheral_drivers/src/rsi_gspi.o
                0x08208854                GSPI_GetDataCount
 .text.GSPI_UDMA_Tx_Event
                0x08208866       0x36 ./wiseconnect3_sdk_3.5.2/components/device/silabs/si91x/mcu/drivers/peripheral_drivers/src/rsi_gspi.o
                0x08208866                GSPI_UDMA_Tx_Event
 .text.GSPI_UDMA_Rx_Event
                0x0820889c       0x2c ./wiseconnect3_sdk_3.5.2/components/device/silabs/si91x/mcu/drivers/peripheral_drivers/src/rsi_gspi.o
                0x0820889c                GSPI_UDMA_Rx_Event
 .text.GSPI_IRQHandler
                0x082088c8      0x130 ./wiseconnect3_sdk_3.5.2/components/device/silabs/si91x/mcu/drivers/peripheral_drivers/src/rsi_gspi.o
                0x082088c8                GSPI_IRQHandler
 .text.GSPI_GetStatus
                0x082089f8       0x1e ./wiseconnect3_sdk_3.5.2/components/device/silabs/si91x/mcu/drivers/peripheral_drivers/src/rsi_gspi.o
                0x082089f8                GSPI_GetStatus
 .text.RSI_OPAMP1_Config
                0x08208a16       0xc6 ./wiseconnect3_sdk_3.5.2/components/device/silabs/si91x/mcu/drivers/peripheral_drivers/src/rsi_opamp.o
                0x08208a16                RSI_OPAMP1_Config
 .text.RSI_EGPIO_SetPinMux
                0x08208adc       0x14 ./wiseconnect3_sdk_3.5.2/components/device/silabs/si91x/mcu/drivers/peripheral_drivers/src/rsi_usart.o
 .text.RSI_EGPIO_UlpSocGpioMode.constprop.0
                0x08208af0       0x18 ./wiseconnect3_sdk_3.5.2/components/device/silabs/si91x/mcu/drivers/peripheral_drivers/src/rsi_usart.o
 .text.configure_usart_gpio_pin
                0x08208b08      0x1ac ./wiseconnect3_sdk_3.5.2/components/device/silabs/si91x/mcu/drivers/peripheral_drivers/src/rsi_usart.o
 .text.UartIrqHandler
                0x08208cb4      0x200 ./wiseconnect3_sdk_3.5.2/components/device/silabs/si91x/mcu/drivers/peripheral_drivers/src/rsi_usart.o
                0x08208cb4                UartIrqHandler
 .text.USART_UDMA_Tx_Event
                0x08208eb4       0x58 ./wiseconnect3_sdk_3.5.2/components/device/silabs/si91x/mcu/drivers/peripheral_drivers/src/rsi_usart.o
                0x08208eb4                USART_UDMA_Tx_Event
 .text.USART_UDMA_Rx_Event
                0x08208f0c       0x7c ./wiseconnect3_sdk_3.5.2/components/device/silabs/si91x/mcu/drivers/peripheral_drivers/src/rsi_usart.o
                0x08208f0c                USART_UDMA_Rx_Event
 .text.USART_SetBaudrate
                0x08208f88       0x50 ./wiseconnect3_sdk_3.5.2/components/device/silabs/si91x/mcu/drivers/peripheral_drivers/src/rsi_usart.o
                0x08208f88                USART_SetBaudrate
 .text.USART_Initialize
                0x08208fd8      0x118 ./wiseconnect3_sdk_3.5.2/components/device/silabs/si91x/mcu/drivers/peripheral_drivers/src/rsi_usart.o
                0x08208fd8                USART_Initialize
 .text.USART_Uninitialize
                0x082090f0       0xc0 ./wiseconnect3_sdk_3.5.2/components/device/silabs/si91x/mcu/drivers/peripheral_drivers/src/rsi_usart.o
                0x082090f0                USART_Uninitialize
 .text.USART_PowerControl
                0x082091b0      0x168 ./wiseconnect3_sdk_3.5.2/components/device/silabs/si91x/mcu/drivers/peripheral_drivers/src/rsi_usart.o
                0x082091b0                USART_PowerControl
 .text.USART_Send_Data
                0x08209318      0x12c ./wiseconnect3_sdk_3.5.2/components/device/silabs/si91x/mcu/drivers/peripheral_drivers/src/rsi_usart.o
                0x08209318                USART_Send_Data
 .text.USART_Receive_Data
                0x08209444      0x10c ./wiseconnect3_sdk_3.5.2/components/device/silabs/si91x/mcu/drivers/peripheral_drivers/src/rsi_usart.o
                0x08209444                USART_Receive_Data
 .text.USART_Transfer
                0x08209550       0x72 ./wiseconnect3_sdk_3.5.2/components/device/silabs/si91x/mcu/drivers/peripheral_drivers/src/rsi_usart.o
                0x08209550                USART_Transfer
 .text.USART_GetTxCount
                0x082095c2        0x6 ./wiseconnect3_sdk_3.5.2/components/device/silabs/si91x/mcu/drivers/peripheral_drivers/src/rsi_usart.o
                0x082095c2                USART_GetTxCount
 .text.USART_GetRxCount
                0x082095c8        0x6 ./wiseconnect3_sdk_3.5.2/components/device/silabs/si91x/mcu/drivers/peripheral_drivers/src/rsi_usart.o
                0x082095c8                USART_GetRxCount
 *fill*         0x082095ce        0x2 
 .text.USART_Control
                0x082095d0      0x494 ./wiseconnect3_sdk_3.5.2/components/device/silabs/si91x/mcu/drivers/peripheral_drivers/src/rsi_usart.o
                0x082095d0                USART_Control
 .text.USART_GetStatus
                0x08209a64       0x42 ./wiseconnect3_sdk_3.5.2/components/device/silabs/si91x/mcu/drivers/peripheral_drivers/src/rsi_usart.o
                0x08209a64                USART_GetStatus
 *fill*         0x08209aa6        0x2 
 .text.USART_SetModemControl
                0x08209aa8       0x80 ./wiseconnect3_sdk_3.5.2/components/device/silabs/si91x/mcu/drivers/peripheral_drivers/src/rsi_usart.o
                0x08209aa8                USART_SetModemControl
 .text.USART_GetModemStatus
                0x08209b28       0x60 ./wiseconnect3_sdk_3.5.2/components/device/silabs/si91x/mcu/drivers/peripheral_drivers/src/rsi_usart.o
                0x08209b28                USART_GetModemStatus
 .text.convert_rsi_to_sl_error_code
                0x08209b88       0x58 ./wiseconnect3_sdk_3.5.2/components/device/silabs/si91x/mcu/drivers/service/clock_manager/src/sl_si91x_clock_manager.o
 .text.RSI_CLK_IntfPLLTurnOn.isra.0
                0x08209be0        0xc ./wiseconnect3_sdk_3.5.2/components/device/silabs/si91x/mcu/drivers/service/clock_manager/src/sl_si91x_clock_manager.o
 .text.RSI_CLK_I2sPllTurnOn.isra.0
                0x08209bec        0xc ./wiseconnect3_sdk_3.5.2/components/device/silabs/si91x/mcu/drivers/service/clock_manager/src/sl_si91x_clock_manager.o
 .text.RSI_CLK_SocPllTurnOn.isra.0
                0x08209bf8        0xc ./wiseconnect3_sdk_3.5.2/components/device/silabs/si91x/mcu/drivers/service/clock_manager/src/sl_si91x_clock_manager.o
 .text.sl_si91x_clock_manager_set_pll_freq
                0x08209c04      0x130 ./wiseconnect3_sdk_3.5.2/components/device/silabs/si91x/mcu/drivers/service/clock_manager/src/sl_si91x_clock_manager.o
                0x08209c04                sl_si91x_clock_manager_set_pll_freq
 .text.sl_si91x_clock_manager_m4_set_core_clk.part.0
                0x08209d34       0x8c ./wiseconnect3_sdk_3.5.2/components/device/silabs/si91x/mcu/drivers/service/clock_manager/src/sl_si91x_clock_manager.o
 .text.sl_si91x_clock_manager_init
                0x08209dc0       0x70 ./wiseconnect3_sdk_3.5.2/components/device/silabs/si91x/mcu/drivers/service/clock_manager/src/sl_si91x_clock_manager.o
                0x08209dc0                sl_si91x_clock_manager_init
 .text.sl_si91x_clock_manager_m4_get_core_clk_src_freq
                0x08209e30       0x18 ./wiseconnect3_sdk_3.5.2/components/device/silabs/si91x/mcu/drivers/service/clock_manager/src/sl_si91x_clock_manager.o
                0x08209e30                sl_si91x_clock_manager_m4_get_core_clk_src_freq
 .text.RSI_BOD_IntrClr
                0x08209e48       0x1c ./wiseconnect3_sdk_3.5.2/components/device/silabs/si91x/mcu/drivers/systemlevel/src/rsi_bod.o
                0x08209e48                RSI_BOD_IntrClr
 .text.RSI_BOD_SoftTriggerGetBatteryStatus
                0x08209e64       0xc8 ./wiseconnect3_sdk_3.5.2/components/device/silabs/si91x/mcu/drivers/systemlevel/src/rsi_bod.o
                0x08209e64                RSI_BOD_SoftTriggerGetBatteryStatus
 .text.RSI_IPMU_UpdateIpmuCalibData_efuse
                0x08209f2c      0x300 ./wiseconnect3_sdk_3.5.2/components/device/silabs/si91x/mcu/drivers/systemlevel/src/rsi_ipmu.o
                0x08209f2c                RSI_IPMU_UpdateIpmuCalibData_efuse
 .text.RSI_Ipmu_Init
                0x0820a22c        0x4 ./wiseconnect3_sdk_3.5.2/components/device/silabs/si91x/mcu/drivers/systemlevel/src/rsi_ipmu.o
                0x0820a22c                RSI_Ipmu_Init
 .text.RSI_Configure_Ipmu_Mode
                0x0820a230       0x74 ./wiseconnect3_sdk_3.5.2/components/device/silabs/si91x/mcu/drivers/systemlevel/src/rsi_ipmu.o
                0x0820a230                RSI_Configure_Ipmu_Mode
 .text.RSI_IPMU_PowerGateSet
                0x0820a2a4       0x34 ./wiseconnect3_sdk_3.5.2/components/device/silabs/si91x/mcu/drivers/systemlevel/src/rsi_ipmu.o
                0x0820a2a4                RSI_IPMU_PowerGateSet
 .text.RSI_IPMU_PowerGateClr
                0x0820a2d8       0x4c ./wiseconnect3_sdk_3.5.2/components/device/silabs/si91x/mcu/drivers/systemlevel/src/rsi_ipmu.o
                0x0820a2d8                RSI_IPMU_PowerGateClr
 .text.RSI_IPMU_ClockMuxSel
                0x0820a324       0x40 ./wiseconnect3_sdk_3.5.2/components/device/silabs/si91x/mcu/drivers/systemlevel/src/rsi_ipmu.o
                0x0820a324                RSI_IPMU_ClockMuxSel
 .text.RSI_IPMU_ProgramConfigData
                0x0820a364       0x6e ./wiseconnect3_sdk_3.5.2/components/device/silabs/si91x/mcu/drivers/systemlevel/src/rsi_ipmu.o
                0x0820a364                RSI_IPMU_ProgramConfigData
 .text.RSI_APB_ProgramConfigData
                0x0820a3d2       0x4a ./wiseconnect3_sdk_3.5.2/components/device/silabs/si91x/mcu/drivers/systemlevel/src/rsi_ipmu.o
                0x0820a3d2                RSI_APB_ProgramConfigData
 .text.RSI_IPMU_M32rc_OscTrimEfuse
                0x0820a41c       0x28 ./wiseconnect3_sdk_3.5.2/components/device/silabs/si91x/mcu/drivers/systemlevel/src/rsi_ipmu.o
                0x0820a41c                RSI_IPMU_M32rc_OscTrimEfuse
 .text.RSI_IPMU_DBLR32M_TrimEfuse
                0x0820a444       0x18 ./wiseconnect3_sdk_3.5.2/components/device/silabs/si91x/mcu/drivers/systemlevel/src/rsi_ipmu.o
                0x0820a444                RSI_IPMU_DBLR32M_TrimEfuse
 .text.RSI_IPMU_M20roOsc_TrimEfuse
                0x0820a45c       0x28 ./wiseconnect3_sdk_3.5.2/components/device/silabs/si91x/mcu/drivers/systemlevel/src/rsi_ipmu.o
                0x0820a45c                RSI_IPMU_M20roOsc_TrimEfuse
 .text.RSI_IPMU_RO32khz_TrimEfuse
                0x0820a484       0x18 ./wiseconnect3_sdk_3.5.2/components/device/silabs/si91x/mcu/drivers/systemlevel/src/rsi_ipmu.o
                0x0820a484                RSI_IPMU_RO32khz_TrimEfuse
 .text.RSI_IPMU_RC32khz_TrimEfuse
                0x0820a49c       0x18 ./wiseconnect3_sdk_3.5.2/components/device/silabs/si91x/mcu/drivers/systemlevel/src/rsi_ipmu.o
                0x0820a49c                RSI_IPMU_RC32khz_TrimEfuse
 .text.RSI_IPMU_Vbg_Tsbjt_Efuse
                0x0820a4b4        0xc ./wiseconnect3_sdk_3.5.2/components/device/silabs/si91x/mcu/drivers/systemlevel/src/rsi_ipmu.o
                0x0820a4b4                RSI_IPMU_Vbg_Tsbjt_Efuse
 .text.RSI_IPMU_Auxadcoff_DiffEfuse
                0x0820a4c0        0xc ./wiseconnect3_sdk_3.5.2/components/device/silabs/si91x/mcu/drivers/systemlevel/src/rsi_ipmu.o
                0x0820a4c0                RSI_IPMU_Auxadcoff_DiffEfuse
 .text.RSI_IPMU_Auxadcgain_DiffEfuse
                0x0820a4cc        0xc ./wiseconnect3_sdk_3.5.2/components/device/silabs/si91x/mcu/drivers/systemlevel/src/rsi_ipmu.o
                0x0820a4cc                RSI_IPMU_Auxadcgain_DiffEfuse
 .text.RSI_IPMU_Auxadcoff_SeEfuse
                0x0820a4d8        0xc ./wiseconnect3_sdk_3.5.2/components/device/silabs/si91x/mcu/drivers/systemlevel/src/rsi_ipmu.o
                0x0820a4d8                RSI_IPMU_Auxadcoff_SeEfuse
 .text.RSI_IPMU_Auxadcgain_SeEfuse
                0x0820a4e4        0xc ./wiseconnect3_sdk_3.5.2/components/device/silabs/si91x/mcu/drivers/systemlevel/src/rsi_ipmu.o
                0x0820a4e4                RSI_IPMU_Auxadcgain_SeEfuse
 .text.RSI_IPMU_Delvbe_Tsbjt_Efuse
                0x0820a4f0        0xc ./wiseconnect3_sdk_3.5.2/components/device/silabs/si91x/mcu/drivers/systemlevel/src/rsi_ipmu.o
                0x0820a4f0                RSI_IPMU_Delvbe_Tsbjt_Efuse
 .text._usdelay
                0x0820a4fc        0x6 ./wiseconnect3_sdk_3.5.2/components/device/silabs/si91x/mcu/drivers/systemlevel/src/rsi_pll.o
 *fill*         0x0820a502        0x2 
 .text.clk_m4_soc_clk_config
                0x0820a504       0xc8 ./wiseconnect3_sdk_3.5.2/components/device/silabs/si91x/mcu/drivers/systemlevel/src/rsi_pll.o
                0x0820a504                clk_m4_soc_clk_config
 .text.ulpss_enable_ref_clks
                0x0820a5cc       0xf8 ./wiseconnect3_sdk_3.5.2/components/device/silabs/si91x/mcu/drivers/systemlevel/src/rsi_pll.o
                0x0820a5cc                ulpss_enable_ref_clks
 .text.clk_m4ss_ref_clk_config
                0x0820a6c4       0xcc ./wiseconnect3_sdk_3.5.2/components/device/silabs/si91x/mcu/drivers/systemlevel/src/rsi_pll.o
                0x0820a6c4                clk_m4ss_ref_clk_config
 .text.RSI_SetRegSpiDivision
                0x0820a790       0x18 ./wiseconnect3_sdk_3.5.2/components/device/silabs/si91x/mcu/drivers/systemlevel/src/rsi_ulpss_clk.o
 .text.ulpss_ref_clk_config
                0x0820a7a8       0xbc ./wiseconnect3_sdk_3.5.2/components/device/silabs/si91x/mcu/drivers/systemlevel/src/rsi_ulpss_clk.o
                0x0820a7a8                ulpss_ref_clk_config
 .text.ulpss_ulp_proc_clk_config
                0x0820a864      0x14c ./wiseconnect3_sdk_3.5.2/components/device/silabs/si91x/mcu/drivers/systemlevel/src/rsi_ulpss_clk.o
                0x0820a864                ulpss_ulp_proc_clk_config
 .text.rsi_d_cache_invalidate_all
                0x0820a9b0       0x28 ./wiseconnect3_sdk_3.5.2/components/device/silabs/si91x/mcu/drivers/unified_api/src/rsi_d_cache.o
                0x0820a9b0                rsi_d_cache_invalidate_all
 .text.convert_rsi_to_sl_error_code
                0x0820a9d8       0x58 ./wiseconnect3_sdk_3.5.2/components/device/silabs/si91x/mcu/drivers/unified_api/src/sl_si91x_adc.o
 .text.validate_adc_parameters
                0x0820aa30       0x18 ./wiseconnect3_sdk_3.5.2/components/device/silabs/si91x/mcu/drivers/unified_api/src/sl_si91x_adc.o
 .text.validate_adc_channel_parameters
                0x0820aa48       0xa4 ./wiseconnect3_sdk_3.5.2/components/device/silabs/si91x/mcu/drivers/unified_api/src/sl_si91x_adc.o
 .text.callback_event_handler
                0x0820aaec       0x14 ./wiseconnect3_sdk_3.5.2/components/device/silabs/si91x/mcu/drivers/unified_api/src/sl_si91x_adc.o
 .text.sl_si91x_adc_get_chip_voltage
                0x0820ab00       0x34 ./wiseconnect3_sdk_3.5.2/components/device/silabs/si91x/mcu/drivers/unified_api/src/sl_si91x_adc.o
                0x0820ab00                sl_si91x_adc_get_chip_voltage
 .text.sl_si91x_adc_init
                0x0820ab34       0xfc ./wiseconnect3_sdk_3.5.2/components/device/silabs/si91x/mcu/drivers/unified_api/src/sl_si91x_adc.o
                0x0820ab34                sl_si91x_adc_init
 .text.sl_si91x_adc_set_channel_configuration
                0x0820ac30       0x70 ./wiseconnect3_sdk_3.5.2/components/device/silabs/si91x/mcu/drivers/unified_api/src/sl_si91x_adc.o
                0x0820ac30                sl_si91x_adc_set_channel_configuration
 .text.sl_si91x_adc_register_event_callback
                0x0820aca0       0x1c ./wiseconnect3_sdk_3.5.2/components/device/silabs/si91x/mcu/drivers/unified_api/src/sl_si91x_adc.o
                0x0820aca0                sl_si91x_adc_register_event_callback
 .text.sl_si91x_adc_temperature_sensor_enable
                0x0820acbc       0x14 ./wiseconnect3_sdk_3.5.2/components/device/silabs/si91x/mcu/drivers/unified_api/src/sl_si91x_adc.o
                0x0820acbc                sl_si91x_adc_temperature_sensor_enable
 .text.sl_si91x_adc_start
                0x0820acd0       0x1e ./wiseconnect3_sdk_3.5.2/components/device/silabs/si91x/mcu/drivers/unified_api/src/sl_si91x_adc.o
                0x0820acd0                sl_si91x_adc_start
 .text.sl_si91x_adc_stop
                0x0820acee       0x1e ./wiseconnect3_sdk_3.5.2/components/device/silabs/si91x/mcu/drivers/unified_api/src/sl_si91x_adc.o
                0x0820acee                sl_si91x_adc_stop
 .text.sl_si91x_adc_deinit
                0x0820ad0c       0x28 ./wiseconnect3_sdk_3.5.2/components/device/silabs/si91x/mcu/drivers/unified_api/src/sl_si91x_adc.o
                0x0820ad0c                sl_si91x_adc_deinit
 .text.callback_event
                0x0820ad34       0x10 ./wiseconnect3_sdk_3.5.2/components/device/silabs/si91x/mcu/drivers/unified_api/src/sl_si91x_bjt_temperature_sensor.o
 .text.validate_bjt_channel_parameters
                0x0820ad44       0x28 ./wiseconnect3_sdk_3.5.2/components/device/silabs/si91x/mcu/drivers/unified_api/src/sl_si91x_bjt_temperature_sensor.o
 .text.sl_si91x_bjt_temperature_sensor_init
                0x0820ad6c       0x8c ./wiseconnect3_sdk_3.5.2/components/device/silabs/si91x/mcu/drivers/unified_api/src/sl_si91x_bjt_temperature_sensor.o
                0x0820ad6c                sl_si91x_bjt_temperature_sensor_init
 .text.sl_si91x_bjt_temperature_sensor_bg_set_channel_configuration
                0x0820adf8       0x68 ./wiseconnect3_sdk_3.5.2/components/device/silabs/si91x/mcu/drivers/unified_api/src/sl_si91x_bjt_temperature_sensor.o
                0x0820adf8                sl_si91x_bjt_temperature_sensor_bg_set_channel_configuration
 .text.sl_si91x_bjt_temperature_sensor_set_channel_configuration
                0x0820ae60       0x4c ./wiseconnect3_sdk_3.5.2/components/device/silabs/si91x/mcu/drivers/unified_api/src/sl_si91x_bjt_temperature_sensor.o
                0x0820ae60                sl_si91x_bjt_temperature_sensor_set_channel_configuration
 .text.sl_si91x_bjt_temperature_sensor_read_data
                0x0820aeac      0x160 ./wiseconnect3_sdk_3.5.2/components/device/silabs/si91x/mcu/drivers/unified_api/src/sl_si91x_bjt_temperature_sensor.o
                0x0820aeac                sl_si91x_bjt_temperature_sensor_read_data
 .text.sl_si91x_bjt_temperature_sensor_deinit
                0x0820b00c       0x44 ./wiseconnect3_sdk_3.5.2/components/device/silabs/si91x/mcu/drivers/unified_api/src/sl_si91x_bjt_temperature_sensor.o
                0x0820b00c                sl_si91x_bjt_temperature_sensor_deinit
 .text.IRQ034_Handler
                0x0820b050       0x78 ./wiseconnect3_sdk_3.5.2/components/device/silabs/si91x/mcu/drivers/unified_api/src/sl_si91x_config_timer.o
                0x0820b050                IRQ034_Handler
 .text.UDMAx_DMAEnable
                0x0820b0c8        0xc ./wiseconnect3_sdk_3.5.2/components/device/silabs/si91x/mcu/drivers/unified_api/src/sl_si91x_dma.o
 .text.dma_internal_callback
                0x0820b0d4       0x30 ./wiseconnect3_sdk_3.5.2/components/device/silabs/si91x/mcu/drivers/unified_api/src/sl_si91x_dma.o
 .text.ulp_dma_internal_callback
                0x0820b104       0x30 ./wiseconnect3_sdk_3.5.2/components/device/silabs/si91x/mcu/drivers/unified_api/src/sl_si91x_dma.o
 .text.sl_si91x_dma_init
                0x0820b134       0x70 ./wiseconnect3_sdk_3.5.2/components/device/silabs/si91x/mcu/drivers/unified_api/src/sl_si91x_dma.o
                0x0820b134                sl_si91x_dma_init
 .text.sl_si91x_dma_allocate_channel
                0x0820b1a4       0xdc ./wiseconnect3_sdk_3.5.2/components/device/silabs/si91x/mcu/drivers/unified_api/src/sl_si91x_dma.o
                0x0820b1a4                sl_si91x_dma_allocate_channel
 .text.sl_si91x_dma_register_callbacks
                0x0820b280       0x5c ./wiseconnect3_sdk_3.5.2/components/device/silabs/si91x/mcu/drivers/unified_api/src/sl_si91x_dma.o
                0x0820b280                sl_si91x_dma_register_callbacks
 .text.sl_si91x_dma_unregister_callbacks
                0x0820b2dc       0x88 ./wiseconnect3_sdk_3.5.2/components/device/silabs/si91x/mcu/drivers/unified_api/src/sl_si91x_dma.o
                0x0820b2dc                sl_si91x_dma_unregister_callbacks
 .text.sl_si91x_dma_transfer
                0x0820b364      0x278 ./wiseconnect3_sdk_3.5.2/components/device/silabs/si91x/mcu/drivers/unified_api/src/sl_si91x_dma.o
                0x0820b364                sl_si91x_dma_transfer
 .text.sl_si91x_dma_stop_transfer
                0x0820b5dc       0x38 ./wiseconnect3_sdk_3.5.2/components/device/silabs/si91x/mcu/drivers/unified_api/src/sl_si91x_dma.o
                0x0820b5dc                sl_si91x_dma_stop_transfer
 .text.sl_si91x_dma_channel_enable
                0x0820b614       0x38 ./wiseconnect3_sdk_3.5.2/components/device/silabs/si91x/mcu/drivers/unified_api/src/sl_si91x_dma.o
                0x0820b614                sl_si91x_dma_channel_enable
 .text.sl_si91x_dma_channel_disable
                0x0820b64c        0x4 ./wiseconnect3_sdk_3.5.2/components/device/silabs/si91x/mcu/drivers/unified_api/src/sl_si91x_dma.o
                0x0820b64c                sl_si91x_dma_channel_disable
 .text.sl_si91x_dma_enable
                0x0820b650       0x30 ./wiseconnect3_sdk_3.5.2/components/device/silabs/si91x/mcu/drivers/unified_api/src/sl_si91x_dma.o
                0x0820b650                sl_si91x_dma_enable
 .text.sl_gpio_clear_interrupts
                0x0820b680       0x14 ./wiseconnect3_sdk_3.5.2/components/device/silabs/si91x/mcu/drivers/unified_api/src/sl_si91x_driver_gpio.o
 .text.sl_si91x_gpio_driver_enable_pad_receiver
                0x0820b694       0x12 ./wiseconnect3_sdk_3.5.2/components/device/silabs/si91x/mcu/drivers/unified_api/src/sl_si91x_driver_gpio.o
                0x0820b694                sl_si91x_gpio_driver_enable_pad_receiver
 .text.sl_si91x_gpio_driver_enable_pad_selection
                0x0820b6a6       0x12 ./wiseconnect3_sdk_3.5.2/components/device/silabs/si91x/mcu/drivers/unified_api/src/sl_si91x_driver_gpio.o
                0x0820b6a6                sl_si91x_gpio_driver_enable_pad_selection
 .text.sl_si91x_gpio_driver_enable_host_pad_selection
                0x0820b6b8       0x16 ./wiseconnect3_sdk_3.5.2/components/device/silabs/si91x/mcu/drivers/unified_api/src/sl_si91x_driver_gpio.o
                0x0820b6b8                sl_si91x_gpio_driver_enable_host_pad_selection
 .text.sl_si91x_gpio_driver_select_pad_driver_strength
                0x0820b6ce       0x16 ./wiseconnect3_sdk_3.5.2/components/device/silabs/si91x/mcu/drivers/unified_api/src/sl_si91x_driver_gpio.o
                0x0820b6ce                sl_si91x_gpio_driver_select_pad_driver_strength
 .text.sl_si91x_gpio_driver_select_pad_driver_disable_state
                0x0820b6e4       0x16 ./wiseconnect3_sdk_3.5.2/components/device/silabs/si91x/mcu/drivers/unified_api/src/sl_si91x_driver_gpio.o
                0x0820b6e4                sl_si91x_gpio_driver_select_pad_driver_disable_state
 .text.sl_si91x_gpio_driver_clear_group_interrupt
                0x0820b6fa       0x12 ./wiseconnect3_sdk_3.5.2/components/device/silabs/si91x/mcu/drivers/unified_api/src/sl_si91x_driver_gpio.o
                0x0820b6fa                sl_si91x_gpio_driver_clear_group_interrupt
 .text.sl_si91x_gpio_driver_enable_ulp_pad_receiver
                0x0820b70c       0x12 ./wiseconnect3_sdk_3.5.2/components/device/silabs/si91x/mcu/drivers/unified_api/src/sl_si91x_driver_gpio.o
                0x0820b70c                sl_si91x_gpio_driver_enable_ulp_pad_receiver
 .text.sl_si91x_gpio_driver_set_uulp_npss_pin_mux
                0x0820b71e       0x16 ./wiseconnect3_sdk_3.5.2/components/device/silabs/si91x/mcu/drivers/unified_api/src/sl_si91x_driver_gpio.o
                0x0820b71e                sl_si91x_gpio_driver_set_uulp_npss_pin_mux
 .text.sl_si91x_gpio_driver_select_uulp_npss_receiver
                0x0820b734       0x16 ./wiseconnect3_sdk_3.5.2/components/device/silabs/si91x/mcu/drivers/unified_api/src/sl_si91x_driver_gpio.o
                0x0820b734                sl_si91x_gpio_driver_select_uulp_npss_receiver
 .text.sl_si91x_gpio_driver_clear_uulp_interrupt
                0x0820b74a       0x12 ./wiseconnect3_sdk_3.5.2/components/device/silabs/si91x/mcu/drivers/unified_api/src/sl_si91x_driver_gpio.o
                0x0820b74a                sl_si91x_gpio_driver_clear_uulp_interrupt
 .text.sl_si91x_gpio_driver_clear_ulp_interrupt
                0x0820b75c       0x12 ./wiseconnect3_sdk_3.5.2/components/device/silabs/si91x/mcu/drivers/unified_api/src/sl_si91x_driver_gpio.o
                0x0820b75c                sl_si91x_gpio_driver_clear_ulp_interrupt
 .text.sl_si91x_gpio_driver_clear_ulp_group_interrupt
                0x0820b76e       0x12 ./wiseconnect3_sdk_3.5.2/components/device/silabs/si91x/mcu/drivers/unified_api/src/sl_si91x_driver_gpio.o
                0x0820b76e                sl_si91x_gpio_driver_clear_ulp_group_interrupt
 .text.sl_gpio_driver_init
                0x0820b780       0x9c ./wiseconnect3_sdk_3.5.2/components/device/silabs/si91x/mcu/drivers/unified_api/src/sl_si91x_driver_gpio.o
                0x0820b780                sl_gpio_driver_init
 .text.IRQ052_Handler
                0x0820b81c       0x18 ./wiseconnect3_sdk_3.5.2/components/device/silabs/si91x/mcu/drivers/unified_api/src/sl_si91x_driver_gpio.o
                0x0820b81c                IRQ052_Handler
 .text.IRQ053_Handler
                0x0820b834       0x18 ./wiseconnect3_sdk_3.5.2/components/device/silabs/si91x/mcu/drivers/unified_api/src/sl_si91x_driver_gpio.o
                0x0820b834                IRQ053_Handler
 .text.IRQ054_Handler
                0x0820b84c       0x18 ./wiseconnect3_sdk_3.5.2/components/device/silabs/si91x/mcu/drivers/unified_api/src/sl_si91x_driver_gpio.o