Archive member included to satisfy reference by file (symbol)

d:/siliconlabs/simplicitystudio/v5/developer/toolchains/gnu_arm/12.2.rel1_2023.7/bin/../lib/gcc/arm-none-eabi/12.2.1/thumb/v7e-m+fp/softfp\libgcc.a(_arm_muldf3.o)
                              ./wiseconnect3_sdk_3.5.2/components/device/silabs/si91x/mcu/drivers/unified_api/src/sl_si91x_bjt_temperature_sensor.o (__aeabi_dmul)
d:/siliconlabs/simplicitystudio/v5/developer/toolchains/gnu_arm/12.2.rel1_2023.7/bin/../lib/gcc/arm-none-eabi/12.2.1/thumb/v7e-m+fp/softfp\libgcc.a(_arm_addsubdf3.o)
                              ./wiseconnect3_sdk_3.5.2/components/device/silabs/si91x/mcu/drivers/unified_peripheral_drivers/src/sl_si91x_peripheral_i2c.o (__aeabi_dsub)
d:/siliconlabs/simplicitystudio/v5/developer/toolchains/gnu_arm/12.2.rel1_2023.7/bin/../lib/gcc/arm-none-eabi/12.2.1/thumb/v7e-m+fp/softfp\libgcc.a(_arm_muldivdf3.o)
                              ./wiseconnect3_sdk_3.5.2/components/device/silabs/si91x/mcu/drivers/peripheral_drivers/src/clock_update.o (__aeabi_ddiv)
d:/siliconlabs/simplicitystudio/v5/developer/toolchains/gnu_arm/12.2.rel1_2023.7/bin/../lib/gcc/arm-none-eabi/12.2.1/thumb/v7e-m+fp/softfp\libgcc.a(_arm_cmpdf2.o)
                              ./wiseconnect3_sdk_3.5.2/components/device/silabs/si91x/mcu/drivers/systemlevel/src/rsi_ipmu.o (__aeabi_dcmple)
d:/siliconlabs/simplicitystudio/v5/developer/toolchains/gnu_arm/12.2.rel1_2023.7/bin/../lib/gcc/arm-none-eabi/12.2.1/thumb/v7e-m+fp/softfp\libgcc.a(_arm_fixunsdfsi.o)
                              ./wiseconnect3_sdk_3.5.2/components/device/silabs/si91x/mcu/drivers/peripheral_drivers/src/clock_update.o (__aeabi_d2uiz)
d:/siliconlabs/simplicitystudio/v5/developer/toolchains/gnu_arm/12.2.rel1_2023.7/bin/../lib/gcc/arm-none-eabi/12.2.1/thumb/v7e-m+fp/softfp\libc_nano.a(libc_a-exit.o)
                              d:/siliconlabs/simplicitystudio/v5/developer/toolchains/gnu_arm/12.2.rel1_2023.7/bin/../lib/gcc/arm-none-eabi/12.2.1/thumb/v7e-m+fp/softfp/crt0.o (exit)
d:/siliconlabs/simplicitystudio/v5/developer/toolchains/gnu_arm/12.2.rel1_2023.7/bin/../lib/gcc/arm-none-eabi/12.2.1/thumb/v7e-m+fp/softfp\libc_nano.a(libc_a-nano-vfprintf_float.o)
                              (_printf_float)
d:/siliconlabs/simplicitystudio/v5/developer/toolchains/gnu_arm/12.2.rel1_2023.7/bin/../lib/gcc/arm-none-eabi/12.2.1/thumb/v7e-m+fp/softfp\libc_nano.a(libc_a-nano-vfprintf_i.o)
                              d:/siliconlabs/simplicitystudio/v5/developer/toolchains/gnu_arm/12.2.rel1_2023.7/bin/../lib/gcc/arm-none-eabi/12.2.1/thumb/v7e-m+fp/softfp\libc_nano.a(libc_a-nano-vfprintf_float.o) (_printf_common)
d:/siliconlabs/simplicitystudio/v5/developer/toolchains/gnu_arm/12.2.rel1_2023.7/bin/../lib/gcc/arm-none-eabi/12.2.1/thumb/v7e-m+fp/softfp\libc_nano.a(libc_a-findfp.o)
                              d:/siliconlabs/simplicitystudio/v5/developer/toolchains/gnu_arm/12.2.rel1_2023.7/bin/../lib/gcc/arm-none-eabi/12.2.1/thumb/v7e-m+fp/softfp\libc_nano.a(libc_a-exit.o) (__stdio_exit_handler)
d:/siliconlabs/simplicitystudio/v5/developer/toolchains/gnu_arm/12.2.rel1_2023.7/bin/../lib/gcc/arm-none-eabi/12.2.1/thumb/v7e-m+fp/softfp\libc_nano.a(libc_a-fwalk.o)
                              d:/siliconlabs/simplicitystudio/v5/developer/toolchains/gnu_arm/12.2.rel1_2023.7/bin/../lib/gcc/arm-none-eabi/12.2.1/thumb/v7e-m+fp/softfp\libc_nano.a(libc_a-findfp.o) (_fwalk_sglue)
d:/siliconlabs/simplicitystudio/v5/developer/toolchains/gnu_arm/12.2.rel1_2023.7/bin/../lib/gcc/arm-none-eabi/12.2.1/thumb/v7e-m+fp/softfp\libc_nano.a(libc_a-printf.o)
                              ./app.o (printf)
d:/siliconlabs/simplicitystudio/v5/developer/toolchains/gnu_arm/12.2.rel1_2023.7/bin/../lib/gcc/arm-none-eabi/12.2.1/thumb/v7e-m+fp/softfp\libc_nano.a(libc_a-puts.o)
                              ./app.o (puts)
d:/siliconlabs/simplicitystudio/v5/developer/toolchains/gnu_arm/12.2.rel1_2023.7/bin/../lib/gcc/arm-none-eabi/12.2.1/thumb/v7e-m+fp/softfp\libc_nano.a(libc_a-stdio.o)
                              d:/siliconlabs/simplicitystudio/v5/developer/toolchains/gnu_arm/12.2.rel1_2023.7/bin/../lib/gcc/arm-none-eabi/12.2.1/thumb/v7e-m+fp/softfp\libc_nano.a(libc_a-findfp.o) (__sread)
d:/siliconlabs/simplicitystudio/v5/developer/toolchains/gnu_arm/12.2.rel1_2023.7/bin/../lib/gcc/arm-none-eabi/12.2.1/thumb/v7e-m+fp/softfp\libc_nano.a(libc_a-wbuf.o)
                              d:/siliconlabs/simplicitystudio/v5/developer/toolchains/gnu_arm/12.2.rel1_2023.7/bin/../lib/gcc/arm-none-eabi/12.2.1/thumb/v7e-m+fp/softfp\libc_nano.a(libc_a-puts.o) (__swbuf_r)
d:/siliconlabs/simplicitystudio/v5/developer/toolchains/gnu_arm/12.2.rel1_2023.7/bin/../lib/gcc/arm-none-eabi/12.2.1/thumb/v7e-m+fp/softfp\libc_nano.a(libc_a-wsetup.o)
                              d:/siliconlabs/simplicitystudio/v5/developer/toolchains/gnu_arm/12.2.rel1_2023.7/bin/../lib/gcc/arm-none-eabi/12.2.1/thumb/v7e-m+fp/softfp\libc_nano.a(libc_a-puts.o) (__swsetup_r)
[...]
Memory Configuration

Name             Origin             Length             Attributes
rom              0x08202000         0x00800000         xr
ram              0x0000000c         0x0002fbf4         xrw
udma0            0x0002fc00         0x00000400         xrw
udma1            0x24061c00         0x00000400         xrw
*default*        0x00000000         0xffffffff

Linker script and memory map

LOAD d:/siliconlabs/simplicitystudio/v5/developer/toolchains/gnu_arm/12.2.rel1_2023.7/bin/../lib/gcc/arm-none-eabi/12.2.1/thumb/v7e-m+fp/softfp/crti.o
LOAD d:/siliconlabs/simplicitystudio/v5/developer/toolchains/gnu_arm/12.2.rel1_2023.7/bin/../lib/gcc/arm-none-eabi/12.2.1/thumb/v7e-m+fp/softfp/crtbegin.o
LOAD d:/siliconlabs/simplicitystudio/v5/developer/toolchains/gnu_arm/12.2.rel1_2023.7/bin/../lib/gcc/arm-none-eabi/12.2.1/thumb/v7e-m+fp/softfp/crt0.o
START GROUP
LOAD ./app.o
LOAD ./main.o
LOAD ./uink_thread.o
LOAD ./autogen/sl_event_handler.o
LOAD ./autogen/sl_i2c_init.o
LOAD ./simplicity_sdk_2025.6.3/platform/CMSIS/RTOS2/Source/os_systick.o
LOAD ./simplicity_sdk_2025.6.3/platform/common/src/sl_assert.o
LOAD ./simplicity_sdk_2025.6.3/platform/common/src/sl_cmsis_os2_common.o
LOAD ./simplicity_sdk_2025.6.3/platform/common/src/sl_syscalls.o
LOAD ./simplicity_sdk_2025.6.3/platform/service/sl_main/src/rtos/main_retarget.o
LOAD ./simplicity_sdk_2025.6.3/platform/service/sl_main/src/sl_main_init.o
LOAD ./simplicity_sdk_2025.6.3/platform/service/sl_main/src/sl_main_init_memory.o
LOAD ./simplicity_sdk_2025.6.3/platform/service/sl_main/src/sl_main_kernel.o
LOAD ./simplicity_sdk_2025.6.3/util/third_party/freertos/cmsis/Source/cmsis_os2.o
LOAD ./simplicity_sdk_2025.6.3/util/third_party/freertos/kernel/croutine.o
LOAD ./simplicity_sdk_2025.6.3/util/third_party/freertos/kernel/event_groups.o
LOAD ./simplicity_sdk_2025.6.3/util/third_party/freertos/kernel/list.o
LOAD ./simplicity_sdk_2025.6.3/util/third_party/freertos/kernel/queue.o
LOAD ./simplicity_sdk_2025.6.3/util/third_party/freertos/kernel/stream_buffer.o
LOAD ./simplicity_sdk_2025.6.3/util/third_party/freertos/kernel/tasks.o
LOAD ./simplicity_sdk_2025.6.3/util/third_party/freertos/kernel/timers.o
LOAD ./simplicity_sdk_2025.6.3/util/third_party/freertos/kernel/portable/GCC/ARM_CM4F/port.o
LOAD ./simplicity_sdk_2025.6.3/util/third_party/freertos/kernel/portable/MemMang/heap_4.o
LOAD ./wiseconnect3_sdk_3.5.2/components/device/silabs/si91x/mcu/core/chip/src/iPMU_prog/iPMU_dotc/ipmu_apis.o
LOAD ./wiseconnect3_sdk_3.5.2/components/device/silabs/si91x/mcu/core/chip/src/iPMU_prog/iPMU_dotc/rsi_system_config_917.o
LOAD ./wiseconnect3_sdk_3.5.2/components/device/silabs/si91x/mcu/core/chip/src/rsi_deepsleep_soc.o
LOAD ./wiseconnect3_sdk_3.5.2/components/device/silabs/si91x/mcu/core/chip/src/rsi_ps_ram_func.o
LOAD ./wiseconnect3_sdk_3.5.2/components/device/silabs/si91x/mcu/core/chip/src/startup_si91x.o
LOAD ./wiseconnect3_sdk_3.5.2/components/device/silabs/si91x/mcu/core/chip/src/system_si91x.o
LOAD ./wiseconnect3_sdk_3.5.2/components/device/silabs/si91x/mcu/core/common/src/rsi_debug.o
LOAD ./wiseconnect3_sdk_3.5.2/components/device/silabs/si91x/mcu/core/common/src/sl_si91x_stack_object_declare.o
LOAD ./wiseconnect3_sdk_3.5.2/components/device/silabs/si91x/mcu/core/common/src/syscalls.o
LOAD ./wiseconnect3_sdk_3.5.2/components/device/silabs/si91x/mcu/core/config/src/rsi_nvic_priorities_config.o
LOAD ./wiseconnect3_sdk_3.5.2/components/device/silabs/si91x/mcu/drivers/cmsis_driver/GSPI.o
LOAD ./wiseconnect3_sdk_3.5.2/components/device/silabs/si91x/mcu/drivers/cmsis_driver/UDMA.o
LOAD ./wiseconnect3_sdk_3.5.2/components/device/silabs/si91x/mcu/drivers/cmsis_driver/USART.o
LOAD ./wiseconnect3_sdk_3.5.2/components/device/silabs/si91x/mcu/drivers/peripheral_drivers/src/aux_reference_volt_config.o
LOAD ./wiseconnect3_sdk_3.5.2/components/device/silabs/si91x/mcu/drivers/peripheral_drivers/src/clock_update.o
LOAD ./wiseconnect3_sdk_3.5.2/components/device/silabs/si91x/mcu/drivers/peripheral_drivers/src/rsi_adc.o
LOAD ./wiseconnect3_sdk_3.5.2/components/device/silabs/si91x/mcu/drivers/peripheral_drivers/src/rsi_crc.o
LOAD ./wiseconnect3_sdk_3.5.2/components/device/silabs/si91x/mcu/drivers/peripheral_drivers/src/rsi_ct.o
LOAD ./wiseconnect3_sdk_3.5.2/components/device/silabs/si91x/mcu/drivers/peripheral_drivers/src/rsi_dac.o
LOAD ./wiseconnect3_sdk_3.5.2/components/device/silabs/si91x/mcu/drivers/peripheral_drivers/src/rsi_egpio.o
LOAD ./wiseconnect3_sdk_3.5.2/components/device/silabs/si91x/mcu/drivers/peripheral_drivers/src/rsi_gspi.o
LOAD ./wiseconnect3_sdk_3.5.2/components/device/silabs/si91x/mcu/drivers/peripheral_drivers/src/rsi_opamp.o
LOAD ./wiseconnect3_sdk_3.5.2/components/device/silabs/si91x/mcu/drivers/peripheral_drivers/src/rsi_qspi.o
LOAD ./wiseconnect3_sdk_3.5.2/components/device/silabs/si91x/mcu/drivers/peripheral_drivers/src/rsi_timers.o
LOAD ./wiseconnect3_sdk_3.5.2/components/device/silabs/si91x/mcu/drivers/peripheral_drivers/src/rsi_udma.o
LOAD ./wiseconnect3_sdk_3.5.2/components/device/silabs/si91x/mcu/drivers/peripheral_drivers/src/rsi_udma_wrapper.o
LOAD ./wiseconnect3_sdk_3.5.2/components/device/silabs/si91x/mcu/drivers/peripheral_drivers/src/rsi_usart.o
LOAD ./wiseconnect3_sdk_3.5.2/components/device/silabs/si91x/mcu/drivers/service/clock_manager/src/sl_si91x_clock_manager.o
LOAD ./wiseconnect3_sdk_3.5.2/components/device/silabs/si91x/mcu/drivers/systemlevel/src/rsi_bod.o
LOAD ./wiseconnect3_sdk_3.5.2/components/device/silabs/si91x/mcu/drivers/systemlevel/src/rsi_ipmu.o
LOAD ./wiseconnect3_sdk_3.5.2/components/device/silabs/si91x/mcu/drivers/systemlevel/src/rsi_pll.o
LOAD ./wiseconnect3_sdk_3.5.2/components/device/silabs/si91x/mcu/drivers/systemlevel/src/rsi_rtc.o
LOAD ./wiseconnect3_sdk_3.5.2/components/device/silabs/si91x/mcu/drivers/systemlevel/src/rsi_temp_sensor.o
LOAD ./wiseconnect3_sdk_3.5.2/components/device/silabs/si91x/mcu/drivers/systemlevel/src/rsi_time_period.o
LOAD ./wiseconnect3_sdk_3.5.2/components/device/silabs/si91x/mcu/drivers/systemlevel/src/rsi_ulpss_clk.o
LOAD ./wiseconnect3_sdk_3.5.2/components/device/silabs/si91x/mcu/drivers/unified_api/src/rsi_d_cache.o
LOAD ./wiseconnect3_sdk_3.5.2/components/device/silabs/si91x/mcu/drivers/unified_api/src/sl_si91x_adc.o
LOAD ./wiseconnect3_sdk_3.5.2/components/device/silabs/si91x/mcu/drivers/unified_api/src/sl_si91x_bjt_temperature_sensor.o
LOAD ./wiseconnect3_sdk_3.5.2/components/device/silabs/si91x/mcu/drivers/unified_api/src/sl_si91x_config_timer.o
LOAD ./wiseconnect3_sdk_3.5.2/components/device/silabs/si91x/mcu/drivers/unified_api/src/sl_si91x_dma.o
LOAD ./wiseconnect3_sdk_3.5.2/components/device/silabs/si91x/mcu/drivers/unified_api/src/sl_si91x_driver_gpio.o
LOAD ./wiseconnect3_sdk_3.5.2/components/device/silabs/si91x/mcu/drivers/unified_api/src/sl_si91x_gspi.o
LOAD ./wiseconnect3_sdk_3.5.2/components/device/silabs/si91x/mcu/drivers/unified_api/src/sl_si91x_i2c.o
LOAD ./wiseconnect3_sdk_3.5.2/components/device/silabs/si91x/mcu/drivers/unified_api/src/sl_si91x_psram.o
LOAD ./wiseconnect3_sdk_3.5.2/components/device/silabs/si91x/mcu/drivers/unified_api/src/sl_si91x_psram_handle.o
LOAD ./wiseconnect3_sdk_3.5.2/components/device/silabs/si91x/mcu/drivers/unified_api/src/sl_si91x_usart.o
LOAD ./wiseconnect3_sdk_3.5.2/components/device/silabs/si91x/mcu/drivers/unified_peripheral_drivers/src/sl_si91x_peripheral_gpio.o
LOAD ./wiseconnect3_sdk_3.5.2/components/device/silabs/si91x/mcu/drivers/unified_peripheral_drivers/src/sl_si91x_peripheral_i2c.o
LOAD ./z_applications/src/uink_button.o
LOAD ./z_applications/src/uink_eink.o
LOAD ./z_applications/src/uink_led.o
LOAD ./z_drivers/src/uink_aw9523b.o
LOAD ./z_drivers/src/uink_gd25wq64e.o
LOAD ./z_drivers/src/uink_pwr.o
LOAD ./z_drivers/src/uink_ssd.o
LOAD ./z_drivers/src/uink_ssd2683.o
LOAD ./z_peripherals/src/uink_gpio.o
LOAD ./z_peripherals/src/uink_i2c.o
LOAD ./z_peripherals/src/uink_spi.o
LOAD ./z_peripherals/src/uink_timer.o
LOAD ./z_temp/pic_4color_2bit.o
LOAD ./z_temp/rle.o
LOAD d:/siliconlabs/simplicitystudio/v5/developer/toolchains/gnu_arm/12.2.rel1_2023.7/bin/../lib/gcc/arm-none-eabi/12.2.1/thumb/v7e-m+fp/softfp\libgcc.a
LOAD d:/siliconlabs/simplicitystudio/v5/developer/toolchains/gnu_arm/12.2.rel1_2023.7/bin/../lib/gcc/arm-none-eabi/12.2.1/thumb/v7e-m+fp/softfp\libnosys.a
END GROUP
START GROUP
LOAD d:/siliconlabs/simplicitystudio/v5/developer/toolchains/gnu_arm/12.2.rel1_2023.7/bin/../lib/gcc/arm-none-eabi/12.2.1/thumb/v7e-m+fp/softfp\libgcc.a
LOAD d:/siliconlabs/simplicitystudio/v5/developer/toolchains/gnu_arm/12.2.rel1_2023.7/bin/../lib/gcc/arm-none-eabi/12.2.1/thumb/v7e-m+fp/softfp\libc_nano.a
LOAD d:/siliconlabs/simplicitystudio/v5/developer/toolchains/gnu_arm/12.2.rel1_2023.7/bin/../lib/gcc/arm-none-eabi/12.2.1/thumb/v7e-m+fp/softfp\libnosys.a
END GROUP
LOAD d:/siliconlabs/simplicitystudio/v5/developer/toolchains/gnu_arm/12.2.rel1_2023.7/bin/../lib/gcc/arm-none-eabi/12.2.1/thumb/v7e-m+fp/softfp\libstdc++_nano.a
LOAD d:/siliconlabs/simplicitystudio/v5/developer/toolchains/gnu_arm/12.2.rel1_2023.7/bin/../lib/gcc/arm-none-eabi/12.2.1/thumb/v7e-m+fp/softfp\libm.a
LOAD d:/siliconlabs/simplicitystudio/v5/developer/toolchains/gnu_arm/12.2.rel1_2023.7/bin/../lib/gcc/arm-none-eabi/12.2.1/thumb/v7e-m+fp/softfp\libc_nano.a
START GROUP
LOAD d:/siliconlabs/simplicitystudio/v5/developer/toolchains/gnu_arm/12.2.rel1_2023.7/bin/../lib/gcc/arm-none-eabi/12.2.1/thumb/v7e-m+fp/softfp\libgcc.a
LOAD d:/siliconlabs/simplicitystudio/v5/developer/toolchains/gnu_arm/12.2.rel1_2023.7/bin/../lib/gcc/arm-none-eabi/12.2.1/thumb/v7e-m+fp/softfp\libg_nano.a
LOAD d:/siliconlabs/simplicitystudio/v5/developer/toolchains/gnu_arm/12.2.rel1_2023.7/bin/../lib/gcc/arm-none-eabi/12.2.1/thumb/v7e-m+fp/softfp\libc_nano.a
END GROUP
START GROUP
LOAD d:/siliconlabs/simplicitystudio/v5/developer/toolchains/gnu_arm/12.2.rel1_2023.7/bin/../lib/gcc/arm-none-eabi/12.2.1/thumb/v7e-m+fp/softfp\libgcc.a
LOAD d:/siliconlabs/simplicitystudio/v5/developer/toolchains/gnu_arm/12.2.rel1_2023.7/bin/../lib/gcc/arm-none-eabi/12.2.1/thumb/v7e-m+fp/softfp\libc_nano.a
LOAD d:/siliconlabs/simplicitystudio/v5/developer/toolchains/gnu_arm/12.2.rel1_2023.7/bin/../lib/gcc/arm-none-eabi/12.2.1/thumb/v7e-m+fp/softfp\libnosys.a
END GROUP
START GROUP
LOAD d:/siliconlabs/simplicitystudio/v5/developer/toolchains/gnu_arm/12.2.rel1_2023.7/bin/../lib/gcc/arm-none-eabi/12.2.1/thumb/v7e-m+fp/softfp\libgcc.a
LOAD d:/siliconlabs/simplicitystudio/v5/developer/toolchains/gnu_arm/12.2.rel1_2023.7/bin/../lib/gcc/arm-none-eabi/12.2.1/thumb/v7e-m+fp/softfp\libc_nano.a
LOAD d:/siliconlabs/simplicitystudio/v5/developer/toolchains/gnu_arm/12.2.rel1_2023.7/bin/../lib/gcc/arm-none-eabi/12.2.1/thumb/v7e-m+fp/softfp\libnosys.a
END GROUP
LOAD d:/siliconlabs/simplicitystudio/v5/developer/toolchains/gnu_arm/12.2.rel1_2023.7/bin/../lib/gcc/arm-none-eabi/12.2.1/thumb/v7e-m+fp/softfp/crtend.o
LOAD d:/siliconlabs/simplicitystudio/v5/developer/toolchains/gnu_arm/12.2.rel1_2023.7/bin/../lib/gcc/arm-none-eabi/12.2.1/thumb/v7e-m+fp/softfp/crtn.o

.text           0x08202000    0x159c8
 *(.isr_vector)
 .isr_vector    0x08202000      0x16c ./wiseconnect3_sdk_3.5.2/components/device/silabs/si91x/mcu/core/chip/src/startup_si91x.o
                0x08202000                __Vectors
                0x08202180                . = ALIGN (0x20)
 *fill*         0x0820216c       0x14 
 *(EXCLUDE_FILE(*tasks.o *UDMA.o) .text*)
 .text.deregister_tm_clones
                0x08202180       0x1c d:/siliconlabs/simplicitystudio/v5/developer/toolchains/gnu_arm/12.2.rel1_2023.7/bin/../lib/gcc/arm-none-eabi/12.2.1/thumb/v7e-m+fp/softfp/crtbegin.o
 .text.register_tm_clones
                0x0820219c       0x24 d:/siliconlabs/simplicitystudio/v5/developer/toolchains/gnu_arm/12.2.rel1_2023.7/bin/../lib/gcc/arm-none-eabi/12.2.1/thumb/v7e-m+fp/softfp/crtbegin.o
 .text.__do_global_dtors_aux
                0x082021c0       0x28 d:/siliconlabs/simplicitystudio/v5/developer/toolchains/gnu_arm/12.2.rel1_2023.7/bin/../lib/gcc/arm-none-eabi/12.2.1/thumb/v7e-m+fp/softfp/crtbegin.o
 .text.frame_dummy
                0x082021e8       0x24 d:/siliconlabs/simplicitystudio/v5/developer/toolchains/gnu_arm/12.2.rel1_2023.7/bin/../lib/gcc/arm-none-eabi/12.2.1/thumb/v7e-m+fp/softfp/crtbegin.o
 .text.app_init
                0x0820220c       0x7c ./app.o
                0x0820220c                app_init
 .text.app_process_action
                0x08202288        0x2 ./app.o
                0x08202288                app_process_action
 .text.startup.main
                0x0820228a       0x14 ./main.o
                0x0820228a                main
 *fill*         0x0820229e        0x2 
 .text.thread_init
                0x082022a0       0x44 ./uink_thread.o
                0x082022a0                thread_init
 .text.sli_driver_permanent_allocation
                0x082022e4        0x2 ./autogen/sl_event_handler.o
                0x082022e4                sli_driver_permanent_allocation
 .text.sli_service_permanent_allocation
                0x082022e6        0x2 ./autogen/sl_event_handler.o
                0x082022e6                sli_service_permanent_allocation
 .text.sli_stack_permanent_allocation
                0x082022e8        0x2 ./autogen/sl_event_handler.o
                0x082022e8                sli_stack_permanent_allocation
 .text.sli_internal_permanent_allocation
                0x082022ea        0x2 ./autogen/sl_event_handler.o
                0x082022ea                sli_internal_permanent_allocation
 .text.sl_platform_init
                0x082022ec       0x12 ./autogen/sl_event_handler.o
                0x082022ec                sl_platform_init
 .text.sli_internal_init_early
                0x082022fe        0x2 ./autogen/sl_event_handler.o
                0x082022fe                sli_internal_init_early
 .text.sl_kernel_start
                0x08202300        0x4 ./autogen/sl_event_handler.o
                0x08202300                sl_kernel_start
 .text.sl_driver_init
                0x08202304        0x4 ./autogen/sl_event_handler.o
                0x08202304                sl_driver_init
 .text.sl_service_init
                0x08202308        0x2 ./autogen/sl_event_handler.o
                0x08202308                sl_service_init
 .text.sl_stack_init
                0x0820230a        0x2 ./autogen/sl_event_handler.o
                0x0820230a                sl_stack_init
 .text.sl_internal_app_init
                0x0820230c        0x2 ./autogen/sl_event_handler.o
                0x0820230c                sl_internal_app_init
 *fill*         0x0820230e        0x2 
 .text.sl_i2c_init_instances
                0x08202310        0xc ./autogen/sl_i2c_init.o
                0x08202310                sl_i2c_init_instances
 .text.__wrap_main
                0x0820231c        0xc ./simplicity_sdk_2025.6.3/platform/service/sl_main/src/rtos/main_retarget.o
                0x0820231c                __wrap_main
 .text.app_init_pre_clock
                0x08202328        0x2 ./simplicity_sdk_2025.6.3/platform/service/sl_main/src/sl_main_init.o
                0x08202328                app_init_pre_clock
 .text.app_init_early
                0x0820232a        0x2 ./simplicity_sdk_2025.6.3/platform/service/sl_main/src/sl_main_init.o
                0x0820232a                app_init_early
 .text.sl_main_second_stage_init
                0x0820232c       0x1a ./simplicity_sdk_2025.6.3/platform/service/sl_main/src/sl_main_init.o
                0x0820232c                sl_main_second_stage_init
 .text.sl_main_init
                0x08202346       0x26 ./simplicity_sdk_2025.6.3/platform/service/sl_main/src/sl_main_init.o
                0x08202346                sl_main_init
 .text.app_permanent_memory_alloc
                0x0820236c        0x2 ./simplicity_sdk_2025.6.3/platform/service/sl_main/src/sl_main_init_memory.o
                0x0820236c                app_permanent_memory_alloc
 .text.sli_allocate_permanent_memory
                0x0820236e       0x18 ./simplicity_sdk_2025.6.3/platform/service/sl_main/src/sl_main_init_memory.o
                0x0820236e                sli_allocate_permanent_memory
 *fill*         0x08202386        0x2 
 .text.start_task_handler
                0x08202388       0x18 ./simplicity_sdk_2025.6.3/platform/service/sl_main/src/sl_main_kernel.o
 .text.sli_main_kernel_start_task_initialize
                0x082023a0       0x34 ./simplicity_sdk_2025.6.3/platform/service/sl_main/src/sl_main_kernel.o
                0x082023a0                sli_main_kernel_start_task_initialize
 .text.sl_main_kernel_start
                0x082023d4        0x4 ./simplicity_sdk_2025.6.3/platform/service/sl_main/src/sl_main_kernel.o
                0x082023d4                sl_main_kernel_start
 .text.sl_main_start_task_should_continue
                0x082023d8        0x4 ./simplicity_sdk_2025.6.3/platform/service/sl_main/src/sl_main_kernel.o
                0x082023d8                sl_main_start_task_should_continue
 .text.IRQ_Context
                0x082023dc       0x2a ./simplicity_sdk_2025.6.3/util/third_party/freertos/cmsis/Source/cmsis_os2.o
 .text.SysTick_Handler
                0x08202406       0x1a ./simplicity_sdk_2025.6.3/util/third_party/freertos/cmsis/Source/cmsis_os2.o
                0x08202406                SysTick_Handler
 .text.osKernelInitialize
                0x08202420       0x2c ./simplicity_sdk_2025.6.3/util/third_party/freertos/cmsis/Source/cmsis_os2.o
                0x08202420                osKernelInitialize
 .text.osKernelGetState
                0x0820244c       0x20 ./simplicity_sdk_2025.6.3/util/third_party/freertos/cmsis/Source/cmsis_os2.o
                0x0820244c                osKernelGetState
 .text.osKernelStart
                0x0820246c       0x38 ./simplicity_sdk_2025.6.3/util/third_party/freertos/cmsis/Source/cmsis_os2.o
                0x0820246c                osKernelStart
 .text.osKernelGetTickCount
                0x082024a4       0x18 ./simplicity_sdk_2025.6.3/util/third_party/freertos/cmsis/Source/cmsis_os2.o
                0x082024a4                osKernelGetTickCount
 .text.osThreadNew
                0x082024bc       0xaa ./simplicity_sdk_2025.6.3/util/third_party/freertos/cmsis/Source/cmsis_os2.o
                0x082024bc                osThreadNew
 .text.osThreadTerminate
                0x08202566       0x34 ./simplicity_sdk_2025.6.3/util/third_party/freertos/cmsis/Source/cmsis_os2.o
                0x08202566                osThreadTerminate
 .text.osDelay  0x0820259a       0x1c ./simplicity_sdk_2025.6.3/util/third_party/freertos/cmsis/Source/cmsis_os2.o
                0x0820259a                osDelay
 .text.osMutexNew
                0x082025b6       0x7a ./simplicity_sdk_2025.6.3/util/third_party/freertos/cmsis/Source/cmsis_os2.o
                0x082025b6                osMutexNew
 .text.osMutexAcquire
                0x08202630       0x4a ./simplicity_sdk_2025.6.3/util/third_party/freertos/cmsis/Source/cmsis_os2.o
                0x08202630                osMutexAcquire
 .text.osMutexRelease
                0x0820267a       0x44 ./simplicity_sdk_2025.6.3/util/third_party/freertos/cmsis/Source/cmsis_os2.o
                0x0820267a                osMutexRelease
 .text.osSemaphoreNew
                0x082026be       0xa2 ./simplicity_sdk_2025.6.3/util/third_party/freertos/cmsis/Source/cmsis_os2.o
                0x082026be                osSemaphoreNew
 .text.osSemaphoreAcquire
                0x08202760       0x64 ./simplicity_sdk_2025.6.3/util/third_party/freertos/cmsis/Source/cmsis_os2.o
                0x08202760                osSemaphoreAcquire
 .text.osSemaphoreRelease
                0x082027c4       0x58 ./simplicity_sdk_2025.6.3/util/third_party/freertos/cmsis/Source/cmsis_os2.o
                0x082027c4                osSemaphoreRelease
 .text.osMessageQueueNew
                0x0820281c       0x80 ./simplicity_sdk_2025.6.3/util/third_party/freertos/cmsis/Source/cmsis_os2.o
                0x0820281c                osMessageQueueNew
 .text.osMessageQueuePut
                0x0820289c       0x70 ./simplicity_sdk_2025.6.3/util/third_party/freertos/cmsis/Source/cmsis_os2.o
                0x0820289c                osMessageQueuePut
 .text.osMessageQueueGet
                0x0820290c       0x6c ./simplicity_sdk_2025.6.3/util/third_party/freertos/cmsis/Source/cmsis_os2.o
                0x0820290c                osMessageQueueGet
 .text.vApplicationGetIdleTaskMemory
                0x08202978       0x18 ./simplicity_sdk_2025.6.3/util/third_party/freertos/cmsis/Source/cmsis_os2.o
                0x08202978                vApplicationGetIdleTaskMemory
 .text.vApplicationGetTimerTaskMemory
                0x08202990       0x18 ./simplicity_sdk_2025.6.3/util/third_party/freertos/cmsis/Source/cmsis_os2.o
                0x08202990                vApplicationGetTimerTaskMemory
 .text.vListInitialise
                0x082029a8       0x16 ./simplicity_sdk_2025.6.3/util/third_party/freertos/kernel/list.o
                0x082029a8                vListInitialise
 .text.vListInitialiseItem
                0x082029be        0x6 ./simplicity_sdk_2025.6.3/util/third_party/freertos/kernel/list.o
                0x082029be                vListInitialiseItem
 .text.vListInsertEnd
                0x082029c4       0x16 ./simplicity_sdk_2025.6.3/util/third_party/freertos/kernel/list.o
                0x082029c4                vListInsertEnd
 .text.vListInsert
                0x082029da       0x2e ./simplicity_sdk_2025.6.3/util/third_party/freertos/kernel/list.o
                0x082029da                vListInsert
 .text.uxListRemove
                0x08202a08       0x1e ./simplicity_sdk_2025.6.3/util/third_party/freertos/kernel/list.o
                0x08202a08                uxListRemove
 .text.prvIsQueueEmpty
                0x08202a26       0x16 ./simplicity_sdk_2025.6.3/util/third_party/freertos/kernel/queue.o
 .text.prvCopyDataToQueue
                0x08202a3c       0x66 ./simplicity_sdk_2025.6.3/util/third_party/freertos/kernel/queue.o
 .text.prvCopyDataFromQueue
                0x08202aa2       0x2c ./simplicity_sdk_2025.6.3/util/third_party/freertos/kernel/queue.o
 .text.prvUnlockQueue
                0x08202ace       0x70 ./simplicity_sdk_2025.6.3/util/third_party/freertos/kernel/queue.o
 .text.xQueueGenericReset
                0x08202b3e       0x9a ./simplicity_sdk_2025.6.3/util/third_party/freertos/kernel/queue.o
                0x08202b3e                xQueueGenericReset
 .text.xQueueGenericCreateStatic
                0x08202bd8       0x82 ./simplicity_sdk_2025.6.3/util/third_party/freertos/kernel/queue.o
                0x08202bd8                xQueueGenericCreateStatic
 .text.xQueueGenericCreate
                0x08202c5a       0x60 ./simplicity_sdk_2025.6.3/util/third_party/freertos/kernel/queue.o
                0x08202c5a                xQueueGenericCreate
 .text.xQueueCreateCountingSemaphoreStatic
                0x08202cba       0x32 ./simplicity_sdk_2025.6.3/util/third_party/freertos/kernel/queue.o
                0x08202cba                xQueueCreateCountingSemaphoreStatic
 .text.xQueueCreateCountingSemaphore
                0x08202cec       0x2a ./simplicity_sdk_2025.6.3/util/third_party/freertos/kernel/queue.o
                0x08202cec                xQueueCreateCountingSemaphore
 .text.xQueueGenericSend
                0x08202d16      0x178 ./simplicity_sdk_2025.6.3/util/third_party/freertos/kernel/queue.o
                0x08202d16                xQueueGenericSend
 .text.xQueueCreateMutexStatic
                0x08202e8e       0x2a ./simplicity_sdk_2025.6.3/util/third_party/freertos/kernel/queue.o
                0x08202e8e                xQueueCreateMutexStatic
 .text.xQueueGiveMutexRecursive
                0x08202eb8       0x3e ./simplicity_sdk_2025.6.3/util/third_party/freertos/kernel/queue.o
                0x08202eb8                xQueueGiveMutexRecursive
 .text.xQueueCreateMutex
                0x08202ef6       0x24 ./simplicity_sdk_2025.6.3/util/third_party/freertos/kernel/queue.o
                0x08202ef6                xQueueCreateMutex
 .text.xQueueGenericSendFromISR
                0x08202f1a       0xd8 ./simplicity_sdk_2025.6.3/util/third_party/freertos/kernel/queue.o
                0x08202f1a                xQueueGenericSendFromISR
 .text.xQueueGiveFromISR
                0x08202ff2       0xc0 ./simplicity_sdk_2025.6.3/util/third_party/freertos/kernel/queue.o
                0x08202ff2                xQueueGiveFromISR
 .text.xQueueReceive
                0x082030b2      0x13e ./simplicity_sdk_2025.6.3/util/third_party/freertos/kernel/queue.o
                0x082030b2                xQueueReceive
 .text.xQueueSemaphoreTake
                0x082031f0      0x168 ./simplicity_sdk_2025.6.3/util/third_party/freertos/kernel/queue.o
                0x082031f0                xQueueSemaphoreTake
 .text.xQueueTakeMutexRecursive
                0x08203358       0x42 ./simplicity_sdk_2025.6.3/util/third_party/freertos/kernel/queue.o
                0x08203358                xQueueTakeMutexRecursive
 .text.xQueueReceiveFromISR
                0x0820339a       0xb8 ./simplicity_sdk_2025.6.3/util/third_party/freertos/kernel/queue.o
                0x0820339a                xQueueReceiveFromISR
 *fill*         0x08203452        0x2 
 .text.vQueueAddToRegistry
                0x08203454       0x50 ./simplicity_sdk_2025.6.3/util/third_party/freertos/kernel/queue.o
                0x08203454                vQueueAddToRegistry
 .text.vQueueUnregisterQueue
                0x082034a4       0x44 ./simplicity_sdk_2025.6.3/util/third_party/freertos/kernel/queue.o
                0x082034a4                vQueueUnregisterQueue
 .text.vQueueDelete
                0x082034e8       0x2a ./simplicity_sdk_2025.6.3/util/third_party/freertos/kernel/queue.o
                0x082034e8                vQueueDelete
 .text.vQueueWaitForMessageRestricted
                0x08203512       0x46 ./simplicity_sdk_2025.6.3/util/third_party/freertos/kernel/queue.o
                0x08203512                vQueueWaitForMessageRestricted
 .text.prvInsertTimerInActiveList
                0x08203558       0x3c ./simplicity_sdk_2025.6.3/util/third_party/freertos/kernel/timers.o
 .text.prvReloadTimer
                0x08203594       0x26 ./simplicity_sdk_2025.6.3/util/third_party/freertos/kernel/timers.o
 *fill*         0x082035ba        0x2 
 .text.prvProcessExpiredTimer
                0x082035bc       0x40 ./simplicity_sdk_2025.6.3/util/third_party/freertos/kernel/timers.o
 .text.prvSampleTimeNow
                0x082035fc       0x4c ./simplicity_sdk_2025.6.3/util/third_party/freertos/kernel/timers.o
 .text.prvTimerTask
                0x08203648      0x180 ./simplicity_sdk_2025.6.3/util/third_party/freertos/kernel/timers.o
 .text.prvCheckForValidListAndQueue
                0x082037c8       0x68 ./simplicity_sdk_2025.6.3/util/third_party/freertos/kernel/timers.o
 .text.xTimerCreateTimerTask
                0x08203830       0x64 ./simplicity_sdk_2025.6.3/util/third_party/freertos/kernel/timers.o
                0x08203830                xTimerCreateTimerTask
 *fill*         0x08203894        0xc 
 .text.SVC_Handler
                0x082038a0       0x24 ./simplicity_sdk_2025.6.3/util/third_party/freertos/kernel/portable/GCC/ARM_CM4F/port.o
                0x082038a0                SVC_Handler
 .text.prvPortStartFirstTask
                0x082038c4       0x28 ./simplicity_sdk_2025.6.3/util/third_party/freertos/kernel/portable/GCC/ARM_CM4F/port.o
 *fill*         0x082038ec        0x4 
 .text.PendSV_Handler
                0x082038f0       0x64 ./simplicity_sdk_2025.6.3/util/third_party/freertos/kernel/portable/GCC/ARM_CM4F/port.o
                0x082038f0                PendSV_Handler
 .text.vPortEnableVFP
                0x08203954       0x14 ./simplicity_sdk_2025.6.3/util/third_party/freertos/kernel/portable/GCC/ARM_CM4F/port.o
 .text.prvTaskExitError
                0x08203968       0x40 ./simplicity_sdk_2025.6.3/util/third_party/freertos/kernel/portable/GCC/ARM_CM4F/port.o
 .text.pxPortInitialiseStack
                0x082039a8       0x2c ./simplicity_sdk_2025.6.3/util/third_party/freertos/kernel/portable/GCC/ARM_CM4F/port.o
                0x082039a8                pxPortInitialiseStack
 .text.vPortEnterCritical
                0x082039d4       0x40 ./simplicity_sdk_2025.6.3/util/third_party/freertos/kernel/portable/GCC/ARM_CM4F/port.o
                0x082039d4                vPortEnterCritical
 .text.vPortExitCritical
                0x08203a14       0x28 ./simplicity_sdk_2025.6.3/util/third_party/freertos/kernel/portable/GCC/ARM_CM4F/port.o
                0x08203a14                vPortExitCritical
 .text.xPortSysTickHandler
                0x08203a3c       0x2c ./simplicity_sdk_2025.6.3/util/third_party/freertos/kernel/portable/GCC/ARM_CM4F/port.o
                0x08203a3c                xPortSysTickHandler
 .text.vPortSetupTimerInterrupt
                0x08203a68       0x24 ./simplicity_sdk_2025.6.3/util/third_party/freertos/kernel/portable/GCC/ARM_CM4F/port.o
                0x08203a68                vPortSetupTimerInterrupt
 .text.xPortStartScheduler
                0x08203a8c      0x178 ./simplicity_sdk_2025.6.3/util/third_party/freertos/kernel/portable/GCC/ARM_CM4F/port.o
                0x08203a8c                xPortStartScheduler
 .text.vPortValidateInterruptPriority
                0x08203c04       0x5c ./simplicity_sdk_2025.6.3/util/third_party/freertos/kernel/portable/GCC/ARM_CM4F/port.o
                0x08203c04                vPortValidateInterruptPriority
 .text.pvPortMalloc
                0x08203c60      0x1ac ./simplicity_sdk_2025.6.3/util/third_party/freertos/kernel/portable/MemMang/heap_4.o
                0x08203c60                pvPortMalloc
 .text.vPortFree
                0x08203e0c      0x104 ./simplicity_sdk_2025.6.3/util/third_party/freertos/kernel/portable/MemMang/heap_4.o
                0x08203e0c                vPortFree
 .text.init_ipmu_calib_data
                0x08203f10       0x54 ./wiseconnect3_sdk_3.5.2/components/device/silabs/si91x/mcu/core/chip/src/iPMU_prog/iPMU_dotc/ipmu_apis.o
                0x08203f10                init_ipmu_calib_data
 .text.program_ipmu_data
                0x08203f64       0x54 ./wiseconnect3_sdk_3.5.2/components/device/silabs/si91x/mcu/core/chip/src/iPMU_prog/iPMU_dotc/ipmu_apis.o
                0x08203f64                program_ipmu_data
 .text.ipmu_init_mcu
                0x08203fb8       0x94 ./wiseconnect3_sdk_3.5.2/components/device/silabs/si91x/mcu/core/chip/src/iPMU_prog/iPMU_dotc/ipmu_apis.o
                0x08203fb8                ipmu_init_mcu
 .text.ipmu_init
                0x0820404c       0xa8 ./wiseconnect3_sdk_3.5.2/components/device/silabs/si91x/mcu/core/chip/src/iPMU_prog/iPMU_dotc/ipmu_apis.o
                0x0820404c                ipmu_init
 .text.configure_ipmu_mode
                0x082040f4       0x38 ./wiseconnect3_sdk_3.5.2/components/device/silabs/si91x/mcu/core/chip/src/iPMU_prog/iPMU_dotc/ipmu_apis.o
                0x082040f4                configure_ipmu_mode
 .text.RSI_PS_RestoreCpuContext
                0x0820412c       0x34 ./wiseconnect3_sdk_3.5.2/components/device/silabs/si91x/mcu/core/chip/src/rsi_deepsleep_soc.o
                0x0820412c                RSI_PS_RestoreCpuContext
 .text.RSI_Set_Cntrls_To_M4
                0x08204160       0x50 ./wiseconnect3_sdk_3.5.2/components/device/silabs/si91x/mcu/core/chip/src/rsi_deepsleep_soc.o
                0x08204160                RSI_Set_Cntrls_To_M4
 .text.Default_Handler
                0x082041b0        0x2 ./wiseconnect3_sdk_3.5.2/components/device/silabs/si91x/mcu/core/chip/src/startup_si91x.o
                0x082041b0                DebugMon_Handler
                0x082041b0                IRQ031_Handler
                0x082041b0                HardFault_Handler
                0x082041b0                IRQ095_Handler
                0x082041b0                IRQ065_Handler
                0x082041b0                IRQ093_Handler
                0x082041b0                NMI_Handler
                0x082041b0                IRQ014_Handler
                0x082041b0                IRQ027_Handler
                0x082041b0                IRQ062_Handler
                0x082041b0                IRQ097_Handler
                0x082041b0                IRQ088_Handler
                0x082041b0                IRQ071_Handler
                0x082041b0                IRQ067_Handler
                0x082041b0                IRQ070_Handler
                0x082041b0                IRQ077_Handler
                0x082041b0                IRQ028_Handler
                0x082041b0                IRQ063_Handler
                0x082041b0                IRQ076_Handler
                0x082041b0                UsageFault_Handler
                0x082041b0                IRQ023_Handler
                0x082041b0                IRQ009_Handler
                0x082041b0                IRQ048_Handler
                0x082041b0                IRQ083_Handler
                0x082041b0                IRQ089_Handler
                0x082041b0                HIF1_IRQHandler
                0x082041b0                IRQ037_Handler
                0x082041b0                IRQ074_Handler
                0x082041b0                IRQ072_Handler
                0x082041b0                IRQ008_Handler
                0x082041b0                IRQ047_Handler
                0x082041b0                IRQ082_Handler
                0x082041b0                IRQ022_Handler
                0x082041b0                IRQ007_Handler
                0x082041b0                IRQ081_Handler
                0x082041b0                IRQ004_Handler
                0x082041b0                IRQ043_Handler
                0x082041b0                IRQ002_Handler
                0x082041b0                IRQ041_Handler
                0x082041b0                IRQ098_Handler
                0x082041b0                IRQ000_Handler
                0x082041b0                IRQ005_Handler
                0x082041b0                IRQ044_Handler
                0x082041b0                IRQ049_Handler
                0x082041b0                IRQ084_Handler
                0x082041b0                IRQ006_Handler
                0x082041b0                IRQ045_Handler
                0x082041b0                IRQ080_Handler
                0x082041b0                IRQ015_Handler
                0x082041b0                MemManage_Handler
                0x082041b0                HIF2_IRQHandler
                0x082041b0                IRQ001_Handler
                0x082041b0                IRQ040_Handler
                0x082041b0                IRQ068_Handler
                0x082041b0                IRQ096_Handler
                0x082041b0                IRQ003_Handler
                0x082041b0                IRQ024_Handler
                0x082041b0                IRQ016_Handler
                0x082041b0                IRQ090_Handler
                0x082041b0                IRQ078_Handler
                0x082041b0                IRQ032_Handler
                0x082041b0                IRQ020_Handler
                0x082041b0                IRQ073_Handler
                0x082041b0                IRQ092_Handler
                0x082041b0                IRQ087_Handler
                0x082041b0                IRQ026_Handler
                0x082041b0                IRQ025_Handler
                0x082041b0                IRQ060_Handler
                0x082041b0                IRQ085_Handler
                0x082041b0                IRQ030_Handler
                0x082041b0                IRQ029_Handler
                0x082041b0                IRQ064_Handler
                0x082041b0                IRQ066_Handler
                0x082041b0                IRQ017_Handler
                0x082041b0                IRQ091_Handler
                0x082041b0                BusFault_Handler
                0x082041b0                IRQ069_Handler
                0x082041b0                IRQ075_Handler
                0x082041b0                IRQ086_Handler
                0x082041b0                IRQ094_Handler
                0x082041b0                IRQ079_Handler
 .text.Default_Reset_Handler
                0x082041b2        0x2 ./wiseconnect3_sdk_3.5.2/components/device/silabs/si91x/mcu/core/chip/src/startup_si91x.o
                0x082041b2                Default_Reset_Handler
                0x082041b2                Reset_Handler
 .text.Copy_Table
                0x082041b4       0x24 ./wiseconnect3_sdk_3.5.2/components/device/silabs/si91x/mcu/core/chip/src/startup_si91x.o
                0x082041b4                Copy_Table
 .text.Zero_Table
                0x082041d8       0x24 ./wiseconnect3_sdk_3.5.2/components/device/silabs/si91x/mcu/core/chip/src/startup_si91x.o
                0x082041d8                Zero_Table
 .text.RSI_Default_Reset_Handler
                0x082041fc       0x16 ./wiseconnect3_sdk_3.5.2/components/device/silabs/si91x/mcu/core/chip/src/startup_si91x.o
                0x082041fc                RSI_Default_Reset_Handler
 *fill*         0x08204212        0x2 
 .text.SystemCoreClockUpdate
                0x08204214      0x128 ./wiseconnect3_sdk_3.5.2/components/device/silabs/si91x/mcu/core/chip/src/system_si91x.o
                0x08204214                SystemCoreClockUpdate
 .text.fpuInit  0x0820433c       0x44 ./wiseconnect3_sdk_3.5.2/components/device/silabs/si91x/mcu/core/chip/src/system_si91x.o
                0x0820433c                fpuInit
 .text.SystemInit
                0x08204380       0xe4 ./wiseconnect3_sdk_3.5.2/components/device/silabs/si91x/mcu/core/chip/src/system_si91x.o
                0x08204380                SystemInit
 .text.ARM_UART_SignalEvent
                0x08204464       0x54 ./wiseconnect3_sdk_3.5.2/components/device/silabs/si91x/mcu/core/common/src/rsi_debug.o
                0x08204464                ARM_UART_SignalEvent
 .text.Board_Debug_Init
                0x082044b8       0x58 ./wiseconnect3_sdk_3.5.2/components/device/silabs/si91x/mcu/core/common/src/rsi_debug.o
                0x082044b8                Board_Debug_Init
 .text.Board_UARTGetChar
                0x08204510       0x30 ./wiseconnect3_sdk_3.5.2/components/device/silabs/si91x/mcu/core/common/src/rsi_debug.o
                0x08204510                Board_UARTGetChar
 .text.Board_UARTPutChar
                0x08204540       0x30 ./wiseconnect3_sdk_3.5.2/components/device/silabs/si91x/mcu/core/common/src/rsi_debug.o
                0x08204540                Board_UARTPutChar
 .text.read_exclude_space
                0x08204570       0x20 ./wiseconnect3_sdk_3.5.2/components/device/silabs/si91x/mcu/core/common/src/syscalls.o
 .text._getpid  0x08204590        0x4 ./wiseconnect3_sdk_3.5.2/components/device/silabs/si91x/mcu/core/common/src/syscalls.o
                0x08204590                _getpid
 .text._kill    0x08204594       0x10 ./wiseconnect3_sdk_3.5.2/components/device/silabs/si91x/mcu/core/common/src/syscalls.o
                0x08204594                _kill
 .text._exit    0x082045a4        0xc ./wiseconnect3_sdk_3.5.2/components/device/silabs/si91x/mcu/core/common/src/syscalls.o
                0x082045a4                _exit
 .text._write   0x082045b0       0x44 ./wiseconnect3_sdk_3.5.2/components/device/silabs/si91x/mcu/core/common/src/syscalls.o
                0x082045b0                _write
 .text._close   0x082045f4        0x6 ./wiseconnect3_sdk_3.5.2/components/device/silabs/si91x/mcu/core/common/src/syscalls.o
                0x082045f4                _close
 .text._fstat   0x082045fa        0xa ./wiseconnect3_sdk_3.5.2/components/device/silabs/si91x/mcu/core/common/src/syscalls.o
                0x082045fa                _fstat
 .text._isatty  0x08204604        0x4 ./wiseconnect3_sdk_3.5.2/components/device/silabs/si91x/mcu/core/common/src/syscalls.o
                0x08204604                _isatty
 .text._lseek   0x08204608        0x4 ./wiseconnect3_sdk_3.5.2/components/device/silabs/si91x/mcu/core/common/src/syscalls.o
                0x08204608                _lseek
 .text._read    0x0820460c      0x300 ./wiseconnect3_sdk_3.5.2/components/device/silabs/si91x/mcu/core/common/src/syscalls.o
                0x0820460c                _read
 .text.sl_si91x_device_init_nvic
                0x0820490c       0x18 ./wiseconnect3_sdk_3.5.2/components/device/silabs/si91x/mcu/core/config/src/rsi_nvic_priorities_config.o
                0x0820490c                sl_si91x_device_init_nvic
 .text.GSPI_MASTER_GetVersion
                0x08204924       0x20 ./wiseconnect3_sdk_3.5.2/components/device/silabs/si91x/mcu/drivers/cmsis_driver/GSPI.o
                0x08204924                GSPI_MASTER_GetVersion
 .text.GSPI_MASTER_GetCapabilities
                0x08204944        0x4 ./wiseconnect3_sdk_3.5.2/components/device/silabs/si91x/mcu/drivers/cmsis_driver/GSPI.o
                0x08204944                GSPI_MASTER_GetCapabilities
 .text.GSPI_MASTER_GetStatus
                0x08204948        0xc ./wiseconnect3_sdk_3.5.2/components/device/silabs/si91x/mcu/drivers/cmsis_driver/GSPI.o
 .text.GSPI_MASTER_Control
                0x08204954       0x3c ./wiseconnect3_sdk_3.5.2/components/device/silabs/si91x/mcu/drivers/cmsis_driver/GSPI.o
 .text.GSPI_MASTER_GetDataCount
                0x08204990        0xc ./wiseconnect3_sdk_3.5.2/components/device/silabs/si91x/mcu/drivers/cmsis_driver/GSPI.o
 .text.GSPI_MASTER_Transfer
                0x0820499c       0x2c ./wiseconnect3_sdk_3.5.2/components/device/silabs/si91x/mcu/drivers/cmsis_driver/GSPI.o
 .text.GSPI_MASTER_Receive
                0x082049c8       0x2c ./wiseconnect3_sdk_3.5.2/components/device/silabs/si91x/mcu/drivers/cmsis_driver/GSPI.o
 .text.GSPI_MASTER_Send
                0x082049f4       0x2c ./wiseconnect3_sdk_3.5.2/components/device/silabs/si91x/mcu/drivers/cmsis_driver/GSPI.o
 .text.GSPI_MASTER_PowerControl
                0x08204a20        0xc ./wiseconnect3_sdk_3.5.2/components/device/silabs/si91x/mcu/drivers/cmsis_driver/GSPI.o
 .text.GSPI_MASTER_Uninitialize
                0x08204a2c       0x10 ./wiseconnect3_sdk_3.5.2/components/device/silabs/si91x/mcu/drivers/cmsis_driver/GSPI.o
 .text.GSPI_MASTER_Initialize
                0x08204a3c       0x30 ./wiseconnect3_sdk_3.5.2/components/device/silabs/si91x/mcu/drivers/cmsis_driver/GSPI.o
 .text.RSI_GSPI_SetSlaveSelectNumber
                0x08204a6c        0xc ./wiseconnect3_sdk_3.5.2/components/device/silabs/si91x/mcu/drivers/cmsis_driver/GSPI.o
                0x08204a6c                RSI_GSPI_SetSlaveSelectNumber
 .text.IRQ046_Handler
                0x08204a78        0xc ./wiseconnect3_sdk_3.5.2/components/device/silabs/si91x/mcu/drivers/cmsis_driver/GSPI.o
                0x08204a78                IRQ046_Handler
 .text.GSPI_SwapReadWriteByte
                0x08204a84       0x48 ./wiseconnect3_sdk_3.5.2/components/device/silabs/si91x/mcu/drivers/cmsis_driver/GSPI.o
                0x08204a84                GSPI_SwapReadWriteByte
 .text.GSPI_GetInitState
                0x08204acc       0x10 ./wiseconnect3_sdk_3.5.2/components/device/silabs/si91x/mcu/drivers/cmsis_driver/GSPI.o
                0x08204acc                GSPI_GetInitState
 .text.gspi_transfer_complete_callback
                0x08204adc       0x20 ./wiseconnect3_sdk_3.5.2/components/device/silabs/si91x/mcu/drivers/cmsis_driver/GSPI.o
                0x08204adc                gspi_transfer_complete_callback
 .text.gspi_error_callback
                0x08204afc       0x20 ./wiseconnect3_sdk_3.5.2/components/device/silabs/si91x/mcu/drivers/cmsis_driver/GSPI.o
                0x08204afc                gspi_error_callback
 .text.GSPI_WriteDummyByte
                0x08204b1c        0xc ./wiseconnect3_sdk_3.5.2/components/device/silabs/si91x/mcu/drivers/cmsis_driver/GSPI.o
                0x08204b1c                GSPI_WriteDummyByte
 .text.ARM_USARTx_GetVersion
                0x08204b28       0x20 ./wiseconnect3_sdk_3.5.2/components/device/silabs/si91x/mcu/drivers/cmsis_driver/USART.o
                0x08204b28                ARM_USARTx_GetVersion
 .text.ARM_ULP_UART_GetCapabilities
                0x08204b48        0xc ./wiseconnect3_sdk_3.5.2/components/device/silabs/si91x/mcu/drivers/cmsis_driver/USART.o
 .text.ARM_ULP_UART_GetModemStatus
                0x08204b54        0xc ./wiseconnect3_sdk_3.5.2/components/device/silabs/si91x/mcu/drivers/cmsis_driver/USART.o
 .text.ARM_ULP_UART_SetModemControl
                0x08204b60        0xc ./wiseconnect3_sdk_3.5.2/components/device/silabs/si91x/mcu/drivers/cmsis_driver/USART.o
 .text.ARM_ULP_UART_GetStatus
                0x08204b6c        0xc ./wiseconnect3_sdk_3.5.2/components/device/silabs/si91x/mcu/drivers/cmsis_driver/USART.o
 .text.ARM_ULP_UART_Control
                0x08204b78       0x34 ./wiseconnect3_sdk_3.5.2/components/device/silabs/si91x/mcu/drivers/cmsis_driver/USART.o
 .text.ARM_ULP_UART_GetRxCount
                0x08204bac        0xc ./wiseconnect3_sdk_3.5.2/components/device/silabs/si91x/mcu/drivers/cmsis_driver/USART.o
 .text.ARM_ULP_UART_GetTxCount
                0x08204bb8        0xc ./wiseconnect3_sdk_3.5.2/components/device/silabs/si91x/mcu/drivers/cmsis_driver/USART.o
 .text.ARM_ULP_UART_Transfer
                0x08204bc4       0x54 ./wiseconnect3_sdk_3.5.2/components/device/silabs/si91x/mcu/drivers/cmsis_driver/USART.o
 .text.ARM_ULP_UART_Receive
                0x08204c18       0x48 ./wiseconnect3_sdk_3.5.2/components/device/silabs/si91x/mcu/drivers/cmsis_driver/USART.o
 .text.ARM_ULP_UART_Send
                0x08204c60       0x48 ./wiseconnect3_sdk_3.5.2/components/device/silabs/si91x/mcu/drivers/cmsis_driver/USART.o
 .text.ARM_ULP_UART_PowerControl
                0x08204ca8       0x18 ./wiseconnect3_sdk_3.5.2/components/device/silabs/si91x/mcu/drivers/cmsis_driver/USART.o
 .text.ARM_ULP_UART_Uninitialize
                0x08204cc0       0x1c ./wiseconnect3_sdk_3.5.2/components/device/silabs/si91x/mcu/drivers/cmsis_driver/USART.o
 .text.ARM_ULP_UART_Initialize
                0x08204cdc       0x30 ./wiseconnect3_sdk_3.5.2/components/device/silabs/si91x/mcu/drivers/cmsis_driver/USART.o
 .text.ULPUART_UDMA_Tx_Event
                0x08204d0c        0xc ./wiseconnect3_sdk_3.5.2/components/device/silabs/si91x/mcu/drivers/cmsis_driver/USART.o
                0x08204d0c                ULPUART_UDMA_Tx_Event
 .text.ULPUART_UDMA_Rx_Event
                0x08204d18        0xc ./wiseconnect3_sdk_3.5.2/components/device/silabs/si91x/mcu/drivers/cmsis_driver/USART.o
                0x08204d18                ULPUART_UDMA_Rx_Event
 .text.IRQ038_Handler
                0x08204d24        0xc ./wiseconnect3_sdk_3.5.2/components/device/silabs/si91x/mcu/drivers/cmsis_driver/USART.o
                0x08204d24                IRQ038_Handler
 .text.IRQ039_Handler
                0x08204d30        0xc ./wiseconnect3_sdk_3.5.2/components/device/silabs/si91x/mcu/drivers/cmsis_driver/USART.o
                0x08204d30                IRQ039_Handler
 .text.IRQ012_Handler
                0x08204d3c        0xc ./wiseconnect3_sdk_3.5.2/components/device/silabs/si91x/mcu/drivers/cmsis_driver/USART.o
                0x08204d3c                IRQ012_Handler
 .text.RSI_ULPUartHandler
                0x08204d48        0x4 ./wiseconnect3_sdk_3.5.2/components/device/silabs/si91x/mcu/drivers/cmsis_driver/USART.o
                0x08204d48                RSI_ULPUartHandler
 .text.usart_transfer_complete_callback
                0x08204d4c       0x1c ./wiseconnect3_sdk_3.5.2/components/device/silabs/si91x/mcu/drivers/cmsis_driver/USART.o
                0x08204d4c                usart_transfer_complete_callback
 .text.usart_error_callback
                0x08204d68       0x20 ./wiseconnect3_sdk_3.5.2/components/device/silabs/si91x/mcu/drivers/cmsis_driver/USART.o
                0x08204d68                usart_error_callback
 .text.RSI_AUX_RefVoltageConfig
                0x08204d88       0xe8 ./wiseconnect3_sdk_3.5.2/components/device/silabs/si91x/mcu/drivers/peripheral_drivers/src/aux_reference_volt_config.o
                0x08204d88                RSI_AUX_RefVoltageConfig
 .text.RSI_CLK_GetM4RefClock
                0x08204e70       0x30 ./wiseconnect3_sdk_3.5.2/components/device/silabs/si91x/mcu/drivers/peripheral_drivers/src/clock_update.o
 .text.RSI_CLK_GetUlpssTouchClock
                0x08204ea0       0x48 ./wiseconnect3_sdk_3.5.2/components/device/silabs/si91x/mcu/drivers/peripheral_drivers/src/clock_update.o
 .text.RSI_CLK_GetQspi2Clock
                0x08204ee8       0x50 ./wiseconnect3_sdk_3.5.2/components/device/silabs/si91x/mcu/drivers/peripheral_drivers/src/clock_update.o
 .text.RSI_CLK_GetUart1Clock
                0x08204f38       0x74 ./wiseconnect3_sdk_3.5.2/components/device/silabs/si91x/mcu/drivers/peripheral_drivers/src/clock_update.o
 .text.RSI_CLK_GetBaseClock
                0x08204fac      0x334 ./wiseconnect3_sdk_3.5.2/components/device/silabs/si91x/mcu/drivers/peripheral_drivers/src/clock_update.o
                0x08204fac                RSI_CLK_GetBaseClock
 .text.RSI_EGPIO_HostPadsGpioModeDisable
                0x082052e0       0x10 ./wiseconnect3_sdk_3.5.2/components/device/silabs/si91x/mcu/drivers/peripheral_drivers/src/rsi_adc.o
 .text.RSI_EGPIO_PadReceiverDisable
                0x082052f0       0x10 ./wiseconnect3_sdk_3.5.2/components/device/silabs/si91x/mcu/drivers/peripheral_drivers/src/rsi_adc.o
 .text.RSI_EGPIO_UlpPadReceiverDisable
                0x08205300       0x10 ./wiseconnect3_sdk_3.5.2/components/device/silabs/si91x/mcu/drivers/peripheral_drivers/src/rsi_adc.o
 .text.adc_dac_ceil
                0x08205310       0x2a ./wiseconnect3_sdk_3.5.2/components/device/silabs/si91x/mcu/drivers/peripheral_drivers/src/rsi_adc.o
 *fill*         0x0820533a        0x2 
 .text.ADC_DMA_Transfer_Complete
                0x0820533c       0x10 ./wiseconnect3_sdk_3.5.2/components/device/silabs/si91x/mcu/drivers/peripheral_drivers/src/rsi_adc.o
                0x0820533c                ADC_DMA_Transfer_Complete
 .text.ADC_DMA_Error_Callback
                0x0820534c        0x4 ./wiseconnect3_sdk_3.5.2/components/device/silabs/si91x/mcu/drivers/peripheral_drivers/src/rsi_adc.o
                0x0820534c                ADC_DMA_Error_Callback
 .text.RSI_EGPIO_SetPinMux.constprop.0
                0x08205350       0x1c ./wiseconnect3_sdk_3.5.2/components/device/silabs/si91x/mcu/drivers/peripheral_drivers/src/rsi_adc.o
 .text.RSI_ADC_PowerControl.part.0
                0x0820536c       0x40 ./wiseconnect3_sdk_3.5.2/components/device/silabs/si91x/mcu/drivers/peripheral_drivers/src/rsi_adc.o
 .text.ADC_Start
                0x082053ac       0x38 ./wiseconnect3_sdk_3.5.2/components/device/silabs/si91x/mcu/drivers/peripheral_drivers/src/rsi_adc.o
                0x082053ac                ADC_Start
 .text.cal_adc_channel_offset
                0x082053e4       0xa4 ./wiseconnect3_sdk_3.5.2/components/device/silabs/si91x/mcu/drivers/peripheral_drivers/src/rsi_adc.o
                0x082053e4                cal_adc_channel_offset
 .text.check_power_two
                0x08205488       0x12 ./wiseconnect3_sdk_3.5.2/components/device/silabs/si91x/mcu/drivers/peripheral_drivers/src/rsi_adc.o
                0x08205488                check_power_two
 .text.roundupto_pwr2
                0x0820549a       0x1e ./wiseconnect3_sdk_3.5.2/components/device/silabs/si91x/mcu/drivers/peripheral_drivers/src/rsi_adc.o
                0x0820549a                roundupto_pwr2
 .text.config_ch_freq
                0x082054b8      0x1a8 ./wiseconnect3_sdk_3.5.2/components/device/silabs/si91x/mcu/drivers/peripheral_drivers/src/rsi_adc.o
 .text.max_sample_rate_achive
                0x08205660       0x30 ./wiseconnect3_sdk_3.5.2/components/device/silabs/si91x/mcu/drivers/peripheral_drivers/src/rsi_adc.o
                0x08205660                max_sample_rate_achive
 .text.get_min_sampling_time
                0x08205690      0x2a0 ./wiseconnect3_sdk_3.5.2/components/device/silabs/si91x/mcu/drivers/peripheral_drivers/src/rsi_adc.o
                0x08205690                get_min_sampling_time
 .text.ADC_PinMux
                0x08205930      0x39c ./wiseconnect3_sdk_3.5.2/components/device/silabs/si91x/mcu/drivers/peripheral_drivers/src/rsi_adc.o
                0x08205930                ADC_PinMux
 .text.RSI_ADC_PingPongMemoryAdrConfig
                0x08205ccc       0xe0 ./wiseconnect3_sdk_3.5.2/components/device/silabs/si91x/mcu/drivers/peripheral_drivers/src/rsi_adc.o
                0x08205ccc                RSI_ADC_PingPongMemoryAdrConfig
 .text.RSI_ADC_PingPongReInit
                0x08205dac       0x60 ./wiseconnect3_sdk_3.5.2/components/device/silabs/si91x/mcu/drivers/peripheral_drivers/src/rsi_adc.o
                0x08205dac                RSI_ADC_PingPongReInit
 .text.RSI_ADC_Calibration
                0x08205e0c       0xb8 ./wiseconnect3_sdk_3.5.2/components/device/silabs/si91x/mcu/drivers/peripheral_drivers/src/rsi_adc.o
                0x08205e0c                RSI_ADC_Calibration
 .text.ADC_Init
                0x08205ec4      0x140 ./wiseconnect3_sdk_3.5.2/components/device/silabs/si91x/mcu/drivers/peripheral_drivers/src/rsi_adc.o
                0x08205ec4                ADC_Init
 .text.ADC_Per_Channel_Init
                0x08206004      0x144 ./wiseconnect3_sdk_3.5.2/components/device/silabs/si91x/mcu/drivers/peripheral_drivers/src/rsi_adc.o
                0x08206004                ADC_Per_Channel_Init
 .text.RSI_ADC_PingpongEnable
                0x08206148       0x28 ./wiseconnect3_sdk_3.5.2/components/device/silabs/si91x/mcu/drivers/peripheral_drivers/src/rsi_adc.o
                0x08206148                RSI_ADC_PingpongEnable
 .text.RSI_ADC_InternalPerChnlDmaEnable
                0x08206170       0x2a ./wiseconnect3_sdk_3.5.2/components/device/silabs/si91x/mcu/drivers/peripheral_drivers/src/rsi_adc.o
                0x08206170                RSI_ADC_InternalPerChnlDmaEnable
 .text.RSI_ADC_ChannelConfig
                0x0820619a       0x68 ./wiseconnect3_sdk_3.5.2/components/device/silabs/si91x/mcu/drivers/peripheral_drivers/src/rsi_adc.o
                0x0820619a                RSI_ADC_ChannelConfig
 *fill*         0x08206202        0x2 
 .text.RSI_ADC_Stop
                0x08206204       0x2c ./wiseconnect3_sdk_3.5.2/components/device/silabs/si91x/mcu/drivers/peripheral_drivers/src/rsi_adc.o
                0x08206204                RSI_ADC_Stop
 .text.ADC_Stop
                0x08206230       0x10 ./wiseconnect3_sdk_3.5.2/components/device/silabs/si91x/mcu/drivers/peripheral_drivers/src/rsi_adc.o
                0x08206230                ADC_Stop
 .text.RSI_ADC_ChnlEnable
                0x08206240       0x40 ./wiseconnect3_sdk_3.5.2/components/device/silabs/si91x/mcu/drivers/peripheral_drivers/src/rsi_adc.o
                0x08206240                RSI_ADC_ChnlEnable
 .text.RSI_ADC_ClkDivfactor
                0x08206280       0x34 ./wiseconnect3_sdk_3.5.2/components/device/silabs/si91x/mcu/drivers/peripheral_drivers/src/rsi_adc.o
                0x08206280                RSI_ADC_ClkDivfactor
 .text.RSI_ADC_ChnlIntrUnMask
                0x082062b4       0x58 ./wiseconnect3_sdk_3.5.2/components/device/silabs/si91x/mcu/drivers/peripheral_drivers/src/rsi_adc.o
                0x082062b4                RSI_ADC_ChnlIntrUnMask
 .text.RSI_ADC_ChnlIntrClr
                0x0820630c       0x36 ./wiseconnect3_sdk_3.5.2/components/device/silabs/si91x/mcu/drivers/peripheral_drivers/src/rsi_adc.o
                0x0820630c                RSI_ADC_ChnlIntrClr
 *fill*         0x08206342        0x2 
 .text.RSI_ADC_PowerControl
                0x08206344       0x54 ./wiseconnect3_sdk_3.5.2/components/device/silabs/si91x/mcu/drivers/peripheral_drivers/src/rsi_adc.o
                0x08206344                RSI_ADC_PowerControl
 .text.ADC_Deinit
                0x08206398       0x3c ./wiseconnect3_sdk_3.5.2/components/device/silabs/si91x/mcu/drivers/peripheral_drivers/src/rsi_adc.o
                0x08206398                ADC_Deinit
 .text.RSI_ADC_NoiseAvgMode
                0x082063d4       0x20 ./wiseconnect3_sdk_3.5.2/components/device/silabs/si91x/mcu/drivers/peripheral_drivers/src/rsi_adc.o
                0x082063d4                RSI_ADC_NoiseAvgMode
 .text.ADC_ChannelConfig
                0x082063f4      0x338 ./wiseconnect3_sdk_3.5.2/components/device/silabs/si91x/mcu/drivers/peripheral_drivers/src/rsi_adc.o
                0x082063f4                ADC_ChannelConfig
 .text.ADC_Per_ChannelConfig
                0x0820672c      0x394 ./wiseconnect3_sdk_3.5.2/components/device/silabs/si91x/mcu/drivers/peripheral_drivers/src/rsi_adc.o
                0x0820672c                ADC_Per_ChannelConfig
 .text.RSI_ADC_TempSensorEnable
                0x08206ac0       0x10 ./wiseconnect3_sdk_3.5.2/components/device/silabs/si91x/mcu/drivers/peripheral_drivers/src/rsi_adc.o
                0x08206ac0                RSI_ADC_TempSensorEnable
 .text.RSI_ADC_InterruptHandler
                0x08206ad0       0xf4 ./wiseconnect3_sdk_3.5.2/components/device/silabs/si91x/mcu/drivers/peripheral_drivers/src/rsi_adc.o
                0x08206ad0                RSI_ADC_InterruptHandler
 .text.IRQ011_Handler
                0x08206bc4        0xc ./wiseconnect3_sdk_3.5.2/components/device/silabs/si91x/mcu/drivers/peripheral_drivers/src/rsi_adc.o
                0x08206bc4                IRQ011_Handler
 .text.RSI_ADC_GainOffsetCal
                0x08206bd0       0x6c ./wiseconnect3_sdk_3.5.2/components/device/silabs/si91x/mcu/drivers/peripheral_drivers/src/rsi_adc.o
                0x08206bd0                RSI_ADC_GainOffsetCal
 .text.RSI_ADC_ReadDataStatic
                0x08206c3c       0x14 ./wiseconnect3_sdk_3.5.2/components/device/silabs/si91x/mcu/drivers/peripheral_drivers/src/rsi_adc.o
                0x08206c3c                RSI_ADC_ReadDataStatic
 .text.RSI_DAC_InterruptMask
                0x08206c50       0x1e ./wiseconnect3_sdk_3.5.2/components/device/silabs/si91x/mcu/drivers/peripheral_drivers/src/rsi_dac.o
                0x08206c50                RSI_DAC_InterruptMask
 *fill*         0x08206c6e        0x2 
 .text.RSI_EGPIO_SetPin
                0x08206c70       0x14 ./wiseconnect3_sdk_3.5.2/components/device/silabs/si91x/mcu/drivers/peripheral_drivers/src/rsi_gspi.o
 .text.RSI_EGPIO_SetPinMux
                0x08206c84       0x14 ./wiseconnect3_sdk_3.5.2/components/device/silabs/si91x/mcu/drivers/peripheral_drivers/src/rsi_gspi.o
 .text.RSI_EGPIO_HostPadsGpioModeEnable
                0x08206c98       0x10 ./wiseconnect3_sdk_3.5.2/components/device/silabs/si91x/mcu/drivers/peripheral_drivers/src/rsi_gspi.o
 .text.RSI_EGPIO_PadSelectionEnable
                0x08206ca8       0x10 ./wiseconnect3_sdk_3.5.2/components/device/silabs/si91x/mcu/drivers/peripheral_drivers/src/rsi_gspi.o
 .text.RSI_EGPIO_PadReceiverEnable
                0x08206cb8       0x10 ./wiseconnect3_sdk_3.5.2/components/device/silabs/si91x/mcu/drivers/peripheral_drivers/src/rsi_gspi.o
 .text.RSI_EGPIO_UlpPadReceiverEnable
                0x08206cc8       0x10 ./wiseconnect3_sdk_3.5.2/components/device/silabs/si91x/mcu/drivers/peripheral_drivers/src/rsi_gspi.o
 .text.GSPI_Convert_Data_Width_To_Bytes
                0x08206cd8       0x14 ./wiseconnect3_sdk_3.5.2/components/device/silabs/si91x/mcu/drivers/peripheral_drivers/src/rsi_gspi.o
 .text.GSPI_Initialize
                0x08206cec      0x294 ./wiseconnect3_sdk_3.5.2/components/device/silabs/si91x/mcu/drivers/peripheral_drivers/src/rsi_gspi.o
                0x08206cec                GSPI_Initialize
 .text.GSPI_Uninitialize
                0x08206f80       0x50 ./wiseconnect3_sdk_3.5.2/components/device/silabs/si91x/mcu/drivers/peripheral_drivers/src/rsi_gspi.o
                0x08206f80                GSPI_Uninitialize
 .text.GSPI_PowerControl
                0x08206fd0       0xcc ./wiseconnect3_sdk_3.5.2/components/device/silabs/si91x/mcu/drivers/peripheral_drivers/src/rsi_gspi.o
                0x08206fd0                GSPI_PowerControl
 .text.GSPI_Write_Dummy_Byte
                0x0820709c      0x168 ./wiseconnect3_sdk_3.5.2/components/device/silabs/si91x/mcu/drivers/peripheral_drivers/src/rsi_gspi.o
                0x0820709c                GSPI_Write_Dummy_Byte
 .text.GSPI_Control
                0x08207204      0x2f4 ./wiseconnect3_sdk_3.5.2/components/device/silabs/si91x/mcu/drivers/peripheral_drivers/src/rsi_gspi.o
                0x08207204                GSPI_Control
 .text.GSPI_Send
                0x082074f8      0x170 ./wiseconnect3_sdk_3.5.2/components/device/silabs/si91x/mcu/drivers/peripheral_drivers/src/rsi_gspi.o
                0x082074f8                GSPI_Send
 .text.GSPI_Receive
                0x08207668      0x200 ./wiseconnect3_sdk_3.5.2/components/device/silabs/si91x/mcu/drivers/peripheral_drivers/src/rsi_gspi.o
                0x08207668                GSPI_Receive
 .text.GSPI_Transfer
                0x08207868      0x224 ./wiseconnect3_sdk_3.5.2/components/device/silabs/si91x/mcu/drivers/peripheral_drivers/src/rsi_gspi.o
                0x08207868                GSPI_Transfer
 .text.GSPI_GetDataCount
                0x08207a8c       0x12 ./wiseconnect3_sdk_3.5.2/components/device/silabs/si91x/mcu/drivers/peripheral_drivers/src/rsi_gspi.o
                0x08207a8c                GSPI_GetDataCount
 .text.GSPI_UDMA_Tx_Event
                0x08207a9e       0x36 ./wiseconnect3_sdk_3.5.2/components/device/silabs/si91x/mcu/drivers/peripheral_drivers/src/rsi_gspi.o
                0x08207a9e                GSPI_UDMA_Tx_Event
 .text.GSPI_UDMA_Rx_Event
                0x08207ad4       0x2c ./wiseconnect3_sdk_3.5.2/components/device/silabs/si91x/mcu/drivers/peripheral_drivers/src/rsi_gspi.o
                0x08207ad4                GSPI_UDMA_Rx_Event
 .text.GSPI_IRQHandler
                0x08207b00      0x130 ./wiseconnect3_sdk_3.5.2/components/device/silabs/si91x/mcu/drivers/peripheral_drivers/src/rsi_gspi.o
                0x08207b00                GSPI_IRQHandler
 .text.GSPI_GetStatus
                0x08207c30       0x1e ./wiseconnect3_sdk_3.5.2/components/device/silabs/si91x/mcu/drivers/peripheral_drivers/src/rsi_gspi.o
                0x08207c30                GSPI_GetStatus
 .text.RSI_OPAMP1_Config
                0x08207c4e       0xc6 ./wiseconnect3_sdk_3.5.2/components/device/silabs/si91x/mcu/drivers/peripheral_drivers/src/rsi_opamp.o
                0x08207c4e                RSI_OPAMP1_Config
 .text.RSI_EGPIO_SetPinMux
                0x08207d14       0x14 ./wiseconnect3_sdk_3.5.2/components/device/silabs/si91x/mcu/drivers/peripheral_drivers/src/rsi_usart.o
 .text.RSI_EGPIO_UlpSocGpioMode.constprop.0
                0x08207d28       0x18 ./wiseconnect3_sdk_3.5.2/components/device/silabs/si91x/mcu/drivers/peripheral_drivers/src/rsi_usart.o
 .text.configure_usart_gpio_pin
                0x08207d40      0x1ac ./wiseconnect3_sdk_3.5.2/components/device/silabs/si91x/mcu/drivers/peripheral_drivers/src/rsi_usart.o
 .text.UartIrqHandler
                0x08207eec      0x200 ./wiseconnect3_sdk_3.5.2/components/device/silabs/si91x/mcu/drivers/peripheral_drivers/src/rsi_usart.o
                0x08207eec                UartIrqHandler
 .text.USART_UDMA_Tx_Event
                0x082080ec       0x58 ./wiseconnect3_sdk_3.5.2/components/device/silabs/si91x/mcu/drivers/peripheral_drivers/src/rsi_usart.o
                0x082080ec                USART_UDMA_Tx_Event
 .text.USART_UDMA_Rx_Event
                0x08208144       0x7c ./wiseconnect3_sdk_3.5.2/components/device/silabs/si91x/mcu/drivers/peripheral_drivers/src/rsi_usart.o
                0x08208144                USART_UDMA_Rx_Event
 .text.USART_SetBaudrate
                0x082081c0       0x50 ./wiseconnect3_sdk_3.5.2/components/device/silabs/si91x/mcu/drivers/peripheral_drivers/src/rsi_usart.o
                0x082081c0                USART_SetBaudrate
 .text.USART_Initialize
                0x08208210      0x118 ./wiseconnect3_sdk_3.5.2/components/device/silabs/si91x/mcu/drivers/peripheral_drivers/src/rsi_usart.o
                0x08208210                USART_Initialize
 .text.USART_Uninitialize
                0x08208328       0xc0 ./wiseconnect3_sdk_3.5.2/components/device/silabs/si91x/mcu/drivers/peripheral_drivers/src/rsi_usart.o
                0x08208328                USART_Uninitialize
 .text.USART_PowerControl
                0x082083e8      0x168 ./wiseconnect3_sdk_3.5.2/components/device/silabs/si91x/mcu/drivers/peripheral_drivers/src/rsi_usart.o
                0x082083e8                USART_PowerControl
 .text.USART_Send_Data
                0x08208550      0x12c ./wiseconnect3_sdk_3.5.2/components/device/silabs/si91x/mcu/drivers/peripheral_drivers/src/rsi_usart.o
                0x08208550                USART_Send_Data
 .text.USART_Receive_Data
                0x0820867c      0x10c ./wiseconnect3_sdk_3.5.2/components/device/silabs/si91x/mcu/drivers/peripheral_drivers/src/rsi_usart.o
                0x0820867c                USART_Receive_Data
 .text.USART_Transfer
                0x08208788       0x72 ./wiseconnect3_sdk_3.5.2/components/device/silabs/si91x/mcu/drivers/peripheral_drivers/src/rsi_usart.o
                0x08208788                USART_Transfer
 .text.USART_GetTxCount
                0x082087fa        0x6 ./wiseconnect3_sdk_3.5.2/components/device/silabs/si91x/mcu/drivers/peripheral_drivers/src/rsi_usart.o
                0x082087fa                USART_GetTxCount
 .text.USART_GetRxCount
                0x08208800        0x6 ./wiseconnect3_sdk_3.5.2/components/device/silabs/si91x/mcu/drivers/peripheral_drivers/src/rsi_usart.o
                0x08208800                USART_GetRxCount
 *fill*         0x08208806        0x2 
 .text.USART_Control
                0x08208808      0x494 ./wiseconnect3_sdk_3.5.2/components/device/silabs/si91x/mcu/drivers/peripheral_drivers/src/rsi_usart.o
                0x08208808                USART_Control
 .text.USART_GetStatus
                0x08208c9c       0x42 ./wiseconnect3_sdk_3.5.2/components/device/silabs/si91x/mcu/drivers/peripheral_drivers/src/rsi_usart.o
                0x08208c9c                USART_GetStatus
 *fill*         0x08208cde        0x2 
 .text.USART_SetModemControl
                0x08208ce0       0x80 ./wiseconnect3_sdk_3.5.2/components/device/silabs/si91x/mcu/drivers/peripheral_drivers/src/rsi_usart.o
                0x08208ce0                USART_SetModemControl
 .text.USART_GetModemStatus
                0x08208d60       0x60 ./wiseconnect3_sdk_3.5.2/components/device/silabs/si91x/mcu/drivers/peripheral_drivers/src/rsi_usart.o
                0x08208d60                USART_GetModemStatus
 .text.convert_rsi_to_sl_error_code
                0x08208dc0       0x58 ./wiseconnect3_sdk_3.5.2/components/device/silabs/si91x/mcu/drivers/service/clock_manager/src/sl_si91x_clock_manager.o
 .text.RSI_CLK_IntfPLLTurnOn.isra.0
                0x08208e18        0xc ./wiseconnect3_sdk_3.5.2/components/device/silabs/si91x/mcu/drivers/service/clock_manager/src/sl_si91x_clock_manager.o
 .text.RSI_CLK_I2sPllTurnOn.isra.0
                0x08208e24        0xc ./wiseconnect3_sdk_3.5.2/components/device/silabs/si91x/mcu/drivers/service/clock_manager/src/sl_si91x_clock_manager.o
 .text.RSI_CLK_SocPllTurnOn.isra.0
                0x08208e30        0xc ./wiseconnect3_sdk_3.5.2/components/device/silabs/si91x/mcu/drivers/service/clock_manager/src/sl_si91x_clock_manager.o
 .text.sl_si91x_clock_manager_set_pll_freq
                0x08208e3c      0x130 ./wiseconnect3_sdk_3.5.2/components/device/silabs/si91x/mcu/drivers/service/clock_manager/src/sl_si91x_clock_manager.o
                0x08208e3c                sl_si91x_clock_manager_set_pll_freq
 .text.sl_si91x_clock_manager_m4_set_core_clk.part.0
                0x08208f6c       0x8c ./wiseconnect3_sdk_3.5.2/components/device/silabs/si91x/mcu/drivers/service/clock_manager/src/sl_si91x_clock_manager.o
 .text.sl_si91x_clock_manager_init
                0x08208ff8       0x70 ./wiseconnect3_sdk_3.5.2/components/device/silabs/si91x/mcu/drivers/service/clock_manager/src/sl_si91x_clock_manager.o
                0x08208ff8                sl_si91x_clock_manager_init
 .text.sl_si91x_clock_manager_m4_get_core_clk_src_freq
                0x08209068       0x18 ./wiseconnect3_sdk_3.5.2/components/device/silabs/si91x/mcu/drivers/service/clock_manager/src/sl_si91x_clock_manager.o
                0x08209068                sl_si91x_clock_manager_m4_get_core_clk_src_freq
 .text.RSI_BOD_IntrClr
                0x08209080       0x1c ./wiseconnect3_sdk_3.5.2/components/device/silabs/si91x/mcu/drivers/systemlevel/src/rsi_bod.o
                0x08209080                RSI_BOD_IntrClr
 .text.RSI_BOD_SoftTriggerGetBatteryStatus
                0x0820909c       0xc8 ./wiseconnect3_sdk_3.5.2/components/device/silabs/si91x/mcu/drivers/systemlevel/src/rsi_bod.o
                0x0820909c                RSI_BOD_SoftTriggerGetBatteryStatus
 .text.RSI_IPMU_UpdateIpmuCalibData_efuse
                0x08209164      0x300 ./wiseconnect3_sdk_3.5.2/components/device/silabs/si91x/mcu/drivers/systemlevel/src/rsi_ipmu.o
                0x08209164                RSI_IPMU_UpdateIpmuCalibData_efuse
 .text.RSI_Ipmu_Init
                0x08209464        0x4 ./wiseconnect3_sdk_3.5.2/components/device/silabs/si91x/mcu/drivers/systemlevel/src/rsi_ipmu.o
                0x08209464                RSI_Ipmu_Init
 .text.RSI_Configure_Ipmu_Mode
                0x08209468       0x74 ./wiseconnect3_sdk_3.5.2/components/device/silabs/si91x/mcu/drivers/systemlevel/src/rsi_ipmu.o
                0x08209468                RSI_Configure_Ipmu_Mode
 .text.RSI_IPMU_PowerGateSet
                0x082094dc       0x34 ./wiseconnect3_sdk_3.5.2/components/device/silabs/si91x/mcu/drivers/systemlevel/src/rsi_ipmu.o
                0x082094dc                RSI_IPMU_PowerGateSet
 .text.RSI_IPMU_PowerGateClr
                0x08209510       0x4c ./wiseconnect3_sdk_3.5.2/components/device/silabs/si91x/mcu/drivers/systemlevel/src/rsi_ipmu.o
                0x08209510                RSI_IPMU_PowerGateClr
 .text.RSI_IPMU_ClockMuxSel
                0x0820955c       0x40 ./wiseconnect3_sdk_3.5.2/components/device/silabs/si91x/mcu/drivers/systemlevel/src/rsi_ipmu.o
                0x0820955c                RSI_IPMU_ClockMuxSel
 .text.RSI_IPMU_ProgramConfigData
                0x0820959c       0x6e ./wiseconnect3_sdk_3.5.2/components/device/silabs/si91x/mcu/drivers/systemlevel/src/rsi_ipmu.o
                0x0820959c                RSI_IPMU_ProgramConfigData
 .text.RSI_APB_ProgramConfigData
                0x0820960a       0x4a ./wiseconnect3_sdk_3.5.2/components/device/silabs/si91x/mcu/drivers/systemlevel/src/rsi_ipmu.o
                0x0820960a                RSI_APB_ProgramConfigData
 .text.RSI_IPMU_M32rc_OscTrimEfuse
                0x08209654       0x28 ./wiseconnect3_sdk_3.5.2/components/device/silabs/si91x/mcu/drivers/systemlevel/src/rsi_ipmu.o
                0x08209654                RSI_IPMU_M32rc_OscTrimEfuse
 .text.RSI_IPMU_DBLR32M_TrimEfuse
                0x0820967c       0x18 ./wiseconnect3_sdk_3.5.2/components/device/silabs/si91x/mcu/drivers/systemlevel/src/rsi_ipmu.o
                0x0820967c                RSI_IPMU_DBLR32M_TrimEfuse
 .text.RSI_IPMU_M20roOsc_TrimEfuse
                0x08209694       0x28 ./wiseconnect3_sdk_3.5.2/components/device/silabs/si91x/mcu/drivers/systemlevel/src/rsi_ipmu.o
                0x08209694                RSI_IPMU_M20roOsc_TrimEfuse
 .text.RSI_IPMU_RO32khz_TrimEfuse
                0x082096bc       0x18 ./wiseconnect3_sdk_3.5.2/components/device/silabs/si91x/mcu/drivers/systemlevel/src/rsi_ipmu.o
                0x082096bc                RSI_IPMU_RO32khz_TrimEfuse
 .text.RSI_IPMU_RC32khz_TrimEfuse
                0x082096d4       0x18 ./wiseconnect3_sdk_3.5.2/components/device/silabs/si91x/mcu/drivers/systemlevel/src/rsi_ipmu.o
                0x082096d4                RSI_IPMU_RC32khz_TrimEfuse
 .text.RSI_IPMU_Vbg_Tsbjt_Efuse
                0x082096ec        0xc ./wiseconnect3_sdk_3.5.2/components/device/silabs/si91x/mcu/drivers/systemlevel/src/rsi_ipmu.o
                0x082096ec                RSI_IPMU_Vbg_Tsbjt_Efuse
 .text.RSI_IPMU_Auxadcoff_DiffEfuse
                0x082096f8        0xc ./wiseconnect3_sdk_3.5.2/components/device/silabs/si91x/mcu/drivers/systemlevel/src/rsi_ipmu.o
                0x082096f8                RSI_IPMU_Auxadcoff_DiffEfuse
 .text.RSI_IPMU_Auxadcgain_DiffEfuse
                0x08209704        0xc ./wiseconnect3_sdk_3.5.2/components/device/silabs/si91x/mcu/drivers/systemlevel/src/rsi_ipmu.o
                0x08209704                RSI_IPMU_Auxadcgain_DiffEfuse
 .text.RSI_IPMU_Auxadcoff_SeEfuse
                0x08209710        0xc ./wiseconnect3_sdk_3.5.2/components/device/silabs/si91x/mcu/drivers/systemlevel/src/rsi_ipmu.o
                0x08209710                RSI_IPMU_Auxadcoff_SeEfuse
 .text.RSI_IPMU_Auxadcgain_SeEfuse
                0x0820971c        0xc ./wiseconnect3_sdk_3.5.2/components/device/silabs/si91x/mcu/drivers/systemlevel/src/rsi_ipmu.o
                0x0820971c                RSI_IPMU_Auxadcgain_SeEfuse
 .text.RSI_IPMU_Delvbe_Tsbjt_Efuse
                0x08209728        0xc ./wiseconnect3_sdk_3.5.2/components/device/silabs/si91x/mcu/drivers/systemlevel/src/rsi_ipmu.o
                0x08209728                RSI_IPMU_Delvbe_Tsbjt_Efuse
 .text._usdelay
                0x08209734        0x6 ./wiseconnect3_sdk_3.5.2/components/device/silabs/si91x/mcu/drivers/systemlevel/src/rsi_pll.o
 *fill*         0x0820973a        0x2 
 .text.clk_m4_soc_clk_config
                0x0820973c       0xc8 ./wiseconnect3_sdk_3.5.2/components/device/silabs/si91x/mcu/drivers/systemlevel/src/rsi_pll.o
                0x0820973c                clk_m4_soc_clk_config
 .text.ulpss_enable_ref_clks
                0x08209804       0xf8 ./wiseconnect3_sdk_3.5.2/components/device/silabs/si91x/mcu/drivers/systemlevel/src/rsi_pll.o
                0x08209804                ulpss_enable_ref_clks
 .text.clk_m4ss_ref_clk_config
                0x082098fc       0xcc ./wiseconnect3_sdk_3.5.2/components/device/silabs/si91x/mcu/drivers/systemlevel/src/rsi_pll.o
                0x082098fc                clk_m4ss_ref_clk_config
 .text.RSI_SetRegSpiDivision
                0x082099c8       0x18 ./wiseconnect3_sdk_3.5.2/components/device/silabs/si91x/mcu/drivers/systemlevel/src/rsi_ulpss_clk.o
 .text.ulpss_ref_clk_config
                0x082099e0       0xbc ./wiseconnect3_sdk_3.5.2/components/device/silabs/si91x/mcu/drivers/systemlevel/src/rsi_ulpss_clk.o
                0x082099e0                ulpss_ref_clk_config
 .text.ulpss_ulp_proc_clk_config
                0x08209a9c      0x14c ./wiseconnect3_sdk_3.5.2/components/device/silabs/si91x/mcu/drivers/systemlevel/src/rsi_ulpss_clk.o
                0x08209a9c                ulpss_ulp_proc_clk_config
 .text.rsi_d_cache_invalidate_all
                0x08209be8       0x28 ./wiseconnect3_sdk_3.5.2/components/device/silabs/si91x/mcu/drivers/unified_api/src/rsi_d_cache.o
                0x08209be8                rsi_d_cache_invalidate_all
 .text.convert_rsi_to_sl_error_code
                0x08209c10       0x58 ./wiseconnect3_sdk_3.5.2/components/device/silabs/si91x/mcu/drivers/unified_api/src/sl_si91x_adc.o
 .text.validate_adc_parameters
                0x08209c68       0x18 ./wiseconnect3_sdk_3.5.2/components/device/silabs/si91x/mcu/drivers/unified_api/src/sl_si91x_adc.o
 .text.validate_adc_channel_parameters
                0x08209c80       0xa4 ./wiseconnect3_sdk_3.5.2/components/device/silabs/si91x/mcu/drivers/unified_api/src/sl_si91x_adc.o
 .text.callback_event_handler
                0x08209d24       0x14 ./wiseconnect3_sdk_3.5.2/components/device/silabs/si91x/mcu/drivers/unified_api/src/sl_si91x_adc.o
 .text.sl_si91x_adc_get_chip_voltage
                0x08209d38       0x34 ./wiseconnect3_sdk_3.5.2/components/device/silabs/si91x/mcu/drivers/unified_api/src/sl_si91x_adc.o
                0x08209d38                sl_si91x_adc_get_chip_voltage
 .text.sl_si91x_adc_init
                0x08209d6c       0xfc ./wiseconnect3_sdk_3.5.2/components/device/silabs/si91x/mcu/drivers/unified_api/src/sl_si91x_adc.o
                0x08209d6c                sl_si91x_adc_init
 .text.sl_si91x_adc_set_channel_configuration
                0x08209e68       0x70 ./wiseconnect3_sdk_3.5.2/components/device/silabs/si91x/mcu/drivers/unified_api/src/sl_si91x_adc.o
                0x08209e68                sl_si91x_adc_set_channel_configuration
 .text.sl_si91x_adc_register_event_callback
                0x08209ed8       0x1c ./wiseconnect3_sdk_3.5.2/components/device/silabs/si91x/mcu/drivers/unified_api/src/sl_si91x_adc.o
                0x08209ed8                sl_si91x_adc_register_event_callback
 .text.sl_si91x_adc_temperature_sensor_enable
                0x08209ef4       0x14 ./wiseconnect3_sdk_3.5.2/components/device/silabs/si91x/mcu/drivers/unified_api/src/sl_si91x_adc.o
                0x08209ef4                sl_si91x_adc_temperature_sensor_enable
 .text.sl_si91x_adc_start
                0x08209f08       0x1e ./wiseconnect3_sdk_3.5.2/components/device/silabs/si91x/mcu/drivers/unified_api/src/sl_si91x_adc.o
                0x08209f08                sl_si91x_adc_start
 .text.sl_si91x_adc_stop
                0x08209f26       0x1e ./wiseconnect3_sdk_3.5.2/components/device/silabs/si91x/mcu/drivers/unified_api/src/sl_si91x_adc.o
                0x08209f26                sl_si91x_adc_stop
 .text.sl_si91x_adc_deinit
                0x08209f44       0x28 ./wiseconnect3_sdk_3.5.2/components/device/silabs/si91x/mcu/drivers/unified_api/src/sl_si91x_adc.o
                0x08209f44                sl_si91x_adc_deinit
 .text.callback_event
                0x08209f6c       0x10 ./wiseconnect3_sdk_3.5.2/components/device/silabs/si91x/mcu/drivers/unified_api/src/sl_si91x_bjt_temperature_sensor.o
 .text.validate_bjt_channel_parameters
                0x08209f7c       0x28 ./wiseconnect3_sdk_3.5.2/components/device/silabs/si91x/mcu/drivers/unified_api/src/sl_si91x_bjt_temperature_sensor.o
 .text.sl_si91x_bjt_temperature_sensor_init
                0x08209fa4       0x8c ./wiseconnect3_sdk_3.5.2/components/device/silabs/si91x/mcu/drivers/unified_api/src/sl_si91x_bjt_temperature_sensor.o
                0x08209fa4                sl_si91x_bjt_temperature_sensor_init
 .text.sl_si91x_bjt_temperature_sensor_bg_set_channel_configuration
                0x0820a030       0x68 ./wiseconnect3_sdk_3.5.2/components/device/silabs/si91x/mcu/drivers/unified_api/src/sl_si91x_bjt_temperature_sensor.o
                0x0820a030                sl_si91x_bjt_temperature_sensor_bg_set_channel_configuration
 .text.sl_si91x_bjt_temperature_sensor_set_channel_configuration
                0x0820a098       0x4c ./wiseconnect3_sdk_3.5.2/components/device/silabs/si91x/mcu/drivers/unified_api/src/sl_si91x_bjt_temperature_sensor.o
                0x0820a098                sl_si91x_bjt_temperature_sensor_set_channel_configuration
 .text.sl_si91x_bjt_temperature_sensor_read_data
                0x0820a0e4      0x160 ./wiseconnect3_sdk_3.5.2/components/device/silabs/si91x/mcu/drivers/unified_api/src/sl_si91x_bjt_temperature_sensor.o
                0x0820a0e4                sl_si91x_bjt_temperature_sensor_read_data
 .text.sl_si91x_bjt_temperature_sensor_deinit
                0x0820a244       0x44 ./wiseconnect3_sdk_3.5.2/components/device/silabs/si91x/mcu/drivers/unified_api/src/sl_si91x_bjt_temperature_sensor.o
                0x0820a244                sl_si91x_bjt_temperature_sensor_deinit
 .text.IRQ034_Handler
                0x0820a288       0x78 ./wiseconnect3_sdk_3.5.2/components/device/silabs/si91x/mcu/drivers/unified_api/src/sl_si91x_config_timer.o
                0x0820a288                IRQ034_Handler
 .text.UDMAx_DMAEnable
                0x0820a300        0xc ./wiseconnect3_sdk_3.5.2/components/device/silabs/si91x/mcu/drivers/unified_api/src/sl_si91x_dma.o
 .text.dma_internal_callback
                0x0820a30c       0x30 ./wiseconnect3_sdk_3.5.2/components/device/silabs/si91x/mcu/drivers/unified_api/src/sl_si91x_dma.o
 .text.ulp_dma_internal_callback
                0x0820a33c       0x30 ./wiseconnect3_sdk_3.5.2/components/device/silabs/si91x/mcu/drivers/unified_api/src/sl_si91x_dma.o
 .text.sl_si91x_dma_init
                0x0820a36c       0x70 ./wiseconnect3_sdk_3.5.2/components/device/silabs/si91x/mcu/drivers/unified_api/src/sl_si91x_dma.o
                0x0820a36c                sl_si91x_dma_init
 .text.sl_si91x_dma_allocate_channel
                0x0820a3dc       0xdc ./wiseconnect3_sdk_3.5.2/components/device/silabs/si91x/mcu/drivers/unified_api/src/sl_si91x_dma.o
                0x0820a3dc                sl_si91x_dma_allocate_channel
 .text.sl_si91x_dma_register_callbacks
                0x0820a4b8       0x5c ./wiseconnect3_sdk_3.5.2/components/device/silabs/si91x/mcu/drivers/unified_api/src/sl_si91x_dma.o
                0x0820a4b8                sl_si91x_dma_register_callbacks
 .text.sl_si91x_dma_unregister_callbacks
                0x0820a514       0x88 ./wiseconnect3_sdk_3.5.2/components/device/silabs/si91x/mcu/drivers/unified_api/src/sl_si91x_dma.o
                0x0820a514                sl_si91x_dma_unregister_callbacks
 .text.sl_si91x_dma_transfer
                0x0820a59c      0x278 ./wiseconnect3_sdk_3.5.2/components/device/silabs/si91x/mcu/drivers/unified_api/src/sl_si91x_dma.o
                0x0820a59c                sl_si91x_dma_transfer
 .text.sl_si91x_dma_stop_transfer
                0x0820a814       0x38 ./wiseconnect3_sdk_3.5.2/components/device/silabs/si91x/mcu/drivers/unified_api/src/sl_si91x_dma.o
                0x0820a814                sl_si91x_dma_stop_transfer
 .text.sl_si91x_dma_channel_enable
                0x0820a84c       0x38 ./wiseconnect3_sdk_3.5.2/components/device/silabs/si91x/mcu/drivers/unified_api/src/sl_si91x_dma.o
                0x0820a84c                sl_si91x_dma_channel_enable
 .text.sl_si91x_dma_channel_disable
                0x0820a884        0x4 ./wiseconnect3_sdk_3.5.2/components/device/silabs/si91x/mcu/drivers/unified_api/src/sl_si91x_dma.o
                0x0820a884                sl_si91x_dma_channel_disable
 .text.sl_si91x_dma_enable
                0x0820a888       0x30 ./wiseconnect3_sdk_3.5.2/components/device/silabs/si91x/mcu/drivers/unified_api/src/sl_si91x_dma.o
                0x0820a888                sl_si91x_dma_enable
 .text.sl_gpio_clear_interrupts
                0x0820a8b8       0x14 ./wiseconnect3_sdk_3.5.2/components/device/silabs/si91x/mcu/drivers/unified_api/src/sl_si91x_driver_gpio.o
 .text.sl_si91x_gpio_driver_enable_pad_receiver
                0x0820a8cc       0x12 ./wiseconnect3_sdk_3.5.2/components/device/silabs/si91x/mcu/drivers/unified_api/src/sl_si91x_driver_gpio.o
                0x0820a8cc                sl_si91x_gpio_driver_enable_pad_receiver
 .text.sl_si91x_gpio_driver_enable_pad_selection
                0x0820a8de       0x12 ./wiseconnect3_sdk_3.5.2/components/device/silabs/si91x/mcu/drivers/unified_api/src/sl_si91x_driver_gpio.o
                0x0820a8de                sl_si91x_gpio_driver_enable_pad_selection
 .text.sl_si91x_gpio_driver_enable_host_pad_selection
                0x0820a8f0       0x16 ./wiseconnect3_sdk_3.5.2/components/device/silabs/si91x/mcu/drivers/unified_api/src/sl_si91x_driver_gpio.o
                0x0820a8f0                sl_si91x_gpio_driver_enable_host_pad_selection
 .text.sl_si91x_gpio_driver_select_pad_driver_strength
                0x0820a906       0x16 ./wiseconnect3_sdk_3.5.2/components/device/silabs/si91x/mcu/drivers/unified_api/src/sl_si91x_driver_gpio.o
                0x0820a906                sl_si91x_gpio_driver_select_pad_driver_strength
 .text.sl_si91x_gpio_driver_select_pad_driver_disable_state
                0x0820a91c       0x16 ./wiseconnect3_sdk_3.5.2/components/device/silabs/si91x/mcu/drivers/unified_api/src/sl_si91x_driver_gpio.o
                0x0820a91c                sl_si91x_gpio_driver_select_pad_driver_disable_state
 .text.sl_si91x_gpio_driver_clear_group_interrupt
                0x0820a932       0x12 ./wiseconnect3_sdk_3.5.2/components/device/silabs/si91x/mcu/drivers/unified_api/src/sl_si91x_driver_gpio.o
                0x0820a932                sl_si91x_gpio_driver_clear_group_interrupt
 .text.sl_si91x_gpio_driver_enable_ulp_pad_receiver
                0x0820a944       0x12 ./wiseconnect3_sdk_3.5.2/components/device/silabs/si91x/mcu/drivers/unified_api/src/sl_si91x_driver_gpio.o
                0x0820a944                sl_si91x_gpio_driver_enable_ulp_pad_receiver
 .text.sl_si91x_gpio_driver_set_uulp_npss_pin_mux
                0x0820a956       0x16 ./wiseconnect3_sdk_3.5.2/components/device/silabs/si91x/mcu/drivers/unified_api/src/sl_si91x_driver_gpio.o
                0x0820a956                sl_si91x_gpio_driver_set_uulp_npss_pin_mux
 .text.sl_si91x_gpio_driver_select_uulp_npss_receiver
                0x0820a96c       0x16 ./wiseconnect3_sdk_3.5.2/components/device/silabs/si91x/mcu/drivers/unified_api/src/sl_si91x_driver_gpio.o
                0x0820a96c                sl_si91x_gpio_driver_select_uulp_npss_receiver
 .text.sl_si91x_gpio_driver_clear_uulp_interrupt
                0x0820a982       0x12 ./wiseconnect3_sdk_3.5.2/components/device/silabs/si91x/mcu/drivers/unified_api/src/sl_si91x_driver_gpio.o
                0x0820a982                sl_si91x_gpio_driver_clear_uulp_interrupt
 .text.sl_si91x_gpio_driver_clear_ulp_interrupt
                0x0820a994       0x12 ./wiseconnect3_sdk_3.5.2/components/device/silabs/si91x/mcu/drivers/unified_api/src/sl_si91x_driver_gpio.o
                0x0820a994                sl_si91x_gpio_driver_clear_ulp_interrupt
 .text.sl_si91x_gpio_driver_clear_ulp_group_interrupt
                0x0820a9a6       0x12 ./wiseconnect3_sdk_3.5.2/components/device/silabs/si91x/mcu/drivers/unified_api/src/sl_si91x_driver_gpio.o
                0x0820a9a6                sl_si91x_gpio_driver_clear_ulp_group_interrupt
 .text.sl_gpio_driver_init
                0x0820a9b8       0x9c ./wiseconnect3_sdk_3.5.2/components/device/silabs/si91x/mcu/drivers/unified_api/src/sl_si91x_driver_gpio.o
                0x0820a9b8                sl_gpio_driver_init
 .text.IRQ052_Handler
                0x0820aa54       0x18 ./wiseconnect3_sdk_3.5.2/components/device/silabs/si91x/mcu/drivers/unified_api/src/sl_si91x_driver_gpio.o
                0x0820aa54                IRQ052_Handler
 .text.IRQ053_Handler
                0x0820aa6c       0x18 ./wiseconnect3_sdk_3.5.2/components/device/silabs/si91x/mcu/drivers/unified_api/src/sl_si91x_driver_gpio.o
                0x0820aa6c                IRQ053_Handler
 .text.IRQ054_Handler
                0x0820aa84       0x18 ./wiseconnect3_sdk_3.5.2/components/device/silabs/si91x/mcu/drivers/unified_api/src/sl_si91x_driver_gpio.o
                0x0820aa84                IRQ054_Handler
 .text.IRQ055_Handler
                0x0820aa9c       0x18 ./wiseconnect3_sdk_3.5.2/components/device/silabs/si91x/mcu/drivers/unified_api/src/sl_si91x_driver_gpio.o
                0x0820aa9c                IRQ055_Handler
 .text.IRQ056_Handler
                0x0820aab4       0x18 ./wiseconnect3_sdk_3.5.2/components/device/silabs/si91x/mcu/drivers/unified_api/src/sl_si91x_driver_gpio.o
                0x0820aab4                IRQ056_Handler
 .text.IRQ057_Handler
                0x0820aacc       0x18 ./wiseconnect3_sdk_3.5.2/components/device/silabs/si91x/mcu/drivers/unified_api/src/sl_si91x_driver_gpio.o
                0x0820aacc                IRQ057_Handler
 .text.IRQ058_Handler
                0x0820aae4       0x18 ./wiseconnect3_sdk_3.5.2/components/device/silabs/si91x/mcu/drivers/unified_api/src/sl_si91x_driver_gpio.o
                0x0820aae4                IRQ058_Handler
 .text.IRQ059_Handler
                0x0820aafc       0x18 ./wiseconnect3_sdk_3.5.2/components/device/silabs/si91x/mcu/drivers/unified_api/src/sl_si91x_driver_gpio.o
                0x0820aafc                IRQ059_Handler
 .text.IRQ050_Handler
                0x0820ab14       0x18 ./wiseconnect3_sdk_3.5.2/components/device/silabs/si91x/mcu/drivers/unified_api/src/sl_si91x_driver_gpio.o
                0x0820ab14                IRQ050_Handler
 .text.IRQ051_Handler
                0x0820ab2c       0x18 ./wiseconnect3_sdk_3.5.2/components/device/silabs/si91x/mcu/drivers/unified_api/src/sl_si91x_driver_gpio.o
                0x0820ab2c                IRQ051_Handler
 .text.IRQ021_Handler
                0x0820ab44       0x68 ./wiseconnect3_sdk_3.5.2/components/device/silabs/si91x/mcu/drivers/unified_api/src/sl_si91x_driver_gpio.o
                0x0820ab44                IRQ021_Handler
 .text.IRQ018_Handler
                0x0820abac       0xa4 ./wiseconnect3_sdk_3.5.2/components/device/silabs/si91x/mcu/drivers/unified_api/src/sl_si91x_driver_gpio.o
                0x0820abac                IRQ018_Handler
 .text.IRQ019_Handler
                0x0820ac50       0x3c ./wiseconnect3_sdk_3.5.2/components/device/silabs/si91x/mcu/drivers/unified_api/src/sl_si91x_driver_gpio.o
                0x0820ac50                IRQ019_Handler
 .text.sl_si91x_gpio_validate_soc_peri_on_ulp_gpio
                0x0820ac8c       0x18 ./wiseconnect3_sdk_3.5.2/components/device/silabs/si91x/mcu/drivers/unified_api/src/sl_si91x_driver_gpio.o
                0x0820ac8c                sl_si91x_gpio_validate_soc_peri_on_ulp_gpio
 .text.sl_gpio_validation
                0x0820aca4       0x3e ./wiseconnect3_sdk_3.5.2/components/device/silabs/si91x/mcu/drivers/unified_api/src/sl_si91x_driver_gpio.o
 .text.sl_gpio_driver_set_pin_mode
                0x0820ace2       0x30 ./wiseconnect3_sdk_3.5.2/components/device/silabs/si91x/mcu/drivers/unified_api/src/sl_si91x_driver_gpio.o
                0x0820ace2                sl_gpio_driver_set_pin_mode
 *fill*         0x0820ad12        0x2 
 .text.sl_gpio_set_configuration
                0x0820ad14       0xdc ./wiseconnect3_sdk_3.5.2/components/device/silabs/si91x/mcu/drivers/unified_api/src/sl_si91x_driver_gpio.o
                0x0820ad14                sl_gpio_set_configuration
 .text.sl_si91x_gpio_driver_set_soc_peri_on_ulp_pin_mode
                0x0820adf0       0x50 ./wiseconnect3_sdk_3.5.2/components/device/silabs/si91x/mcu/drivers/unified_api/src/sl_si91x_driver_gpio.o
                0x0820adf0                sl_si91x_gpio_driver_set_soc_peri_on_ulp_pin_mode
 .text.sl_si91x_gpio_driver_set_ulp_peri_on_soc_pin_mode
                0x0820ae40      0x144 ./wiseconnect3_sdk_3.5.2/components/device/silabs/si91x/mcu/drivers/unified_api/src/sl_si91x_driver_gpio.o
                0x0820ae40                sl_si91x_gpio_driver_set_ulp_peri_on_soc_pin_mode
 .text.convert_arm_to_sl_error_code
                0x0820af84       0x14 ./wiseconnect3_sdk_3.5.2/components/device/silabs/si91x/mcu/drivers/unified_api/src/sl_si91x_gspi.o
 .text.set_slave_gpio_state.part.0
                0x0820af98       0x18 ./wiseconnect3_sdk_3.5.2/components/device/silabs/si91x/mcu/drivers/unified_api/src/sl_si91x_gspi.o
 .text.callback_event_handler
                0x0820afb0       0x34 ./wiseconnect3_sdk_3.5.2/components/device/silabs/si91x/mcu/drivers/unified_api/src/sl_si91x_gspi.o
 .text.sl_si91x_gspi_init
                0x0820afe4       0x48 ./wiseconnect3_sdk_3.5.2/components/device/silabs/si91x/mcu/drivers/unified_api/src/sl_si91x_gspi.o
                0x0820afe4                sl_si91x_gspi_init
 .text.sl_si91x_gspi_set_configuration
                0x0820b02c       0x90 ./wiseconnect3_sdk_3.5.2/components/device/silabs/si91x/mcu/drivers/unified_api/src/sl_si91x_gspi.o
                0x0820b02c                sl_si91x_gspi_set_configuration
 .text.sl_si91x_gspi_receive_data
                0x0820b0bc       0x3c ./wiseconnect3_sdk_3.5.2/components/device/silabs/si91x/mcu/drivers/unified_api/src/sl_si91x_gspi.o
                0x0820b0bc                sl_si91x_gspi_receive_data
 .text.sl_si91x_gspi_send_data
                0x0820b0f8       0x38 ./wiseconnect3_sdk_3.5.2/components/device/silabs/si91x/mcu/drivers/unified_api/src/sl_si91x_gspi.o
                0x0820b0f8                sl_si91x_gspi_send_data
 .text.sl_si91x_gspi_register_event_callback
                0x0820b130       0x38 ./wiseconnect3_sdk_3.5.2/components/device/silabs/si91x/mcu/drivers/unified_api/src/sl_si91x_gspi.o
                0x0820b130                sl_si91x_gspi_register_event_callback
 .text.get_i2c_base_address
                0x0820b168       0x24 ./wiseconnect3_sdk_3.5.2/components/device/silabs/si91x/mcu/drivers/unified_api/src/sl_si91x_i2c.o
 .text.get_i2c_tick_count.constprop.0
                0x0820b18c       0x44 ./wiseconnect3_sdk_3.5.2/components/device/silabs/si91x/mcu/drivers/unified_api/src/sl_si91x_i2c.o
 .text.RSI_CLK_I2CClkConfig.constprop.0.isra.0
                0x0820b1d0       0x18 ./wiseconnect3_sdk_3.5.2/components/device/silabs/si91x/mcu/drivers/unified_api/src/sl_si91x_i2c.o
 .text.sl_si91x_i2c_disable_interrupts.constprop.0
                0x0820b1e8       0x4c ./wiseconnect3_sdk_3.5.2/components/device/silabs/si91x/mcu/drivers/unified_api/src/sl_si91x_i2c.o
 .text.i2c_handler
                0x0820b234       0x58 ./wiseconnect3_sdk_3.5.2/components/device/silabs/si91x/mcu/drivers/unified_api/src/sl_si91x_i2c.o
 .text.sl_i2c_driver_init
                0x0820b28c      0x140 ./wiseconnect3_sdk_3.5.2/components/device/silabs/si91x/mcu/drivers/unified_api/src/sl_si91x_i2c.o
                0x0820b28c                sl_i2c_driver_init
 .text.sl_i2c_driver_configure_fifo_threshold
                0x0820b3cc       0x32 ./wiseconnect3_sdk_3.5.2/components/device/silabs/si91x/mcu/drivers/unified_api/src/sl_si91x_i2c.o
                0x0820b3cc                sl_i2c_driver_configure_fifo_threshold
 *fill*         0x0820b3fe        0x2 
 .text.sl_i2c_driver_send_data_blocking
                0x0820b400       0xe4 ./wiseconnect3_sdk_3.5.2/components/device/silabs/si91x/mcu/drivers/unified_api/src/sl_si91x_i2c.o
                0x0820b400                sl_i2c_driver_send_data_blocking
 .text.sl_i2c_driver_enable_repeated_start
                0x0820b4e4       0x18 ./wiseconnect3_sdk_3.5.2/components/device/silabs/si91x/mcu/drivers/unified_api/src/sl_si91x_i2c.o
                0x0820b4e4                sl_i2c_driver_enable_repeated_start
 .text.sl_si91x_i2c_pin_init
                0x0820b4fc      0x124 ./wiseconnect3_sdk_3.5.2/components/device/silabs/si91x/mcu/drivers/unified_api/src/sl_si91x_i2c.o
                0x0820b4fc                sl_si91x_i2c_pin_init